Archive member included to satisfy reference by file (symbol)

../../../src/ncp/libopenthread-ncp-mtd.a(libopenthread_ncp_mtd_a-ncp_uart.o)
                              ot_ncp_mtd-main.o (otNcpInit)
../../../src/ncp/libopenthread-ncp-mtd.a(libopenthread_ncp_mtd_a-hdlc.o)
                              ../../../src/ncp/libopenthread-ncp-mtd.a(libopenthread_ncp_mtd_a-ncp_uart.o) (ot::Hdlc::Encoder::Encoder(ot::Hdlc::FrameWritePointer&))
../../../src/ncp/libopenthread-ncp-mtd.a(libopenthread_ncp_mtd_a-ncp_base.o)
                              ../../../src/ncp/libopenthread-ncp-mtd.a(libopenthread_ncp_mtd_a-ncp_uart.o) (ot::Ncp::NcpBase::NcpBase(ot::Instance*))
../../../src/ncp/libopenthread-ncp-mtd.a(libopenthread_ncp_mtd_a-ncp_base_mtd.o)
                              ../../../src/ncp/libopenthread-ncp-mtd.a(libopenthread_ncp_mtd_a-ncp_base.o) (ot::Ncp::NcpBase::CommandHandler_NET_SAVE(unsigned char))
../../../src/ncp/libopenthread-ncp-mtd.a(libopenthread_ncp_mtd_a-ncp_base_dispatcher.o)
                              ../../../src/ncp/libopenthread-ncp-mtd.a(libopenthread_ncp_mtd_a-ncp_base.o) (ot::Ncp::NcpBase::FindGetPropertyHandler(spinel_prop_key_t))
../../../src/ncp/libopenthread-ncp-mtd.a(libopenthread_ncp_mtd_a-ncp_buffer.o)
                              ../../../src/ncp/libopenthread-ncp-mtd.a(libopenthread_ncp_mtd_a-ncp_base.o) (ot::Ncp::NcpFrameBuffer::NcpFrameBuffer(unsigned char*, unsigned short))
../../../src/ncp/libopenthread-ncp-mtd.a(libopenthread_ncp_mtd_a-spinel_decoder.o)
                              ../../../src/ncp/libopenthread-ncp-mtd.a(libopenthread_ncp_mtd_a-ncp_base.o) (ot::Ncp::SpinelDecoder::SpinelDecoder())
../../../src/ncp/libopenthread-ncp-mtd.a(libopenthread_ncp_mtd_a-spinel_encoder.o)
                              ../../../src/ncp/libopenthread-ncp-mtd.a(libopenthread_ncp_mtd_a-ncp_base.o) (ot::Ncp::SpinelEncoder::WriteUint16(unsigned short))
../../../src/ncp/libopenthread-ncp-mtd.a(libopenthread_ncp_mtd_a-changed_props_set.o)
                              ../../../src/ncp/libopenthread-ncp-mtd.a(libopenthread_ncp_mtd_a-ncp_base.o) (ot::Ncp::ChangedPropsSet::GetNumEntries() const)
../../../src/ncp/libopenthread-ncp-mtd.a(libopenthread_ncp_mtd_a-spinel.o)
                              ../../../src/ncp/libopenthread-ncp-mtd.a(libopenthread_ncp_mtd_a-spinel_decoder.o) (spinel_packed_uint_decode)
../../../src/core/libopenthread-mtd.a(libopenthread_mtd_a-dataset_api.o)
                              ../../../src/ncp/libopenthread-ncp-mtd.a(libopenthread_ncp_mtd_a-ncp_base_mtd.o) (otDatasetGetActive)
../../../src/core/libopenthread-mtd.a(libopenthread_mtd_a-icmp6_api.o)
                              ../../../src/ncp/libopenthread-ncp-mtd.a(libopenthread_ncp_mtd_a-ncp_base_mtd.o) (otIcmp6GetEchoMode)
../../../src/core/libopenthread-mtd.a(libopenthread_mtd_a-instance_api.o)
                              ot_ncp_mtd-main.o (otInstanceInitSingle)
../../../src/core/libopenthread-mtd.a(libopenthread_mtd_a-ip6_api.o)
                              ../../../src/ncp/libopenthread-ncp-mtd.a(libopenthread_ncp_mtd_a-ncp_base.o) (otIp6SetEnabled)
../../../src/core/libopenthread-mtd.a(libopenthread_mtd_a-link_api.o)
                              ../../../src/ncp/libopenthread-ncp-mtd.a(libopenthread_ncp_mtd_a-ncp_base.o) (otLinkGetChannel)
../../../src/core/libopenthread-mtd.a(libopenthread_mtd_a-logging_api.o)
                              ../../../src/ncp/libopenthread-ncp-mtd.a(libopenthread_ncp_mtd_a-ncp_base.o) (otLoggingGetLevel)
../../../src/core/libopenthread-mtd.a(libopenthread_mtd_a-message_api.o)
                              ../../../src/ncp/libopenthread-ncp-mtd.a(libopenthread_ncp_mtd_a-ncp_buffer.o) (otMessageFree)
../../../src/core/libopenthread-mtd.a(libopenthread_mtd_a-netdata_api.o)
                              ../../../src/ncp/libopenthread-ncp-mtd.a(libopenthread_ncp_mtd_a-ncp_base_mtd.o) (otNetDataGet)
../../../src/core/libopenthread-mtd.a(libopenthread_mtd_a-tasklet_api.o)
                              ot_ncp_mtd-main.o (otTaskletsProcess)
../../../src/core/libopenthread-mtd.a(libopenthread_mtd_a-thread_api.o)
                              ../../../src/ncp/libopenthread-ncp-mtd.a(libopenthread_ncp_mtd_a-ncp_base_mtd.o) (otThreadGetChildTimeout)
../../../src/core/libopenthread-mtd.a(libopenthread_mtd_a-instance.o)
                              ../../../src/core/libopenthread-mtd.a(libopenthread_mtd_a-instance_api.o) (ot::Instance::Reset())
../../../src/core/libopenthread-mtd.a(libopenthread_mtd_a-locator.o)
                              ../../../src/core/libopenthread-mtd.a(libopenthread_mtd_a-message_api.o) (ot::InstanceLocator::GetIp6() const)
../../../src/core/libopenthread-mtd.a(libopenthread_mtd_a-message.o)
                              ../../../src/core/libopenthread-mtd.a(libopenthread_mtd_a-message_api.o) (ot::MessagePool::GetFreeBufferCount() const)
../../../src/core/libopenthread-mtd.a(libopenthread_mtd_a-notifier.o)
[...]
Memory Configuration

Name             Origin             Length             Attributes
FLASH            0x0000000000200000 0x000000000007c000 xr
FLASH_CCA        0x000000000027ffd4 0x000000000000002c xr
SRAM             0x0000000020000000 0x0000000000008000 xrw
*default*        0x0000000000000000 0xffffffffffffffff

Linker script and memory map

LOAD ot_ncp_mtd-main.o
LOAD ../../../src/ncp/libopenthread-ncp-mtd.a
LOAD ../../../src/core/libopenthread-mtd.a
LOAD ../../../examples/platforms/cc2538/libopenthread-cc2538.a
LOAD ../../../third_party/mbedtls/libmbedcrypto.a
LOAD ../../../src/diag/libopenthread-diag.a
LOAD ../../../src/core/libopenthread-mtd.a
LOAD ../../../examples/platforms/cc2538/libopenthread-cc2538.a
LOAD ../../../third_party/mbedtls/libmbedcrypto.a
LOAD ../../../src/diag/libopenthread-diag.a
START GROUP
LOAD /usr/bin/../lib/gcc/arm-none-eabi/7.3.1/thumb/v7-m/libgcc.a
LOAD /usr/bin/../lib/gcc/arm-none-eabi/7.3.1/../../../../arm-none-eabi/lib/thumb/v7-m/libg_nano.a
LOAD /usr/bin/../lib/gcc/arm-none-eabi/7.3.1/../../../../arm-none-eabi/lib/thumb/v7-m/libc_nano.a
END GROUP
START GROUP
LOAD /usr/bin/../lib/gcc/arm-none-eabi/7.3.1/thumb/v7-m/libgcc.a
LOAD /usr/bin/../lib/gcc/arm-none-eabi/7.3.1/../../../../arm-none-eabi/lib/thumb/v7-m/libc_nano.a
LOAD /usr/bin/../lib/gcc/arm-none-eabi/7.3.1/../../../../arm-none-eabi/lib/thumb/v7-m/libnosys.a
END GROUP
START GROUP
LOAD /usr/bin/../lib/gcc/arm-none-eabi/7.3.1/thumb/v7-m/libgcc.a
LOAD /usr/bin/../lib/gcc/arm-none-eabi/7.3.1/../../../../arm-none-eabi/lib/thumb/v7-m/libc_nano.a
LOAD /usr/bin/../lib/gcc/arm-none-eabi/7.3.1/../../../../arm-none-eabi/lib/thumb/v7-m/libnosys.a
END GROUP
                0x0000000000080000                _512k_bytes = 0x80000
                0x0000000000040000                _256k_bytes = 0x40000
                0x0000000000020000                _128k_bytes = 0x20000
                0x0000000000000800                _FLASH_page_size = 0x800
                0x0000000000080000                _FLASH_size_bytes = _512k_bytes
                0x0000000000000100                _FLASH_n_pages = (_FLASH_size_bytes / _FLASH_page_size)
                0x000000000007e800                _FLASH_usable_size = (_FLASH_size_bytes - (0x3 * _FLASH_page_size))
                0x0000000000200000                _FLASH_start = 0x200000
                0x0000000000280000                _FLASH_end = (_FLASH_start + _FLASH_size_bytes)
                0x000000000027f800                _FLASH_cca_page = (_FLASH_end - (0x1 * _FLASH_page_size))
                0x000000000027f000                _FLASH_settings_pageB = (_FLASH_end - (0x2 * _FLASH_page_size))
                0x000000000027e800                _FLASH_settings_pageA = (_FLASH_end - (0x3 * _FLASH_page_size))
                0x0000000000000001                ASSERT ((_FLASH_start == 0x200000), invalid flash start address for cc2538)
                0x0000000000000001                ASSERT ((_FLASH_cca_page == 0x27f800), invalid cca start address for cc2538)
                0x0000000000000001                ASSERT ((_FLASH_usable_size == 0x7e800), Invalid usable size for this config)

.text           0x0000000000200000    0x1aeeb
                0x0000000000200000                _text = .
 *(.vectors)
 .vectors       0x0000000000200000      0x100 ../../../examples/platforms/cc2538/libopenthread-cc2538.a(libopenthread_cc2538_a-startup-gcc.o)
                0x0000000000200000                vectors
 *(.text*)
 .text.otTaskletsSignalPending
                0x0000000000200100        0x2 ot_ncp_mtd-main.o
                0x0000000000200100                otTaskletsSignalPending
 *fill*         0x0000000000200102        0x2 00000000
 .text.startup.main
                0x0000000000200104       0x54 ot_ncp_mtd-main.o
                0x0000000000200104                main
 .text._ZN2ot3Ncp7NcpUartC2EPNS_8InstanceE
                0x0000000000200158       0x80 ../../../src/ncp/libopenthread-ncp-mtd.a(libopenthread_ncp_mtd_a-ncp_uart.o)
                0x0000000000200158                ot::Ncp::NcpUart::NcpUart(ot::Instance*)
                0x0000000000200158                ot::Ncp::NcpUart::NcpUart(ot::Instance*)
 .text.otNcpInit
                0x00000000002001d8       0x1c ../../../src/ncp/libopenthread-ncp-mtd.a(libopenthread_ncp_mtd_a-ncp_uart.o)
                0x00000000002001d8                otNcpInit
 .text._ZN2ot3Ncp7NcpUart27HandleFrameAddedToNcpBufferEv
                0x00000000002001f4       0x16 ../../../src/ncp/libopenthread-ncp-mtd.a(libopenthread_ncp_mtd_a-ncp_uart.o)
                0x00000000002001f4                ot::Ncp::NcpUart::HandleFrameAddedToNcpBuffer()
 .text._ZN2ot3Ncp7NcpUart27HandleFrameAddedToNcpBufferEPvPKvNS0_14NcpFrameBuffer8PriorityEPS5_
                0x000000000020020a        0x4 ../../../src/ncp/libopenthread-ncp-mtd.a(libopenthread_ncp_mtd_a-ncp_uart.o)
                0x000000000020020a                ot::Ncp::NcpUart::HandleFrameAddedToNcpBuffer(void*, void const*, ot::Ncp::NcpFrameBuffer::Priority, ot::Ncp::NcpFrameBuffer*)
 .text._ZN2ot3Ncp7NcpUart19EncodeAndSendToUartEv
                0x000000000020020e       0xcc ../../../src/ncp/libopenthread-ncp-mtd.a(libopenthread_ncp_mtd_a-ncp_uart.o)
                0x000000000020020e                ot::Ncp::NcpUart::EncodeAndSendToUart()
 .text._ZN2ot3Ncp7NcpUart19EncodeAndSendToUartERNS_7TaskletE
                0x00000000002002da        0xe ../../../src/ncp/libopenthread-ncp-mtd.a(libopenthread_ncp_mtd_a-ncp_uart.o)
                0x00000000002002da                ot::Ncp::NcpUart::EncodeAndSendToUart(ot::Tasklet&)
 .text._ZN2ot3Ncp7NcpUart18HandleUartSendDoneEv
                0x00000000002002e8       0x16 ../../../src/ncp/libopenthread-ncp-mtd.a(libopenthread_ncp_mtd_a-ncp_uart.o)
                0x00000000002002e8                ot::Ncp::NcpUart::HandleUartSendDone()
 .text.otPlatUartSendDone
                0x00000000002002fe       0x12 ../../../src/ncp/libopenthread-ncp-mtd.a(libopenthread_ncp_mtd_a-ncp_uart.o)
                0x00000000002002fe                otPlatUartSendDone
 .text.otPlatUartReceived
                0x0000000000200310       0x1e ../../../src/ncp/libopenthread-ncp-mtd.a(libopenthread_ncp_mtd_a-ncp_uart.o)
                0x0000000000200310                otPlatUartReceived
 *fill*         0x000000000020032e        0x2 00000000
 .text._ZN2ot3Ncp7NcpUart11HandleErrorE7otErrorPht
                0x0000000000200330       0x84 ../../../src/ncp/libopenthread-ncp-mtd.a(libopenthread_ncp_mtd_a-ncp_uart.o)
                0x0000000000200330                ot::Ncp::NcpUart::HandleError(otError, unsigned char*, unsigned short)
 .text._ZN2ot3Ncp7NcpUart11HandleFrameE7otError
                0x00000000002003b4       0x30 ../../../src/ncp/libopenthread-ncp-mtd.a(libopenthread_ncp_mtd_a-ncp_uart.o)
                0x00000000002003b4                ot::Ncp::NcpUart::HandleFrame(otError)
 .text._ZN2ot3Ncp7NcpUart11HandleFrameEPv7otError
                0x00000000002003e4        0x4 ../../../src/ncp/libopenthread-ncp-mtd.a(libopenthread_ncp_mtd_a-ncp_uart.o)
                0x00000000002003e4                ot::Ncp::NcpUart::HandleFrame(void*, otError)
 .text._ZN2ot4Hdlc17FrameWritePointer9WriteByteEh
                0x00000000002003e8       0x1a ../../../src/ncp/libopenthread-ncp-mtd.a(libopenthread_ncp_mtd_a-hdlc.o)
                0x00000000002003e8                ot::Hdlc::FrameWritePointer::WriteByte(unsigned char)
 .text._ZN2ot4Hdlc7EncoderC2ERNS0_17FrameWritePointerE
                0x0000000000200402        0x8 ../../../src/ncp/libopenthread-ncp-mtd.a(libopenthread_ncp_mtd_a-hdlc.o)
                0x0000000000200402                ot::Hdlc::Encoder::Encoder(ot::Hdlc::FrameWritePointer&)
                0x0000000000200402                ot::Hdlc::Encoder::Encoder(ot::Hdlc::FrameWritePointer&)
 .text._ZN2ot4Hdlc7Encoder10BeginFrameEv
                0x000000000020040a       0x12 ../../../src/ncp/libopenthread-ncp-mtd.a(libopenthread_ncp_mtd_a-hdlc.o)
                0x000000000020040a                ot::Hdlc::Encoder::BeginFrame()
 .text._ZN2ot4Hdlc7Encoder6EncodeEh
                0x000000000020041c       0x5c ../../../src/ncp/libopenthread-ncp-mtd.a(libopenthread_ncp_mtd_a-hdlc.o)
                0x000000000020041c                ot::Hdlc::Encoder::Encode(unsigned char)
 .text._ZN2ot4Hdlc7Encoder8EndFrameEv
                0x0000000000200478       0x3e ../../../src/ncp/libopenthread-ncp-mtd.a(libopenthread_ncp_mtd_a-hdlc.o)
                0x0000000000200478                ot::Hdlc::Encoder::EndFrame()
 .text._ZN2ot4Hdlc7DecoderC2ERNS0_17FrameWritePointerEPFvPv7otErrorES4_
                0x00000000002004b6       0x10 ../../../src/ncp/libopenthread-ncp-mtd.a(libopenthread_ncp_mtd_a-hdlc.o)
                0x00000000002004b6                ot::Hdlc::Decoder::Decoder(ot::Hdlc::FrameWritePointer&, void (*)(void*, otError), void*)
                0x00000000002004b6                ot::Hdlc::Decoder::Decoder(ot::Hdlc::FrameWritePointer&, void (*)(void*, otError), void*)
 *fill*         0x00000000002004c6        0x2 00000000
 .text._ZN2ot4Hdlc7Decoder6DecodeEPKht
                0x00000000002004c8       0xe8 ../../../src/ncp/libopenthread-ncp-mtd.a(libopenthread_ncp_mtd_a-hdlc.o)
                0x00000000002004c8                ot::Hdlc::Decoder::Decode(unsigned char const*, unsigned short)
 .text._ZN2ot3Ncp7NcpBase25ThreadErrorToSpinelStatusE7otError
                0x00000000002005b0       0x68 ../../../src/ncp/libopenthread-ncp-mtd.a(libopenthread_ncp_mtd_a-ncp_base.o)
                0x00000000002005b0                ot::Ncp::NcpBase::ThreadErrorToSpinelStatus(otError)
 .text._ZN2ot3Ncp7NcpBaseC2EPNS_8InstanceE
                0x0000000000200618      0x16c ../../../src/ncp/libopenthread-ncp-mtd.a(libopenthread_ncp_mtd_a-ncp_base.o)
                0x0000000000200618                ot::Ncp::NcpBase::NcpBase(ot::Instance*)
                0x0000000000200618                ot::Ncp::NcpBase::NcpBase(ot::Instance*)
 .text._ZN2ot3Ncp7NcpBase14GetNcpInstanceEv
                0x0000000000200784        0xc ../../../src/ncp/libopenthread-ncp-mtd.a(libopenthread_ncp_mtd_a-ncp_base.o)
                0x0000000000200784                ot::Ncp::NcpBase::GetNcpInstance()
 .text._ZN2ot3Ncp7NcpBase14ShouldWakeHostEv
                0x0000000000200790       0x14 ../../../src/ncp/libopenthread-ncp-mtd.a(libopenthread_ncp_mtd_a-ncp_base.o)
                0x0000000000200790                ot::Ncp::NcpBase::ShouldWakeHost()
 .text._ZN2ot3Ncp7NcpBase19ShouldDeferHostSendEv
                0x00000000002007a4       0x14 ../../../src/ncp/libopenthread-ncp-mtd.a(libopenthread_ncp_mtd_a-ncp_base.o)
                0x00000000002007a4                ot::Ncp::NcpBase::ShouldDeferHostSend()
 .text._ZN2ot3Ncp7NcpBase26IncrementFrameErrorCounterEv
                0x00000000002007b8        0xc ../../../src/ncp/libopenthread-ncp-mtd.a(libopenthread_ncp_mtd_a-ncp_base.o)
                0x00000000002007b8                ot::Ncp::NcpBase::IncrementFrameErrorCounter()
 .text._ZN2ot3Ncp7NcpBase11StreamWriteEiPKhi
                0x00000000002007c4       0x7c ../../../src/ncp/libopenthread-ncp-mtd.a(libopenthread_ncp_mtd_a-ncp_base.o)
                0x00000000002007c4                ot::Ncp::NcpBase::StreamWrite(int, unsigned char const*, int)
 .text._ZN2ot3Ncp7NcpBase15ConvertLogLevelEh
                0x0000000000200840       0x14 ../../../src/ncp/libopenthread-ncp-mtd.a(libopenthread_ncp_mtd_a-ncp_base.o)
                0x0000000000200840                ot::Ncp::NcpBase::ConvertLogLevel(unsigned char)
 .text._ZN2ot3Ncp7NcpBase15EnqueueResponseEhNS1_12ResponseTypeEj
                0x0000000000200854       0xaa ../../../src/ncp/libopenthread-ncp-mtd.a(libopenthread_ncp_mtd_a-ncp_base.o)
                0x0000000000200854                ot::Ncp::NcpBase::EnqueueResponse(unsigned char, ot::Ncp::NcpBase::ResponseType, unsigned int)
 .text._ZN2ot3Ncp7NcpBase25PrepareLastStatusResponseEh15spinel_status_t
                0x00000000002008fe        0x8 ../../../src/ncp/libopenthread-ncp-mtd.a(libopenthread_ncp_mtd_a-ncp_base.o)
                0x00000000002008fe                ot::Ncp::NcpBase::PrepareLastStatusResponse(unsigned char, spinel_status_t)
 .text._ZN2ot3Ncp7NcpBase20WriteLastStatusFrameEh15spinel_status_t
                0x0000000000200906       0x34 ../../../src/ncp/libopenthread-ncp-mtd.a(libopenthread_ncp_mtd_a-ncp_base.o)
                0x0000000000200906                ot::Ncp::NcpBase::WriteLastStatusFrame(unsigned char, spinel_status_t)
 .text._ZN2ot3Ncp7NcpBase25WritePropertyValueIsFrameEh17spinel_prop_key_tb
                0x000000000020093a       0x6e ../../../src/ncp/libopenthread-ncp-mtd.a(libopenthread_ncp_mtd_a-ncp_base.o)
                0x000000000020093a                ot::Ncp::NcpBase::WritePropertyValueIsFrame(unsigned char, spinel_prop_key_t, bool)
 .text._ZN2ot3Ncp7NcpBase19SendQueuedResponsesEv
                0x00000000002009a8       0x86 ../../../src/ncp/libopenthread-ncp-mtd.a(libopenthread_ncp_mtd_a-ncp_base.o)
                0x00000000002009a8                ot::Ncp::NcpBase::SendQueuedResponses()
 *fill*         0x0000000000200a2e        0x2 00000000
 .text._ZN2ot3Ncp7NcpBase18UpdateChangedPropsEv
                0x0000000000200a30       0xe4 ../../../src/ncp/libopenthread-ncp-mtd.a(libopenthread_ncp_mtd_a-ncp_base.o)
                0x0000000000200a30                ot::Ncp::NcpBase::UpdateChangedProps()
 .text._ZN2ot3Ncp7NcpBase18UpdateChangedPropsERNS_7TaskletE
                0x0000000000200b14        0xc ../../../src/ncp/libopenthread-ncp-mtd.a(libopenthread_ncp_mtd_a-ncp_base.o)
                0x0000000000200b14                ot::Ncp::NcpBase::UpdateChangedProps(ot::Tasklet&)
 .text._ZN2ot3Ncp7NcpBase31HandleFrameRemovedFromNcpBufferEPKv
                0x0000000000200b20       0x62 ../../../src/ncp/libopenthread-ncp-mtd.a(libopenthread_ncp_mtd_a-ncp_base.o)
                0x0000000000200b20                ot::Ncp::NcpBase::HandleFrameRemovedFromNcpBuffer(void const*)
 .text._ZN2ot3Ncp7NcpBase31HandleFrameRemovedFromNcpBufferEPvPKvNS0_14NcpFrameBuffer8PriorityEPS5_
                0x0000000000200b82        0x4 ../../../src/ncp/libopenthread-ncp-mtd.a(libopenthread_ncp_mtd_a-ncp_base.o)
                0x0000000000200b82                ot::Ncp::NcpBase::HandleFrameRemovedFromNcpBuffer(void*, void const*, ot::Ncp::NcpFrameBuffer::Priority, ot::Ncp::NcpFrameBuffer*)
 .text._ZN2ot3Ncp7NcpBase38WritePropertyValueInsertedRemovedFrameEhj17spinel_prop_key_tPKht
                0x0000000000200b86       0x2e ../../../src/ncp/libopenthread-ncp-mtd.a(libopenthread_ncp_mtd_a-ncp_base.o)
                0x0000000000200b86                ot::Ncp::NcpBase::WritePropertyValueInsertedRemovedFrame(unsigned char, unsigned int, spinel_prop_key_t, unsigned char const*, unsigned short)
 .text._ZN2ot3Ncp7NcpBase33HandleCommandPropertyInsertRemoveEh17spinel_prop_key_tj
                0x0000000000200bb4       0xb6 ../../../src/ncp/libopenthread-ncp-mtd.a(libopenthread_ncp_mtd_a-ncp_base.o)
                0x0000000000200bb4                ot::Ncp::NcpBase::HandleCommandPropertyInsertRemove(unsigned char, spinel_prop_key_t, unsigned int)
 .text._ZN2ot3Ncp7NcpBase19CommandHandler_NOOPEh
                0x0000000000200c6a        0xa ../../../src/ncp/libopenthread-ncp-mtd.a(libopenthread_ncp_mtd_a-ncp_base.o)
                0x0000000000200c6a                ot::Ncp::NcpBase::CommandHandler_NOOP(unsigned char)
 .text._ZN2ot3Ncp7NcpBase20CommandHandler_RESETEh
                0x0000000000200c74       0x40 ../../../src/ncp/libopenthread-ncp-mtd.a(libopenthread_ncp_mtd_a-ncp_base.o)
                0x0000000000200c74                ot::Ncp::NcpBase::CommandHandler_RESET(unsigned char)
 .text._ZN2ot3Ncp7NcpBase45HandlePropertySet_SPINEL_PROP_NEST_STREAM_MFGEh
                0x0000000000200cb4       0x5e ../../../src/ncp/libopenthread-ncp-mtd.a(libopenthread_ncp_mtd_a-ncp_base.o)
                0x0000000000200cb4                ot::Ncp::NcpBase::HandlePropertySet_SPINEL_PROP_NEST_STREAM_MFG(unsigned char)
 .text._ZN2ot3Ncp7NcpBase17HandlePropertyGetIL17spinel_prop_key_t32EEE7otErrorv
                0x0000000000200d12        0x8 ../../../src/ncp/libopenthread-ncp-mtd.a(libopenthread_ncp_mtd_a-ncp_base.o)
                0x0000000000200d12                otError ot::Ncp::NcpBase::HandlePropertyGet<(spinel_prop_key_t)32>()
 .text._ZN2ot3Ncp7NcpBase17HandlePropertyGetIL17spinel_prop_key_t33EEE7otErrorv
                0x0000000000200d1a       0x16 ../../../src/ncp/libopenthread-ncp-mtd.a(libopenthread_ncp_mtd_a-ncp_base.o)
                0x0000000000200d1a                otError ot::Ncp::NcpBase::HandlePropertyGet<(spinel_prop_key_t)33>()
 .text._ZN2ot3Ncp7NcpBase17HandlePropertySetIL17spinel_prop_key_t33EEE7otErrorv
                0x0000000000200d30       0x22 ../../../src/ncp/libopenthread-ncp-mtd.a(libopenthread_ncp_mtd_a-ncp_base.o)
                0x0000000000200d30                otError ot::Ncp::NcpBase::HandlePropertySet<(spinel_prop_key_t)33>()
 .text._ZN2ot3Ncp7NcpBase17HandlePropertyGetIL17spinel_prop_key_t56EEE7otErrorv
                0x0000000000200d52       0x1e ../../../src/ncp/libopenthread-ncp-mtd.a(libopenthread_ncp_mtd_a-ncp_base.o)
                0x0000000000200d52                otError ot::Ncp::NcpBase::HandlePropertyGet<(spinel_prop_key_t)56>()
 .text._ZN2ot3Ncp7NcpBase17HandlePropertySetIL17spinel_prop_key_t56EEE7otErrorv
                0x0000000000200d70       0x36 ../../../src/ncp/libopenthread-ncp-mtd.a(libopenthread_ncp_mtd_a-ncp_base.o)
                0x0000000000200d70                otError ot::Ncp::NcpBase::HandlePropertySet<(spinel_prop_key_t)56>()
 .text._ZN2ot3Ncp7NcpBase17HandlePropertyGetIL17spinel_prop_key_t54EEE7otErrorv
                0x0000000000200da6       0x18 ../../../src/ncp/libopenthread-ncp-mtd.a(libopenthread_ncp_mtd_a-ncp_base.o)
                0x0000000000200da6                otError ot::Ncp::NcpBase::HandlePropertyGet<(spinel_prop_key_t)54>()
 .text._ZN2ot3Ncp7NcpBase17HandlePropertySetIL17spinel_prop_key_t54EEE7otErrorv
                0x0000000000200dbe       0x1e ../../../src/ncp/libopenthread-ncp-mtd.a(libopenthread_ncp_mtd_a-ncp_base.o)
                0x0000000000200dbe                otError ot::Ncp::NcpBase::HandlePropertySet<(spinel_prop_key_t)54>()
 .text._ZN2ot3Ncp7NcpBase17HandlePropertyGetIL17spinel_prop_key_t52EEE7otErrorv
                0x0000000000200ddc       0x18 ../../../src/ncp/libopenthread-ncp-mtd.a(libopenthread_ncp_mtd_a-ncp_base.o)
                0x0000000000200ddc                otError ot::Ncp::NcpBase::HandlePropertyGet<(spinel_prop_key_t)52>()
 .text._ZN2ot3Ncp7NcpBase17HandlePropertySetIL17spinel_prop_key_t52EEE7otErrorv
                0x0000000000200df4       0x1c ../../../src/ncp/libopenthread-ncp-mtd.a(libopenthread_ncp_mtd_a-ncp_base.o)
                0x0000000000200df4                otError ot::Ncp::NcpBase::HandlePropertySet<(spinel_prop_key_t)52>()
 .text._ZN2ot3Ncp7NcpBase17HandlePropertyGetIL17spinel_prop_key_t53EEE7otErrorv
                0x0000000000200e10       0x18 ../../../src/ncp/libopenthread-ncp-mtd.a(libopenthread_ncp_mtd_a-ncp_base.o)
                0x0000000000200e10                otError ot::Ncp::NcpBase::HandlePropertyGet<(spinel_prop_key_t)53>()
 .text._ZN2ot3Ncp7NcpBase17HandlePropertyGetIL17spinel_prop_key_t55EEE7otErrorv
                0x0000000000200e28        0xa ../../../src/ncp/libopenthread-ncp-mtd.a(libopenthread_ncp_mtd_a-ncp_base.o)
                0x0000000000200e28                otError ot::Ncp::NcpBase::HandlePropertyGet<(spinel_prop_key_t)55>()
 .text._ZN2ot3Ncp7NcpBase17HandlePropertySetIL17spinel_prop_key_t55EEE7otErrorv
                0x0000000000200e32       0x20 ../../../src/ncp/libopenthread-ncp-mtd.a(libopenthread_ncp_mtd_a-ncp_base.o)
                0x0000000000200e32                otError ot::Ncp::NcpBase::HandlePropertySet<(spinel_prop_key_t)55>()
 .text._ZN2ot3Ncp7NcpBase17EncodeChannelMaskEm
                0x0000000000200e52       0x2a ../../../src/ncp/libopenthread-ncp-mtd.a(libopenthread_ncp_mtd_a-ncp_base.o)
                0x0000000000200e52                ot::Ncp::NcpBase::EncodeChannelMask(unsigned long)
 .text._ZN2ot3Ncp7NcpBase17DecodeChannelMaskERm
                0x0000000000200e7c       0x46 ../../../src/ncp/libopenthread-ncp-mtd.a(libopenthread_ncp_mtd_a-ncp_base.o)
                0x0000000000200e7c                ot::Ncp::NcpBase::DecodeChannelMask(unsigned long&)
 .text._ZN2ot3Ncp7NcpBase17HandlePropertyGetIL17spinel_prop_key_t49EEE7otErrorv
                0x0000000000200ec2        0x8 ../../../src/ncp/libopenthread-ncp-mtd.a(libopenthread_ncp_mtd_a-ncp_base.o)
                0x0000000000200ec2                otError ot::Ncp::NcpBase::HandlePropertyGet<(spinel_prop_key_t)49>()
 .text._ZN2ot3Ncp7NcpBase17HandlePropertySetIL17spinel_prop_key_t49EEE7otErrorv
                0x0000000000200eca       0x1c ../../../src/ncp/libopenthread-ncp-mtd.a(libopenthread_ncp_mtd_a-ncp_base.o)
                0x0000000000200eca                otError ot::Ncp::NcpBase::HandlePropertySet<(spinel_prop_key_t)49>()
 .text._ZN2ot3Ncp7NcpBase17HandlePropertyGetIL17spinel_prop_key_t50EEE7otErrorv
                0x0000000000200ee6        0xa ../../../src/ncp/libopenthread-ncp-mtd.a(libopenthread_ncp_mtd_a-ncp_base.o)
                0x0000000000200ee6                otError ot::Ncp::NcpBase::HandlePropertyGet<(spinel_prop_key_t)50>()
 .text._ZN2ot3Ncp7NcpBase17HandlePropertySetIL17spinel_prop_key_t50EEE7otErrorv
                0x0000000000200ef0        0xa ../../../src/ncp/libopenthread-ncp-mtd.a(libopenthread_ncp_mtd_a-ncp_base.o)
                0x0000000000200ef0                otError ot::Ncp::NcpBase::HandlePropertySet<(spinel_prop_key_t)50>()
 .text._ZN2ot3Ncp7NcpBase17HandlePropertyGetIL17spinel_prop_key_t48EEE7otErrorv
                0x0000000000200efa       0x34 ../../../src/ncp/libopenthread-ncp-mtd.a(libopenthread_ncp_mtd_a-ncp_base.o)
                0x0000000000200efa                otError ot::Ncp::NcpBase::HandlePropertyGet<(spinel_prop_key_t)48>()
 *fill*         0x0000000000200f2e        0x2 00000000
 .text._ZN2ot3Ncp7NcpBase17HandlePropertySetIL17spinel_prop_key_t48EEE7otErrorv
                0x0000000000200f30       0x80 ../../../src/ncp/libopenthread-ncp-mtd.a(libopenthread_ncp_mtd_a-ncp_base.o)
                0x0000000000200f30                otError ot::Ncp::NcpBase::HandlePropertySet<(spinel_prop_key_t)48>()
 .text._ZN2ot3Ncp7NcpBase17HandlePropertyGetIL17spinel_prop_key_t4104EEE7otErrorv
                0x0000000000200fb0       0x6c ../../../src/ncp/libopenthread-ncp-mtd.a(libopenthread_ncp_mtd_a-ncp_base.o)
                0x0000000000200fb0                otError ot::Ncp::NcpBase::HandlePropertyGet<(spinel_prop_key_t)4104>()
 .text._ZN2ot3Ncp7NcpBase17HandlePropertySetIL17spinel_prop_key_t4104EEE7otErrorv
                0x000000000020101c       0x50 ../../../src/ncp/libopenthread-ncp-mtd.a(libopenthread_ncp_mtd_a-ncp_base.o)
                0x000000000020101c                otError ot::Ncp::NcpBase::HandlePropertySet<(spinel_prop_key_t)4104>()
 .text._ZN2ot3Ncp7NcpBase20HandlePropertyInsertIL17spinel_prop_key_t4104EEE7otErrorv
                0x000000000020106c       0x1e ../../../src/ncp/libopenthread-ncp-mtd.a(libopenthread_ncp_mtd_a-ncp_base.o)
                0x000000000020106c                otError ot::Ncp::NcpBase::HandlePropertyInsert<(spinel_prop_key_t)4104>()
 .text._ZN2ot3Ncp7NcpBase20HandlePropertyRemoveIL17spinel_prop_key_t4104EEE7otErrorv
                0x000000000020108a       0x1e ../../../src/ncp/libopenthread-ncp-mtd.a(libopenthread_ncp_mtd_a-ncp_base.o)
                0x000000000020108a                otError ot::Ncp::NcpBase::HandlePropertyRemove<(spinel_prop_key_t)4104>()
 .text._ZN2ot3Ncp7NcpBase17HandlePropertyGetIL17spinel_prop_key_t0EEE7otErrorv
                0x00000000002010a8        0xa ../../../src/ncp/libopenthread-ncp-mtd.a(libopenthread_ncp_mtd_a-ncp_base.o)
                0x00000000002010a8                otError ot::Ncp::NcpBase::HandlePropertyGet<(spinel_prop_key_t)0>()
 .text._ZN2ot3Ncp7NcpBase17HandlePropertyGetIL17spinel_prop_key_t1EEE7otErrorv
                0x00000000002010b2       0x1e ../../../src/ncp/libopenthread-ncp-mtd.a(libopenthread_ncp_mtd_a-ncp_base.o)
                0x00000000002010b2                otError ot::Ncp::NcpBase::HandlePropertyGet<(spinel_prop_key_t)1>()
 .text._ZN2ot3Ncp7NcpBase17HandlePropertyGetIL17spinel_prop_key_t3EEE7otErrorv
                0x00000000002010d0        0x8 ../../../src/ncp/libopenthread-ncp-mtd.a(libopenthread_ncp_mtd_a-ncp_base.o)
                0x00000000002010d0                otError ot::Ncp::NcpBase::HandlePropertyGet<(spinel_prop_key_t)3>()
 .text._ZN2ot3Ncp7NcpBase17HandlePropertyGetIL17spinel_prop_key_t4EEE7otErrorv
                0x00000000002010d8        0x8 ../../../src/ncp/libopenthread-ncp-mtd.a(libopenthread_ncp_mtd_a-ncp_base.o)
                0x00000000002010d8                otError ot::Ncp::NcpBase::HandlePropertyGet<(spinel_prop_key_t)4>()
 .text._ZN2ot3Ncp7NcpBase17HandlePropertyGetIL17spinel_prop_key_t5EEE7otErrorv
                0x00000000002010e0       0x66 ../../../src/ncp/libopenthread-ncp-mtd.a(libopenthread_ncp_mtd_a-ncp_base.o)
                0x00000000002010e0                otError ot::Ncp::NcpBase::HandlePropertyGet<(spinel_prop_key_t)5>()
 .text._ZN2ot3Ncp7NcpBase17HandlePropertyGetIL17spinel_prop_key_t2EEE7otErrorv
                0x0000000000201146       0x16 ../../../src/ncp/libopenthread-ncp-mtd.a(libopenthread_ncp_mtd_a-ncp_base.o)
                0x0000000000201146                otError ot::Ncp::NcpBase::HandlePropertyGet<(spinel_prop_key_t)2>()
 .text._ZN2ot3Ncp7NcpBase17HandlePropertyGetIL17spinel_prop_key_t6EEE7otErrorv
                0x000000000020115c        0x8 ../../../src/ncp/libopenthread-ncp-mtd.a(libopenthread_ncp_mtd_a-ncp_base.o)
                0x000000000020115c                otError ot::Ncp::NcpBase::HandlePropertyGet<(spinel_prop_key_t)6>()
 .text._ZN2ot3Ncp7NcpBase17HandlePropertyGetIL17spinel_prop_key_t13EEE7otErrorv
                0x0000000000201164        0x4 ../../../src/ncp/libopenthread-ncp-mtd.a(libopenthread_ncp_mtd_a-ncp_base.o)
                0x0000000000201164                otError ot::Ncp::NcpBase::HandlePropertyGet<(spinel_prop_key_t)13>()
 .text._ZN2ot3Ncp7NcpBase17HandlePropertySetIL17spinel_prop_key_t13EEE7otErrorv
                0x0000000000201168        0x4 ../../../src/ncp/libopenthread-ncp-mtd.a(libopenthread_ncp_mtd_a-ncp_base.o)
                0x0000000000201168                otError ot::Ncp::NcpBase::HandlePropertySet<(spinel_prop_key_t)13>()
 .text._ZN2ot3Ncp7NcpBase17HandlePropertyGetIL17spinel_prop_key_t7EEE7otErrorv
                0x000000000020116c        0x8 ../../../src/ncp/libopenthread-ncp-mtd.a(libopenthread_ncp_mtd_a-ncp_base.o)
                0x000000000020116c                otError ot::Ncp::NcpBase::HandlePropertyGet<(spinel_prop_key_t)7>()
 .text._ZN2ot3Ncp7NcpBase17HandlePropertySetIL17spinel_prop_key_t7EEE7otErrorv
                0x0000000000201174        0x4 ../../../src/ncp/libopenthread-ncp-mtd.a(libopenthread_ncp_mtd_a-ncp_base.o)
                0x0000000000201174                otError ot::Ncp::NcpBase::HandlePropertySet<(spinel_prop_key_t)7>()
 .text._ZN2ot3Ncp7NcpBase17HandlePropertyGetIL17spinel_prop_key_t8EEE7otErrorv
                0x0000000000201178       0x1a ../../../src/ncp/libopenthread-ncp-mtd.a(libopenthread_ncp_mtd_a-ncp_base.o)
                0x0000000000201178                otError ot::Ncp::NcpBase::HandlePropertyGet<(spinel_prop_key_t)8>()
 .text._ZN2ot3Ncp7NcpBase17HandlePropertyGetIL17spinel_prop_key_t9EEE7otErrorv
                0x0000000000201192        0x8 ../../../src/ncp/libopenthread-ncp-mtd.a(libopenthread_ncp_mtd_a-ncp_base.o)
                0x0000000000201192                otError ot::Ncp::NcpBase::HandlePropertyGet<(spinel_prop_key_t)9>()
 .text._ZN2ot3Ncp7NcpBase17HandlePropertyGetIL17spinel_prop_key_t12EEE7otErrorv
                0x000000000020119a        0xa ../../../src/ncp/libopenthread-ncp-mtd.a(libopenthread_ncp_mtd_a-ncp_base.o)
                0x000000000020119a                otError ot::Ncp::NcpBase::HandlePropertyGet<(spinel_prop_key_t)12>()
 .text._ZN2ot3Ncp7NcpBase46HandlePropertySet_SPINEL_PROP_HOST_POWER_STATEEh
                0x00000000002011a4       0x94 ../../../src/ncp/libopenthread-ncp-mtd.a(libopenthread_ncp_mtd_a-ncp_base.o)
                0x00000000002011a4                ot::Ncp::NcpBase::HandlePropertySet_SPINEL_PROP_HOST_POWER_STATE(unsigned char)
 .text._ZN2ot3Ncp7NcpBase37HandlePropertySetForSpecialPropertiesEh17spinel_prop_key_tR7otError
                0x0000000000201238       0x22 ../../../src/ncp/libopenthread-ncp-mtd.a(libopenthread_ncp_mtd_a-ncp_base.o)
                0x0000000000201238                ot::Ncp::NcpBase::HandlePropertySetForSpecialProperties(unsigned char, spinel_prop_key_t, otError&)
 .text._ZN2ot3Ncp7NcpBase24HandleCommandPropertySetEh17spinel_prop_key_t
                0x000000000020125a       0x7c ../../../src/ncp/libopenthread-ncp-mtd.a(libopenthread_ncp_mtd_a-ncp_base.o)
                0x000000000020125a                ot::Ncp::NcpBase::HandleCommandPropertySet(unsigned char, spinel_prop_key_t)
 .text._ZN2ot3Ncp7NcpBase32CommandHandler_PROP_VALUE_updateEhj
                0x00000000002012d6       0x66 ../../../src/ncp/libopenthread-ncp-mtd.a(libopenthread_ncp_mtd_a-ncp_base.o)
                0x00000000002012d6                ot::Ncp::NcpBase::CommandHandler_PROP_VALUE_update(unsigned char, unsigned int)
 .text._ZN2ot3Ncp7NcpBase13HandleCommandEh
                0x000000000020133c       0x70 ../../../src/ncp/libopenthread-ncp-mtd.a(libopenthread_ncp_mtd_a-ncp_base.o)
                0x000000000020133c                ot::Ncp::NcpBase::HandleCommand(unsigned char)
 .text._ZN2ot3Ncp7NcpBase13HandleReceiveEPKht
                0x00000000002013ac       0xb0 ../../../src/ncp/libopenthread-ncp-mtd.a(libopenthread_ncp_mtd_a-ncp_base.o)
                0x00000000002013ac                ot::Ncp::NcpBase::HandleReceive(unsigned char const*, unsigned short)
 .text._ZN2ot3Ncp7NcpBase17HandlePropertyGetIL17spinel_prop_key_t4105EEE7otErrorv
                0x000000000020145c       0x44 ../../../src/ncp/libopenthread-ncp-mtd.a(libopenthread_ncp_mtd_a-ncp_base.o)
                0x000000000020145c                otError ot::Ncp::NcpBase::HandlePropertyGet<(spinel_prop_key_t)4105>()
 .text._ZN2ot3Ncp7NcpBase17HandlePropertyGetIL17spinel_prop_key_t38EEE7otErrorv
                0x00000000002014a0       0x16 ../../../src/ncp/libopenthread-ncp-mtd.a(libopenthread_ncp_mtd_a-ncp_base.o)
                0x00000000002014a0                otError ot::Ncp::NcpBase::HandlePropertyGet<(spinel_prop_key_t)38>()
 .text._ZN2ot3Ncp7NcpBase17HandlePropertyGetIL17spinel_prop_key_t39EEE7otErrorv
                0x00000000002014b6       0x16 ../../../src/ncp/libopenthread-ncp-mtd.a(libopenthread_ncp_mtd_a-ncp_base.o)
                0x00000000002014b6                otError ot::Ncp::NcpBase::HandlePropertyGet<(spinel_prop_key_t)39>()
 .text._ZN2ot3Ncp7NcpBase17HandlePropertyGetIL17spinel_prop_key_t37EEE7otErrorv
                0x00000000002014cc       0x2e ../../../src/ncp/libopenthread-ncp-mtd.a(libopenthread_ncp_mtd_a-ncp_base.o)
                0x00000000002014cc                otError ot::Ncp::NcpBase::HandlePropertyGet<(spinel_prop_key_t)37>()
 .text._ZN2ot3Ncp7NcpBase17HandlePropertySetIL17spinel_prop_key_t37EEE7otErrorv
                0x00000000002014fa       0x22 ../../../src/ncp/libopenthread-ncp-mtd.a(libopenthread_ncp_mtd_a-ncp_base.o)
                0x00000000002014fa                otError ot::Ncp::NcpBase::HandlePropertySet<(spinel_prop_key_t)37>()
 .text._ZN2ot3Ncp7NcpBase17HandlePropertyGetIL17spinel_prop_key_t16384EEE7otErrorv
                0x000000000020151c        0x2 ../../../src/ncp/libopenthread-ncp-mtd.a(libopenthread_ncp_mtd_a-ncp_base.o)
                0x000000000020151c                otError ot::Ncp::NcpBase::HandlePropertyGet<(spinel_prop_key_t)16384>()
 .text._ZN2ot3Ncp7NcpBase17HandlePropertyGetIL17spinel_prop_key_t16386EEE7otErrorv
                0x000000000020151e        0x2 ../../../src/ncp/libopenthread-ncp-mtd.a(libopenthread_ncp_mtd_a-ncp_base.o)
                0x000000000020151e                otError ot::Ncp::NcpBase::HandlePropertyGet<(spinel_prop_key_t)16386>()
 .text._ZN2ot3Ncp7NcpBase17HandlePropertyGetIL17spinel_prop_key_t16385EEE7otErrorv
                0x0000000000201520       0x18 ../../../src/ncp/libopenthread-ncp-mtd.a(libopenthread_ncp_mtd_a-ncp_base.o)
                0x0000000000201520                otError ot::Ncp::NcpBase::HandlePropertyGet<(spinel_prop_key_t)16385>()
 .text._ZN2ot3Ncp7NcpBase17HandlePropertySetIL17spinel_prop_key_t16385EEE7otErrorv
                0x0000000000201538       0x4a ../../../src/ncp/libopenthread-ncp-mtd.a(libopenthread_ncp_mtd_a-ncp_base.o)
                0x0000000000201538                otError ot::Ncp::NcpBase::HandlePropertySet<(spinel_prop_key_t)16385>()
 *fill*         0x0000000000201582        0x2 00000000
 .text.otNcpStreamWrite
                0x0000000000201584       0x20 ../../../src/ncp/libopenthread-ncp-mtd.a(libopenthread_ncp_mtd_a-ncp_base.o)
                0x0000000000201584                otNcpStreamWrite
 .text._ZN2ot3Ncp13SpinelEncoder9WriteBoolEb.isra.2
                0x00000000002015a4        0x4 ../../../src/ncp/libopenthread-ncp-mtd.a(libopenthread_ncp_mtd_a-ncp_base_mtd.o)
 .text._ZN2ot3Ncp15ChangedPropsSet11AddPropertyE17spinel_prop_key_t
                0x00000000002015a8        0x6 ../../../src/ncp/libopenthread-ncp-mtd.a(libopenthread_ncp_mtd_a-ncp_base_mtd.o)
                0x00000000002015a8                ot::Ncp::ChangedPropsSet::AddProperty(spinel_prop_key_t)
 .text._ZN2ot3Ncp13SpinelEncoder9WriteInt8Ea
                0x00000000002015ae        0x8 ../../../src/ncp/libopenthread-ncp-mtd.a(libopenthread_ncp_mtd_a-ncp_base_mtd.o)
                0x00000000002015ae                ot::Ncp::SpinelEncoder::WriteInt8(signed char)
 .text._ZN2ot3Ncp13SpinelEncoder15WriteIp6AddressEPKh
                0x00000000002015b6        0x8 ../../../src/ncp/libopenthread-ncp-mtd.a(libopenthread_ncp_mtd_a-ncp_base_mtd.o)
                0x00000000002015b6                ot::Ncp::SpinelEncoder::WriteIp6Address(unsigned char const*)
 .text._ZN2ot3Ncp13SpinelEncoder10WriteEui64EPKh
                0x00000000002015be        0x8 ../../../src/ncp/libopenthread-ncp-mtd.a(libopenthread_ncp_mtd_a-ncp_base_mtd.o)
                0x00000000002015be                ot::Ncp::SpinelEncoder::WriteEui64(unsigned char const*)
 .text._ZN2ot3Ncp7NcpBase19LinkFlagsToFlagByteEbbbb
                0x00000000002015c6       0x1c ../../../src/ncp/libopenthread-ncp-mtd.a(libopenthread_ncp_mtd_a-ncp_base_mtd.o)
                0x00000000002015c6                ot::Ncp::NcpBase::LinkFlagsToFlagByte(bool, bool, bool, bool)
 .text._ZN2ot3Ncp7NcpBase17HandlePropertyGetIL17spinel_prop_key_t58EEE7otErrorv
                0x00000000002015e2       0x18 ../../../src/ncp/libopenthread-ncp-mtd.a(libopenthread_ncp_mtd_a-ncp_base_mtd.o)
                0x00000000002015e2                otError ot::Ncp::NcpBase::HandlePropertyGet<(spinel_prop_key_t)58>()
 .text._ZN2ot3Ncp7NcpBase17HandlePropertySetIL17spinel_prop_key_t58EEE7otErrorv
                0x00000000002015fa       0x1a ../../../src/ncp/libopenthread-ncp-mtd.a(libopenthread_ncp_mtd_a-ncp_base_mtd.o)
                0x00000000002015fa                otError ot::Ncp::NcpBase::HandlePropertySet<(spinel_prop_key_t)58>()
 .text._ZN2ot3Ncp7NcpBase17HandlePropertyGetIL17spinel_prop_key_t4866EEE7otErrorv
                0x0000000000201614       0x16 ../../../src/ncp/libopenthread-ncp-mtd.a(libopenthread_ncp_mtd_a-ncp_base_mtd.o)
                0x0000000000201614                otError ot::Ncp::NcpBase::HandlePropertyGet<(spinel_prop_key_t)4866>()
 *fill*         0x000000000020162a        0x2 00000000
 .text._ZN2ot3Ncp7NcpBase17HandlePropertyGetIL17spinel_prop_key_t35EEE7otErrorv
                0x000000000020162c       0x4c ../../../src/ncp/libopenthread-ncp-mtd.a(libopenthread_ncp_mtd_a-ncp_base_mtd.o)
                0x000000000020162c                otError ot::Ncp::NcpBase::HandlePropertyGet<(spinel_prop_key_t)35>()
 .text._ZN2ot3Ncp7NcpBase17HandlePropertyGetIL17spinel_prop_key_t34EEE7otErrorv
                0x0000000000201678       0x16 ../../../src/ncp/libopenthread-ncp-mtd.a(libopenthread_ncp_mtd_a-ncp_base_mtd.o)
                0x0000000000201678                otError ot::Ncp::NcpBase::HandlePropertyGet<(spinel_prop_key_t)34>()
 .text._ZN2ot3Ncp7NcpBase17HandlePropertySetIL17spinel_prop_key_t34EEE7otErrorv
                0x000000000020168e       0x1e ../../../src/ncp/libopenthread-ncp-mtd.a(libopenthread_ncp_mtd_a-ncp_base_mtd.o)
                0x000000000020168e                otError ot::Ncp::NcpBase::HandlePropertySet<(spinel_prop_key_t)34>()
 .text._ZN2ot3Ncp7NcpBase23CommandHandler_NET_SAVEEh
                0x00000000002016ac        0x8 ../../../src/ncp/libopenthread-ncp-mtd.a(libopenthread_ncp_mtd_a-ncp_base_mtd.o)
                0x00000000002016ac                ot::Ncp::NcpBase::CommandHandler_NET_SAVE(unsigned char)
 .text._ZN2ot3Ncp7NcpBase24CommandHandler_NET_CLEAREh
                0x00000000002016b4       0x20 ../../../src/ncp/libopenthread-ncp-mtd.a(libopenthread_ncp_mtd_a-ncp_base_mtd.o)
                0x00000000002016b4                ot::Ncp::NcpBase::CommandHandler_NET_CLEAR(unsigned char)
 .text._ZN2ot3Ncp7NcpBase25CommandHandler_NET_RECALLEh
                0x00000000002016d4        0x4 ../../../src/ncp/libopenthread-ncp-mtd.a(libopenthread_ncp_mtd_a-ncp_base_mtd.o)
                0x00000000002016d4                ot::Ncp::NcpBase::CommandHandler_NET_RECALL(unsigned char)
 .text._ZN2ot3Ncp7NcpBase17HandlePropertyGetIL17spinel_prop_key_t64EEE7otErrorv
                0x00000000002016d8       0x16 ../../../src/ncp/libopenthread-ncp-mtd.a(libopenthread_ncp_mtd_a-ncp_base_mtd.o)
                0x00000000002016d8                otError ot::Ncp::NcpBase::HandlePropertyGet<(spinel_prop_key_t)64>()
 .text._ZN2ot3Ncp7NcpBase17HandlePropertyGetIL17spinel_prop_key_t65EEE7otErrorv
                0x00000000002016ee       0x16 ../../../src/ncp/libopenthread-ncp-mtd.a(libopenthread_ncp_mtd_a-ncp_base_mtd.o)
                0x00000000002016ee                otError ot::Ncp::NcpBase::HandlePropertyGet<(spinel_prop_key_t)65>()
 .text._ZN2ot3Ncp7NcpBase17HandlePropertySetIL17spinel_prop_key_t65EEE7otErrorv
                0x0000000000201704       0x22 ../../../src/ncp/libopenthread-ncp-mtd.a(libopenthread_ncp_mtd_a-ncp_base_mtd.o)
                0x0000000000201704                otError ot::Ncp::NcpBase::HandlePropertySet<(spinel_prop_key_t)65>()
 .text._ZN2ot3Ncp7NcpBase17HandlePropertyGetIL17spinel_prop_key_t66EEE7otErrorv
                0x0000000000201726       0x1a ../../../src/ncp/libopenthread-ncp-mtd.a(libopenthread_ncp_mtd_a-ncp_base_mtd.o)
                0x0000000000201726                otError ot::Ncp::NcpBase::HandlePropertyGet<(spinel_prop_key_t)66>()
 .text._ZN2ot3Ncp7NcpBase17HandlePropertySetIL17spinel_prop_key_t66EEE7otErrorv
                0x0000000000201740       0x44 ../../../src/ncp/libopenthread-ncp-mtd.a(libopenthread_ncp_mtd_a-ncp_base_mtd.o)
                0x0000000000201740                otError ot::Ncp::NcpBase::HandlePropertySet<(spinel_prop_key_t)66>()
 .text._ZN2ot3Ncp7NcpBase17HandlePropertyGetIL17spinel_prop_key_t67EEE7otErrorv
                0x0000000000201784       0x28 ../../../src/ncp/libopenthread-ncp-mtd.a(libopenthread_ncp_mtd_a-ncp_base_mtd.o)
                0x0000000000201784                otError ot::Ncp::NcpBase::HandlePropertyGet<(spinel_prop_key_t)67>()
 .text._ZN2ot3Ncp7NcpBase17HandlePropertySetIL17spinel_prop_key_t67EEE7otErrorv
                0x00000000002017ac       0x30 ../../../src/ncp/libopenthread-ncp-mtd.a(libopenthread_ncp_mtd_a-ncp_base_mtd.o)
                0x00000000002017ac                otError ot::Ncp::NcpBase::HandlePropertySet<(spinel_prop_key_t)67>()
 .text._ZN2ot3Ncp7NcpBase17HandlePropertyGetIL17spinel_prop_key_t68EEE7otErrorv
                0x00000000002017dc       0x18 ../../../src/ncp/libopenthread-ncp-mtd.a(libopenthread_ncp_mtd_a-ncp_base_mtd.o)
                0x00000000002017dc                otError ot::Ncp::NcpBase::HandlePropertyGet<(spinel_prop_key_t)68>()
 .text._ZN2ot3Ncp7NcpBase17HandlePropertySetIL17spinel_prop_key_t68EEE7otErrorv
                0x00000000002017f4       0x24 ../../../src/ncp/libopenthread-ncp-mtd.a(libopenthread_ncp_mtd_a-ncp_base_mtd.o)
                0x00000000002017f4                otError ot::Ncp::NcpBase::HandlePropertySet<(spinel_prop_key_t)68>()
 .text._ZN2ot3Ncp7NcpBase17HandlePropertyGetIL17spinel_prop_key_t69EEE7otErrorv
                0x0000000000201818       0x18 ../../../src/ncp/libopenthread-ncp-mtd.a(libopenthread_ncp_mtd_a-ncp_base_mtd.o)
                0x0000000000201818                otError ot::Ncp::NcpBase::HandlePropertyGet<(spinel_prop_key_t)69>()
 .text._ZN2ot3Ncp7NcpBase17HandlePropertySetIL17spinel_prop_key_t69EEE7otErrorv
                0x0000000000201830       0x2e ../../../src/ncp/libopenthread-ncp-mtd.a(libopenthread_ncp_mtd_a-ncp_base_mtd.o)
                0x0000000000201830                otError ot::Ncp::NcpBase::HandlePropertySet<(spinel_prop_key_t)69>()
 .text._ZN2ot3Ncp7NcpBase17HandlePropertyGetIL17spinel_prop_key_t70EEE7otErrorv
                0x000000000020185e       0x18 ../../../src/ncp/libopenthread-ncp-mtd.a(libopenthread_ncp_mtd_a-ncp_base_mtd.o)
                0x000000000020185e                otError ot::Ncp::NcpBase::HandlePropertyGet<(spinel_prop_key_t)70>()
 .text._ZN2ot3Ncp7NcpBase17HandlePropertySetIL17spinel_prop_key_t70EEE7otErrorv
                0x0000000000201876       0x2e ../../../src/ncp/libopenthread-ncp-mtd.a(libopenthread_ncp_mtd_a-ncp_base_mtd.o)
                0x0000000000201876                otError ot::Ncp::NcpBase::HandlePropertySet<(spinel_prop_key_t)70>()
 .text._ZN2ot3Ncp7NcpBase17HandlePropertyGetIL17spinel_prop_key_t71EEE7otErrorv
                0x00000000002018a4       0x18 ../../../src/ncp/libopenthread-ncp-mtd.a(libopenthread_ncp_mtd_a-ncp_base_mtd.o)
                0x00000000002018a4                otError ot::Ncp::NcpBase::HandlePropertyGet<(spinel_prop_key_t)71>()
 .text._ZN2ot3Ncp7NcpBase17HandlePropertySetIL17spinel_prop_key_t71EEE7otErrorv
                0x00000000002018bc       0x1e ../../../src/ncp/libopenthread-ncp-mtd.a(libopenthread_ncp_mtd_a-ncp_base_mtd.o)
                0x00000000002018bc                otError ot::Ncp::NcpBase::HandlePropertySet<(spinel_prop_key_t)71>()
 .text._ZN2ot3Ncp7NcpBase17HandlePropertyGetIL17spinel_prop_key_t72EEE7otErrorv
                0x00000000002018da       0x18 ../../../src/ncp/libopenthread-ncp-mtd.a(libopenthread_ncp_mtd_a-ncp_base_mtd.o)
                0x00000000002018da                otError ot::Ncp::NcpBase::HandlePropertyGet<(spinel_prop_key_t)72>()
 .text._ZN2ot3Ncp7NcpBase17HandlePropertyGetIL17spinel_prop_key_t74EEE7otErrorv
                0x00000000002018f2       0x18 ../../../src/ncp/libopenthread-ncp-mtd.a(libopenthread_ncp_mtd_a-ncp_base_mtd.o)
                0x00000000002018f2                otError ot::Ncp::NcpBase::HandlePropertyGet<(spinel_prop_key_t)74>()
 .text._ZN2ot3Ncp7NcpBase17HandlePropertySetIL17spinel_prop_key_t74EEE7otErrorv
                0x000000000020190a       0x1e ../../../src/ncp/libopenthread-ncp-mtd.a(libopenthread_ncp_mtd_a-ncp_base_mtd.o)
                0x000000000020190a                otError ot::Ncp::NcpBase::HandlePropertySet<(spinel_prop_key_t)74>()
 .text._ZN2ot3Ncp7NcpBase17HandlePropertyGetIL17spinel_prop_key_t87EEE7otErrorv
                0x0000000000201928       0x16 ../../../src/ncp/libopenthread-ncp-mtd.a(libopenthread_ncp_mtd_a-ncp_base_mtd.o)
                0x0000000000201928                otError ot::Ncp::NcpBase::HandlePropertyGet<(spinel_prop_key_t)87>()
 .text._ZN2ot3Ncp7NcpBase17HandlePropertyGetIL17spinel_prop_key_t89EEE7otErrorv
                0x000000000020193e       0x16 ../../../src/ncp/libopenthread-ncp-mtd.a(libopenthread_ncp_mtd_a-ncp_base_mtd.o)
                0x000000000020193e                otError ot::Ncp::NcpBase::HandlePropertyGet<(spinel_prop_key_t)89>()
 .text._ZN2ot3Ncp7NcpBase17HandlePropertyGetIL17spinel_prop_key_t5389EEE7otErrorv
                0x0000000000201954       0x2a ../../../src/ncp/libopenthread-ncp-mtd.a(libopenthread_ncp_mtd_a-ncp_base_mtd.o)
                0x0000000000201954                otError ot::Ncp::NcpBase::HandlePropertyGet<(spinel_prop_key_t)5389>()
 .text._ZN2ot3Ncp7NcpBase17HandlePropertyGetIL17spinel_prop_key_t5390EEE7otErrorv
                0x000000000020197e       0x2a ../../../src/ncp/libopenthread-ncp-mtd.a(libopenthread_ncp_mtd_a-ncp_base_mtd.o)
                0x000000000020197e                otError ot::Ncp::NcpBase::HandlePropertyGet<(spinel_prop_key_t)5390>()
 .text._ZN2ot3Ncp7NcpBase17HandlePropertyGetIL17spinel_prop_key_t83EEE7otErrorv
                0x00000000002019a8       0x16 ../../../src/ncp/libopenthread-ncp-mtd.a(libopenthread_ncp_mtd_a-ncp_base_mtd.o)
                0x00000000002019a8                otError ot::Ncp::NcpBase::HandlePropertyGet<(spinel_prop_key_t)83>()
 .text._ZN2ot3Ncp7NcpBase17HandlePropertyGetIL17spinel_prop_key_t80EEE7otErrorv
                0x00000000002019be       0x2a ../../../src/ncp/libopenthread-ncp-mtd.a(libopenthread_ncp_mtd_a-ncp_base_mtd.o)
                0x00000000002019be                otError ot::Ncp::NcpBase::HandlePropertyGet<(spinel_prop_key_t)80>()
 .text._ZN2ot3Ncp7NcpBase17HandlePropertyGetIL17spinel_prop_key_t81EEE7otErrorv
                0x00000000002019e8       0x98 ../../../src/ncp/libopenthread-ncp-mtd.a(libopenthread_ncp_mtd_a-ncp_base_mtd.o)
                0x00000000002019e8                otError ot::Ncp::NcpBase::HandlePropertyGet<(spinel_prop_key_t)81>()
 .text._ZN2ot3Ncp7NcpBase17HandlePropertyGetIL17spinel_prop_key_t5387EEE7otErrorv
                0x0000000000201a80       0xca ../../../src/ncp/libopenthread-ncp-mtd.a(libopenthread_ncp_mtd_a-ncp_base_mtd.o)
                0x0000000000201a80                otError ot::Ncp::NcpBase::HandlePropertyGet<(spinel_prop_key_t)5387>()
 .text._ZN2ot3Ncp7NcpBase17HandlePropertyGetIL17spinel_prop_key_t5410EEE7otErrorv
                0x0000000000201b4a       0x7e ../../../src/ncp/libopenthread-ncp-mtd.a(libopenthread_ncp_mtd_a-ncp_base_mtd.o)
                0x0000000000201b4a                otError ot::Ncp::NcpBase::HandlePropertyGet<(spinel_prop_key_t)5410>()
 .text._ZN2ot3Ncp7NcpBase17HandlePropertyGetIL17spinel_prop_key_t92EEE7otErrorv
                0x0000000000201bc8       0x38 ../../../src/ncp/libopenthread-ncp-mtd.a(libopenthread_ncp_mtd_a-ncp_base_mtd.o)
                0x0000000000201bc8                otError ot::Ncp::NcpBase::HandlePropertyGet<(spinel_prop_key_t)92>()
 .text._ZN2ot3Ncp7NcpBase17HandlePropertySetIL17spinel_prop_key_t92EEE7otErrorv
                0x0000000000201c00       0x50 ../../../src/ncp/libopenthread-ncp-mtd.a(libopenthread_ncp_mtd_a-ncp_base_mtd.o)
                0x0000000000201c00                otError ot::Ncp::NcpBase::HandlePropertySet<(spinel_prop_key_t)92>()
 .text._ZN2ot3Ncp7NcpBase17HandlePropertyGetIL17spinel_prop_key_t93EEE7otErrorv
                0x0000000000201c50        0xa ../../../src/ncp/libopenthread-ncp-mtd.a(libopenthread_ncp_mtd_a-ncp_base_mtd.o)
                0x0000000000201c50                otError ot::Ncp::NcpBase::HandlePropertyGet<(spinel_prop_key_t)93>()
 .text._ZN2ot3Ncp7NcpBase17HandlePropertyGetIL17spinel_prop_key_t90EEE7otErrorv
                0x0000000000201c5a       0xc4 ../../../src/ncp/libopenthread-ncp-mtd.a(libopenthread_ncp_mtd_a-ncp_base_mtd.o)
                0x0000000000201c5a                otError ot::Ncp::NcpBase::HandlePropertyGet<(spinel_prop_key_t)90>()
 .text._ZN2ot3Ncp7NcpBase17HandlePropertyGetIL17spinel_prop_key_t5395EEE7otErrorv
                0x0000000000201d1e        0xa ../../../src/ncp/libopenthread-ncp-mtd.a(libopenthread_ncp_mtd_a-ncp_base_mtd.o)
                0x0000000000201d1e                otError ot::Ncp::NcpBase::HandlePropertyGet<(spinel_prop_key_t)5395>()
 .text._ZN2ot3Ncp7NcpBase17HandlePropertySetIL17spinel_prop_key_t5395EEE7otErrorv
                0x0000000000201d28        0xa ../../../src/ncp/libopenthread-ncp-mtd.a(libopenthread_ncp_mtd_a-ncp_base_mtd.o)
                0x0000000000201d28                otError ot::Ncp::NcpBase::HandlePropertySet<(spinel_prop_key_t)5395>()
 .text._ZN2ot3Ncp7NcpBase17HandlePropertyGetIL17spinel_prop_key_t5396EEE7otErrorv
                0x0000000000201d32        0xa ../../../src/ncp/libopenthread-ncp-mtd.a(libopenthread_ncp_mtd_a-ncp_base_mtd.o)
                0x0000000000201d32                otError ot::Ncp::NcpBase::HandlePropertyGet<(spinel_prop_key_t)5396>()
 .text._ZN2ot3Ncp7NcpBase17HandlePropertySetIL17spinel_prop_key_t5396EEE7otErrorv
                0x0000000000201d3c        0xa ../../../src/ncp/libopenthread-ncp-mtd.a(libopenthread_ncp_mtd_a-ncp_base_mtd.o)
                0x0000000000201d3c                otError ot::Ncp::NcpBase::HandlePropertySet<(spinel_prop_key_t)5396>()
 .text._ZN2ot3Ncp7NcpBase17HandlePropertyGetIL17spinel_prop_key_t5397EEE7otErrorv
                0x0000000000201d46        0xa ../../../src/ncp/libopenthread-ncp-mtd.a(libopenthread_ncp_mtd_a-ncp_base_mtd.o)
                0x0000000000201d46                otError ot::Ncp::NcpBase::HandlePropertyGet<(spinel_prop_key_t)5397>()
 .text._ZN2ot3Ncp7NcpBase17HandlePropertySetIL17spinel_prop_key_t5397EEE7otErrorv
                0x0000000000201d50        0xa ../../../src/ncp/libopenthread-ncp-mtd.a(libopenthread_ncp_mtd_a-ncp_base_mtd.o)
                0x0000000000201d50                otError ot::Ncp::NcpBase::HandlePropertySet<(spinel_prop_key_t)5397>()
 .text._ZN2ot3Ncp7NcpBase24EncodeOperationalDatasetERK20otOperationalDataset
                0x0000000000201d5a      0x320 ../../../src/ncp/libopenthread-ncp-mtd.a(libopenthread_ncp_mtd_a-ncp_base_mtd.o)
                0x0000000000201d5a                ot::Ncp::NcpBase::EncodeOperationalDataset(otOperationalDataset const&)
 .text._ZN2ot3Ncp7NcpBase17HandlePropertyGetIL17spinel_prop_key_t5400EEE7otErrorv
                0x000000000020207a       0x1a ../../../src/ncp/libopenthread-ncp-mtd.a(libopenthread_ncp_mtd_a-ncp_base_mtd.o)
                0x000000000020207a                otError ot::Ncp::NcpBase::HandlePropertyGet<(spinel_prop_key_t)5400>()
 .text._ZN2ot3Ncp7NcpBase17HandlePropertyGetIL17spinel_prop_key_t5401EEE7otErrorv
                0x0000000000202094       0x1a ../../../src/ncp/libopenthread-ncp-mtd.a(libopenthread_ncp_mtd_a-ncp_base_mtd.o)
                0x0000000000202094                otError ot::Ncp::NcpBase::HandlePropertyGet<(spinel_prop_key_t)5401>()
 .text._ZN2ot3Ncp7NcpBase24DecodeOperationalDatasetER20otOperationalDatasetPPKhPhPPK12otIp6Addressb
                0x00000000002020ae      0x404 ../../../src/ncp/libopenthread-ncp-mtd.a(libopenthread_ncp_mtd_a-ncp_base_mtd.o)
                0x00000000002020ae                ot::Ncp::NcpBase::DecodeOperationalDataset(otOperationalDataset&, unsigned char const**, unsigned char*, otIp6Address const**, bool)
 .text._ZN2ot3Ncp7NcpBase17HandlePropertySetIL17spinel_prop_key_t5400EEE7otErrorv
                0x00000000002024b2       0x22 ../../../src/ncp/libopenthread-ncp-mtd.a(libopenthread_ncp_mtd_a-ncp_base_mtd.o)
                0x00000000002024b2                otError ot::Ncp::NcpBase::HandlePropertySet<(spinel_prop_key_t)5400>()
 .text._ZN2ot3Ncp7NcpBase17HandlePropertySetIL17spinel_prop_key_t5401EEE7otErrorv
                0x00000000002024d4       0x22 ../../../src/ncp/libopenthread-ncp-mtd.a(libopenthread_ncp_mtd_a-ncp_base_mtd.o)
                0x00000000002024d4                otError ot::Ncp::NcpBase::HandlePropertySet<(spinel_prop_key_t)5401>()
 .text._ZN2ot3Ncp7NcpBase17HandlePropertySetIL17spinel_prop_key_t5402EEE7otErrorv
                0x00000000002024f6       0x2c ../../../src/ncp/libopenthread-ncp-mtd.a(libopenthread_ncp_mtd_a-ncp_base_mtd.o)
                0x00000000002024f6                otError ot::Ncp::NcpBase::HandlePropertySet<(spinel_prop_key_t)5402>()
 .text._ZN2ot3Ncp7NcpBase17HandlePropertySetIL17spinel_prop_key_t5403EEE7otErrorv
                0x0000000000202522       0x2c ../../../src/ncp/libopenthread-ncp-mtd.a(libopenthread_ncp_mtd_a-ncp_base_mtd.o)
                0x0000000000202522                otError ot::Ncp::NcpBase::HandlePropertySet<(spinel_prop_key_t)5403>()
 .text._ZN2ot3Ncp7NcpBase17HandlePropertySetIL17spinel_prop_key_t5413EEE7otErrorv
                0x000000000020254e       0x32 ../../../src/ncp/libopenthread-ncp-mtd.a(libopenthread_ncp_mtd_a-ncp_base_mtd.o)
                0x000000000020254e                otError ot::Ncp::NcpBase::HandlePropertySet<(spinel_prop_key_t)5413>()
 .text._ZN2ot3Ncp7NcpBase17HandlePropertySetIL17spinel_prop_key_t5414EEE7otErrorv
                0x0000000000202580       0x32 ../../../src/ncp/libopenthread-ncp-mtd.a(libopenthread_ncp_mtd_a-ncp_base_mtd.o)
                0x0000000000202580                otError ot::Ncp::NcpBase::HandlePropertySet<(spinel_prop_key_t)5414>()
 .text._ZN2ot3Ncp7NcpBase17HandlePropertyGetIL17spinel_prop_key_t98EEE7otErrorv
                0x00000000002025b2       0x34 ../../../src/ncp/libopenthread-ncp-mtd.a(libopenthread_ncp_mtd_a-ncp_base_mtd.o)
                0x00000000002025b2                otError ot::Ncp::NcpBase::HandlePropertyGet<(spinel_prop_key_t)98>()
 .text._ZN2ot3Ncp7NcpBase17HandlePropertySetIL17spinel_prop_key_t98EEE7otErrorv
                0x00000000002025e6       0x38 ../../../src/ncp/libopenthread-ncp-mtd.a(libopenthread_ncp_mtd_a-ncp_base_mtd.o)
                0x00000000002025e6                otError ot::Ncp::NcpBase::HandlePropertySet<(spinel_prop_key_t)98>()
 .text._ZN2ot3Ncp7NcpBase17HandlePropertyGetIL17spinel_prop_key_t97EEE7otErrorv
                0x000000000020261e       0x18 ../../../src/ncp/libopenthread-ncp-mtd.a(libopenthread_ncp_mtd_a-ncp_base_mtd.o)
                0x000000000020261e                otError ot::Ncp::NcpBase::HandlePropertyGet<(spinel_prop_key_t)97>()
 .text._ZN2ot3Ncp7NcpBase17HandlePropertyGetIL17spinel_prop_key_t96EEE7otErrorv
                0x0000000000202636       0x18 ../../../src/ncp/libopenthread-ncp-mtd.a(libopenthread_ncp_mtd_a-ncp_base_mtd.o)
                0x0000000000202636                otError ot::Ncp::NcpBase::HandlePropertyGet<(spinel_prop_key_t)96>()
 .text._ZN2ot3Ncp7NcpBase17HandlePropertyGetIL17spinel_prop_key_t99EEE7otErrorv
                0x000000000020264e       0x5a ../../../src/ncp/libopenthread-ncp-mtd.a(libopenthread_ncp_mtd_a-ncp_base_mtd.o)
                0x000000000020264e                otError ot::Ncp::NcpBase::HandlePropertyGet<(spinel_prop_key_t)99>()
 .text._ZN2ot3Ncp7NcpBase20HandlePropertyInsertIL17spinel_prop_key_t99EEE7otErrorv
                0x00000000002026a8       0x5e ../../../src/ncp/libopenthread-ncp-mtd.a(libopenthread_ncp_mtd_a-ncp_base_mtd.o)
                0x00000000002026a8                otError ot::Ncp::NcpBase::HandlePropertyInsert<(spinel_prop_key_t)99>()
 .text._ZN2ot3Ncp7NcpBase20HandlePropertyRemoveIL17spinel_prop_key_t99EEE7otErrorv
                0x0000000000202706       0x24 ../../../src/ncp/libopenthread-ncp-mtd.a(libopenthread_ncp_mtd_a-ncp_base_mtd.o)
                0x0000000000202706                otError ot::Ncp::NcpBase::HandlePropertyRemove<(spinel_prop_key_t)99>()
 .text._ZN2ot3Ncp7NcpBase17HandlePropertyGetIL17spinel_prop_key_t100EEE7otErrorv
                0x000000000020272a        0x8 ../../../src/ncp/libopenthread-ncp-mtd.a(libopenthread_ncp_mtd_a-ncp_base_mtd.o)
                0x000000000020272a                otError ot::Ncp::NcpBase::HandlePropertyGet<(spinel_prop_key_t)100>()
 .text._ZN2ot3Ncp7NcpBase17HandlePropertyGetIL17spinel_prop_key_t101EEE7otErrorv
                0x0000000000202732       0x1a ../../../src/ncp/libopenthread-ncp-mtd.a(libopenthread_ncp_mtd_a-ncp_base_mtd.o)
                0x0000000000202732                otError ot::Ncp::NcpBase::HandlePropertyGet<(spinel_prop_key_t)101>()
 .text._ZN2ot3Ncp7NcpBase17HandlePropertySetIL17spinel_prop_key_t101EEE7otErrorv
                0x000000000020274c       0x2e ../../../src/ncp/libopenthread-ncp-mtd.a(libopenthread_ncp_mtd_a-ncp_base_mtd.o)
                0x000000000020274c                otError ot::Ncp::NcpBase::HandlePropertySet<(spinel_prop_key_t)101>()
 .text._ZN2ot3Ncp7NcpBase17HandlePropertyGetIL17spinel_prop_key_t102EEE7otErrorv
                0x000000000020277a       0x32 ../../../src/ncp/libopenthread-ncp-mtd.a(libopenthread_ncp_mtd_a-ncp_base_mtd.o)
                0x000000000020277a                otError ot::Ncp::NcpBase::HandlePropertyGet<(spinel_prop_key_t)102>()
 .text._ZN2ot3Ncp7NcpBase20HandlePropertyInsertIL17spinel_prop_key_t102EEE7otErrorv
                0x00000000002027ac       0x24 ../../../src/ncp/libopenthread-ncp-mtd.a(libopenthread_ncp_mtd_a-ncp_base_mtd.o)
                0x00000000002027ac                otError ot::Ncp::NcpBase::HandlePropertyInsert<(spinel_prop_key_t)102>()
 .text._ZN2ot3Ncp7NcpBase20HandlePropertyRemoveIL17spinel_prop_key_t102EEE7otErrorv
                0x00000000002027d0       0x24 ../../../src/ncp/libopenthread-ncp-mtd.a(libopenthread_ncp_mtd_a-ncp_base_mtd.o)
                0x00000000002027d0                otError ot::Ncp::NcpBase::HandlePropertyRemove<(spinel_prop_key_t)102>()
 .text._ZN2ot3Ncp7NcpBase17HandlePropertyGetIL17spinel_prop_key_t103EEE7otErrorv
                0x00000000002027f4       0x28 ../../../src/ncp/libopenthread-ncp-mtd.a(libopenthread_ncp_mtd_a-ncp_base_mtd.o)
                0x00000000002027f4                otError ot::Ncp::NcpBase::HandlePropertyGet<(spinel_prop_key_t)103>()
 .text._ZN2ot3Ncp7NcpBase17HandlePropertySetIL17spinel_prop_key_t103EEE7otErrorv
                0x000000000020281c       0x34 ../../../src/ncp/libopenthread-ncp-mtd.a(libopenthread_ncp_mtd_a-ncp_base_mtd.o)
                0x000000000020281c                otError ot::Ncp::NcpBase::HandlePropertySet<(spinel_prop_key_t)103>()
 .text._ZN2ot3Ncp7NcpBase17HandlePropertyGetIL17spinel_prop_key_t5382EEE7otErrorv
                0x0000000000202850       0x1a ../../../src/ncp/libopenthread-ncp-mtd.a(libopenthread_ncp_mtd_a-ncp_base_mtd.o)
                0x0000000000202850                otError ot::Ncp::NcpBase::HandlePropertyGet<(spinel_prop_key_t)5382>()
 .text._ZN2ot3Ncp7NcpBase17HandlePropertySetIL17spinel_prop_key_t5382EEE7otErrorv
                0x000000000020286a       0x2a ../../../src/ncp/libopenthread-ncp-mtd.a(libopenthread_ncp_mtd_a-ncp_base_mtd.o)
                0x000000000020286a                otError ot::Ncp::NcpBase::HandlePropertySet<(spinel_prop_key_t)5382>()
 .text._ZN2ot3Ncp7NcpBase17HandlePropertyGetIL17spinel_prop_key_t91EEE7otErrorv
                0x0000000000202894       0xa8 ../../../src/ncp/libopenthread-ncp-mtd.a(libopenthread_ncp_mtd_a-ncp_base_mtd.o)
                0x0000000000202894                otError ot::Ncp::NcpBase::HandlePropertyGet<(spinel_prop_key_t)91>()
 .text._ZN2ot3Ncp7NcpBase17HandlePropertySetIL17spinel_prop_key_t114EEE7otErrorv
                0x000000000020293c       0x68 ../../../src/ncp/libopenthread-ncp-mtd.a(libopenthread_ncp_mtd_a-ncp_base_mtd.o)
                0x000000000020293c                otError ot::Ncp::NcpBase::HandlePropertySet<(spinel_prop_key_t)114>()
 .text._ZN2ot3Ncp7NcpBase17HandlePropertyGetIL17spinel_prop_key_t4873EEE7otErrorv
                0x00000000002029a4       0x18 ../../../src/ncp/libopenthread-ncp-mtd.a(libopenthread_ncp_mtd_a-ncp_base_mtd.o)
                0x00000000002029a4                otError ot::Ncp::NcpBase::HandlePropertyGet<(spinel_prop_key_t)4873>()
 .text._ZN2ot3Ncp7NcpBase17HandlePropertyGetIL17spinel_prop_key_t1281EEE7otErrorv
                0x00000000002029bc       0x18 ../../../src/ncp/libopenthread-ncp-mtd.a(libopenthread_ncp_mtd_a-ncp_base_mtd.o)
                0x00000000002029bc                otError ot::Ncp::NcpBase::HandlePropertyGet<(spinel_prop_key_t)1281>()
 .text._ZN2ot3Ncp7NcpBase17HandlePropertyGetIL17spinel_prop_key_t1282EEE7otErrorv
                0x00000000002029d4       0x18 ../../../src/ncp/libopenthread-ncp-mtd.a(libopenthread_ncp_mtd_a-ncp_base_mtd.o)
                0x00000000002029d4                otError ot::Ncp::NcpBase::HandlePropertyGet<(spinel_prop_key_t)1282>()
 .text._ZN2ot3Ncp7NcpBase17HandlePropertyGetIL17spinel_prop_key_t1283EEE7otErrorv
                0x00000000002029ec       0x18 ../../../src/ncp/libopenthread-ncp-mtd.a(libopenthread_ncp_mtd_a-ncp_base_mtd.o)
                0x00000000002029ec                otError ot::Ncp::NcpBase::HandlePropertyGet<(spinel_prop_key_t)1283>()
 .text._ZN2ot3Ncp7NcpBase17HandlePropertyGetIL17spinel_prop_key_t1284EEE7otErrorv
                0x0000000000202a04       0x18 ../../../src/ncp/libopenthread-ncp-mtd.a(libopenthread_ncp_mtd_a-ncp_base_mtd.o)
                0x0000000000202a04                otError ot::Ncp::NcpBase::HandlePropertyGet<(spinel_prop_key_t)1284>()
 .text._ZN2ot3Ncp7NcpBase17HandlePropertyGetIL17spinel_prop_key_t1285EEE7otErrorv
                0x0000000000202a1c       0x18 ../../../src/ncp/libopenthread-ncp-mtd.a(libopenthread_ncp_mtd_a-ncp_base_mtd.o)
                0x0000000000202a1c                otError ot::Ncp::NcpBase::HandlePropertyGet<(spinel_prop_key_t)1285>()
 .text._ZN2ot3Ncp7NcpBase17HandlePropertyGetIL17spinel_prop_key_t1286EEE7otErrorv
                0x0000000000202a34       0x18 ../../../src/ncp/libopenthread-ncp-mtd.a(libopenthread_ncp_mtd_a-ncp_base_mtd.o)
                0x0000000000202a34                otError ot::Ncp::NcpBase::HandlePropertyGet<(spinel_prop_key_t)1286>()
 .text._ZN2ot3Ncp7NcpBase17HandlePropertyGetIL17spinel_prop_key_t1287EEE7otErrorv
                0x0000000000202a4c       0x18 ../../../src/ncp/libopenthread-ncp-mtd.a(libopenthread_ncp_mtd_a-ncp_base_mtd.o)
                0x0000000000202a4c                otError ot::Ncp::NcpBase::HandlePropertyGet<(spinel_prop_key_t)1287>()
 .text._ZN2ot3Ncp7NcpBase17HandlePropertyGetIL17spinel_prop_key_t1288EEE7otErrorv
                0x0000000000202a64       0x18 ../../../src/ncp/libopenthread-ncp-mtd.a(libopenthread_ncp_mtd_a-ncp_base_mtd.o)
                0x0000000000202a64                otError ot::Ncp::NcpBase::HandlePropertyGet<(spinel_prop_key_t)1288>()
 .text._ZN2ot3Ncp7NcpBase17HandlePropertyGetIL17spinel_prop_key_t1289EEE7otErrorv
                0x0000000000202a7c       0x18 ../../../src/ncp/libopenthread-ncp-mtd.a(libopenthread_ncp_mtd_a-ncp_base_mtd.o)
                0x0000000000202a7c                otError ot::Ncp::NcpBase::HandlePropertyGet<(spinel_prop_key_t)1289>()
 .text._ZN2ot3Ncp7NcpBase17HandlePropertyGetIL17spinel_prop_key_t1290EEE7otErrorv
                0x0000000000202a94       0x18 ../../../src/ncp/libopenthread-ncp-mtd.a(libopenthread_ncp_mtd_a-ncp_base_mtd.o)
                0x0000000000202a94                otError ot::Ncp::NcpBase::HandlePropertyGet<(spinel_prop_key_t)1290>()
 .text._ZN2ot3Ncp7NcpBase17HandlePropertyGetIL17spinel_prop_key_t1291EEE7otErrorv
                0x0000000000202aac       0x18 ../../../src/ncp/libopenthread-ncp-mtd.a(libopenthread_ncp_mtd_a-ncp_base_mtd.o)
                0x0000000000202aac                otError ot::Ncp::NcpBase::HandlePropertyGet<(spinel_prop_key_t)1291>()
 .text._ZN2ot3Ncp7NcpBase17HandlePropertyGetIL17spinel_prop_key_t1292EEE7otErrorv
                0x0000000000202ac4       0x18 ../../../src/ncp/libopenthread-ncp-mtd.a(libopenthread_ncp_mtd_a-ncp_base_mtd.o)
                0x0000000000202ac4                otError ot::Ncp::NcpBase::HandlePropertyGet<(spinel_prop_key_t)1292>()
 .text._ZN2ot3Ncp7NcpBase17HandlePropertyGetIL17spinel_prop_key_t1293EEE7otErrorv
                0x0000000000202adc       0x18 ../../../src/ncp/libopenthread-ncp-mtd.a(libopenthread_ncp_mtd_a-ncp_base_mtd.o)
                0x0000000000202adc                otError ot::Ncp::NcpBase::HandlePropertyGet<(spinel_prop_key_t)1293>()
 .text._ZN2ot3Ncp7NcpBase17HandlePropertyGetIL17spinel_prop_key_t1294EEE7otErrorv
                0x0000000000202af4       0x18 ../../../src/ncp/libopenthread-ncp-mtd.a(libopenthread_ncp_mtd_a-ncp_base_mtd.o)
                0x0000000000202af4                otError ot::Ncp::NcpBase::HandlePropertyGet<(spinel_prop_key_t)1294>()
 .text._ZN2ot3Ncp7NcpBase17HandlePropertyGetIL17spinel_prop_key_t1380EEE7otErrorv
                0x0000000000202b0c       0x18 ../../../src/ncp/libopenthread-ncp-mtd.a(libopenthread_ncp_mtd_a-ncp_base_mtd.o)
                0x0000000000202b0c                otError ot::Ncp::NcpBase::HandlePropertyGet<(spinel_prop_key_t)1380>()
 .text._ZN2ot3Ncp7NcpBase17HandlePropertyGetIL17spinel_prop_key_t1381EEE7otErrorv
                0x0000000000202b24       0x18 ../../../src/ncp/libopenthread-ncp-mtd.a(libopenthread_ncp_mtd_a-ncp_base_mtd.o)
                0x0000000000202b24                otError ot::Ncp::NcpBase::HandlePropertyGet<(spinel_prop_key_t)1381>()
 .text._ZN2ot3Ncp7NcpBase17HandlePropertyGetIL17spinel_prop_key_t1382EEE7otErrorv
                0x0000000000202b3c       0x18 ../../../src/ncp/libopenthread-ncp-mtd.a(libopenthread_ncp_mtd_a-ncp_base_mtd.o)
                0x0000000000202b3c                otError ot::Ncp::NcpBase::HandlePropertyGet<(spinel_prop_key_t)1382>()
 .text._ZN2ot3Ncp7NcpBase17HandlePropertyGetIL17spinel_prop_key_t1383EEE7otErrorv
                0x0000000000202b54       0x18 ../../../src/ncp/libopenthread-ncp-mtd.a(libopenthread_ncp_mtd_a-ncp_base_mtd.o)
                0x0000000000202b54                otError ot::Ncp::NcpBase::HandlePropertyGet<(spinel_prop_key_t)1383>()
 .text._ZN2ot3Ncp7NcpBase17HandlePropertyGetIL17spinel_prop_key_t1384EEE7otErrorv
                0x0000000000202b6c       0x18 ../../../src/ncp/libopenthread-ncp-mtd.a(libopenthread_ncp_mtd_a-ncp_base_mtd.o)
                0x0000000000202b6c                otError ot::Ncp::NcpBase::HandlePropertyGet<(spinel_prop_key_t)1384>()
 .text._ZN2ot3Ncp7NcpBase17HandlePropertyGetIL17spinel_prop_key_t1385EEE7otErrorv
                0x0000000000202b84       0x18 ../../../src/ncp/libopenthread-ncp-mtd.a(libopenthread_ncp_mtd_a-ncp_base_mtd.o)
                0x0000000000202b84                otError ot::Ncp::NcpBase::HandlePropertyGet<(spinel_prop_key_t)1385>()
 .text._ZN2ot3Ncp7NcpBase17HandlePropertyGetIL17spinel_prop_key_t1386EEE7otErrorv
                0x0000000000202b9c       0x18 ../../../src/ncp/libopenthread-ncp-mtd.a(libopenthread_ncp_mtd_a-ncp_base_mtd.o)
                0x0000000000202b9c                otError ot::Ncp::NcpBase::HandlePropertyGet<(spinel_prop_key_t)1386>()
 .text._ZN2ot3Ncp7NcpBase17HandlePropertyGetIL17spinel_prop_key_t1387EEE7otErrorv
                0x0000000000202bb4       0x18 ../../../src/ncp/libopenthread-ncp-mtd.a(libopenthread_ncp_mtd_a-ncp_base_mtd.o)
                0x0000000000202bb4                otError ot::Ncp::NcpBase::HandlePropertyGet<(spinel_prop_key_t)1387>()
 .text._ZN2ot3Ncp7NcpBase17HandlePropertyGetIL17spinel_prop_key_t1394EEE7otErrorv
                0x0000000000202bcc       0x18 ../../../src/ncp/libopenthread-ncp-mtd.a(libopenthread_ncp_mtd_a-ncp_base_mtd.o)
                0x0000000000202bcc                otError ot::Ncp::NcpBase::HandlePropertyGet<(spinel_prop_key_t)1394>()
 .text._ZN2ot3Ncp7NcpBase17HandlePropertyGetIL17spinel_prop_key_t1395EEE7otErrorv
                0x0000000000202be4       0x18 ../../../src/ncp/libopenthread-ncp-mtd.a(libopenthread_ncp_mtd_a-ncp_base_mtd.o)
                0x0000000000202be4                otError ot::Ncp::NcpBase::HandlePropertyGet<(spinel_prop_key_t)1395>()
 .text._ZN2ot3Ncp7NcpBase17HandlePropertyGetIL17spinel_prop_key_t1396EEE7otErrorv
                0x0000000000202bfc       0x18 ../../../src/ncp/libopenthread-ncp-mtd.a(libopenthread_ncp_mtd_a-ncp_base_mtd.o)
                0x0000000000202bfc                otError ot::Ncp::NcpBase::HandlePropertyGet<(spinel_prop_key_t)1396>()
 .text._ZN2ot3Ncp7NcpBase17HandlePropertyGetIL17spinel_prop_key_t1388EEE7otErrorv
                0x0000000000202c14       0x18 ../../../src/ncp/libopenthread-ncp-mtd.a(libopenthread_ncp_mtd_a-ncp_base_mtd.o)
                0x0000000000202c14                otError ot::Ncp::NcpBase::HandlePropertyGet<(spinel_prop_key_t)1388>()
 .text._ZN2ot3Ncp7NcpBase17HandlePropertyGetIL17spinel_prop_key_t1389EEE7otErrorv
                0x0000000000202c2c       0x18 ../../../src/ncp/libopenthread-ncp-mtd.a(libopenthread_ncp_mtd_a-ncp_base_mtd.o)
                0x0000000000202c2c                otError ot::Ncp::NcpBase::HandlePropertyGet<(spinel_prop_key_t)1389>()
 .text._ZN2ot3Ncp7NcpBase17HandlePropertyGetIL17spinel_prop_key_t1390EEE7otErrorv
                0x0000000000202c44       0x18 ../../../src/ncp/libopenthread-ncp-mtd.a(libopenthread_ncp_mtd_a-ncp_base_mtd.o)
                0x0000000000202c44                otError ot::Ncp::NcpBase::HandlePropertyGet<(spinel_prop_key_t)1390>()
 .text._ZN2ot3Ncp7NcpBase17HandlePropertyGetIL17spinel_prop_key_t1391EEE7otErrorv
                0x0000000000202c5c       0x18 ../../../src/ncp/libopenthread-ncp-mtd.a(libopenthread_ncp_mtd_a-ncp_base_mtd.o)
                0x0000000000202c5c                otError ot::Ncp::NcpBase::HandlePropertyGet<(spinel_prop_key_t)1391>()
 .text._ZN2ot3Ncp7NcpBase17HandlePropertyGetIL17spinel_prop_key_t1392EEE7otErrorv
                0x0000000000202c74       0x18 ../../../src/ncp/libopenthread-ncp-mtd.a(libopenthread_ncp_mtd_a-ncp_base_mtd.o)
                0x0000000000202c74                otError ot::Ncp::NcpBase::HandlePropertyGet<(spinel_prop_key_t)1392>()
 .text._ZN2ot3Ncp7NcpBase17HandlePropertyGetIL17spinel_prop_key_t1393EEE7otErrorv
                0x0000000000202c8c       0x18 ../../../src/ncp/libopenthread-ncp-mtd.a(libopenthread_ncp_mtd_a-ncp_base_mtd.o)
                0x0000000000202c8c                otError ot::Ncp::NcpBase::HandlePropertyGet<(spinel_prop_key_t)1393>()
 .text._ZN2ot3Ncp7NcpBase17HandlePropertyGetIL17spinel_prop_key_t1480EEE7otErrorv
                0x0000000000202ca4        0xa ../../../src/ncp/libopenthread-ncp-mtd.a(libopenthread_ncp_mtd_a-ncp_base_mtd.o)
                0x0000000000202ca4                otError ot::Ncp::NcpBase::HandlePropertyGet<(spinel_prop_key_t)1480>()
 .text._ZN2ot3Ncp7NcpBase17HandlePropertyGetIL17spinel_prop_key_t1481EEE7otErrorv
                0x0000000000202cae        0xa ../../../src/ncp/libopenthread-ncp-mtd.a(libopenthread_ncp_mtd_a-ncp_base_mtd.o)
                0x0000000000202cae                otError ot::Ncp::NcpBase::HandlePropertyGet<(spinel_prop_key_t)1481>()
 .text._ZN2ot3Ncp7NcpBase17HandlePropertyGetIL17spinel_prop_key_t1482EEE7otErrorv
                0x0000000000202cb8        0xa ../../../src/ncp/libopenthread-ncp-mtd.a(libopenthread_ncp_mtd_a-ncp_base_mtd.o)
                0x0000000000202cb8                otError ot::Ncp::NcpBase::HandlePropertyGet<(spinel_prop_key_t)1482>()
 .text._ZN2ot3Ncp7NcpBase17HandlePropertyGetIL17spinel_prop_key_t1483EEE7otErrorv
                0x0000000000202cc2        0xa ../../../src/ncp/libopenthread-ncp-mtd.a(libopenthread_ncp_mtd_a-ncp_base_mtd.o)
                0x0000000000202cc2                otError ot::Ncp::NcpBase::HandlePropertyGet<(spinel_prop_key_t)1483>()
 .text._ZN2ot3Ncp7NcpBase17HandlePropertyGetIL17spinel_prop_key_t1484EEE7otErrorv
                0x0000000000202ccc        0xa ../../../src/ncp/libopenthread-ncp-mtd.a(libopenthread_ncp_mtd_a-ncp_base_mtd.o)
                0x0000000000202ccc                otError ot::Ncp::NcpBase::HandlePropertyGet<(spinel_prop_key_t)1484>()
 .text._ZN2ot3Ncp7NcpBase17HandlePropertyGetIL17spinel_prop_key_t1485EEE7otErrorv
                0x0000000000202cd6        0xa ../../../src/ncp/libopenthread-ncp-mtd.a(libopenthread_ncp_mtd_a-ncp_base_mtd.o)
                0x0000000000202cd6                otError ot::Ncp::NcpBase::HandlePropertyGet<(spinel_prop_key_t)1485>()
 .text._ZN2ot3Ncp7NcpBase17HandlePropertyGetIL17spinel_prop_key_t1580EEE7otErrorv
                0x0000000000202ce0        0xa ../../../src/ncp/libopenthread-ncp-mtd.a(libopenthread_ncp_mtd_a-ncp_base_mtd.o)
                0x0000000000202ce0                otError ot::Ncp::NcpBase::HandlePropertyGet<(spinel_prop_key_t)1580>()
 .text._ZN2ot3Ncp7NcpBase17HandlePropertyGetIL17spinel_prop_key_t1581EEE7otErrorv
                0x0000000000202cea        0xa ../../../src/ncp/libopenthread-ncp-mtd.a(libopenthread_ncp_mtd_a-ncp_base_mtd.o)
                0x0000000000202cea                otError ot::Ncp::NcpBase::HandlePropertyGet<(spinel_prop_key_t)1581>()
 .text._ZN2ot3Ncp7NcpBase17HandlePropertyGetIL17spinel_prop_key_t1582EEE7otErrorv
                0x0000000000202cf4        0xa ../../../src/ncp/libopenthread-ncp-mtd.a(libopenthread_ncp_mtd_a-ncp_base_mtd.o)
                0x0000000000202cf4                otError ot::Ncp::NcpBase::HandlePropertyGet<(spinel_prop_key_t)1582>()
 .text._ZN2ot3Ncp7NcpBase17HandlePropertyGetIL17spinel_prop_key_t1584EEE7otErrorv
                0x0000000000202cfe       0x18 ../../../src/ncp/libopenthread-ncp-mtd.a(libopenthread_ncp_mtd_a-ncp_base_mtd.o)
                0x0000000000202cfe                otError ot::Ncp::NcpBase::HandlePropertyGet<(spinel_prop_key_t)1584>()
 .text._ZN2ot3Ncp7NcpBase17HandlePropertyGetIL17spinel_prop_key_t1585EEE7otErrorv
                0x0000000000202d16       0x18 ../../../src/ncp/libopenthread-ncp-mtd.a(libopenthread_ncp_mtd_a-ncp_base_mtd.o)
                0x0000000000202d16                otError ot::Ncp::NcpBase::HandlePropertyGet<(spinel_prop_key_t)1585>()
 .text._ZN2ot3Ncp7NcpBase17HandlePropertyGetIL17spinel_prop_key_t1586EEE7otErrorv
                0x0000000000202d2e       0x18 ../../../src/ncp/libopenthread-ncp-mtd.a(libopenthread_ncp_mtd_a-ncp_base_mtd.o)
                0x0000000000202d2e                otError ot::Ncp::NcpBase::HandlePropertyGet<(spinel_prop_key_t)1586>()
 .text._ZN2ot3Ncp7NcpBase17HandlePropertyGetIL17spinel_prop_key_t1587EEE7otErrorv
                0x0000000000202d46       0x18 ../../../src/ncp/libopenthread-ncp-mtd.a(libopenthread_ncp_mtd_a-ncp_base_mtd.o)
                0x0000000000202d46                otError ot::Ncp::NcpBase::HandlePropertyGet<(spinel_prop_key_t)1587>()
 .text._ZN2ot3Ncp7NcpBase17HandlePropertyGetIL17spinel_prop_key_t1680EEE7otErrorv
                0x0000000000202d5e       0xde ../../../src/ncp/libopenthread-ncp-mtd.a(libopenthread_ncp_mtd_a-ncp_base_mtd.o)
                0x0000000000202d5e                otError ot::Ncp::NcpBase::HandlePropertyGet<(spinel_prop_key_t)1680>()
 .text._ZN2ot3Ncp7NcpBase17HandlePropertyGetIL17spinel_prop_key_t1681EEE7otErrorv
                0x0000000000202e3c      0x1ca ../../../src/ncp/libopenthread-ncp-mtd.a(libopenthread_ncp_mtd_a-ncp_base_mtd.o)
                0x0000000000202e3c                otError ot::Ncp::NcpBase::HandlePropertyGet<(spinel_prop_key_t)1681>()
 .text._ZN2ot3Ncp7NcpBase17HandlePropertyGetIL17spinel_prop_key_t1682EEE7otErrorv
                0x0000000000203006       0x7a ../../../src/ncp/libopenthread-ncp-mtd.a(libopenthread_ncp_mtd_a-ncp_base_mtd.o)
                0x0000000000203006                otError ot::Ncp::NcpBase::HandlePropertyGet<(spinel_prop_key_t)1682>()
 .text._ZN2ot3Ncp7NcpBase17HandlePropertyGetIL17spinel_prop_key_t94EEE7otErrorv
                0x0000000000203080       0x2a ../../../src/ncp/libopenthread-ncp-mtd.a(libopenthread_ncp_mtd_a-ncp_base_mtd.o)
                0x0000000000203080                otError ot::Ncp::NcpBase::HandlePropertyGet<(spinel_prop_key_t)94>()
 .text._ZN2ot3Ncp7NcpBase17HandlePropertySetIL17spinel_prop_key_t94EEE7otErrorv
                0x00000000002030aa       0x46 ../../../src/ncp/libopenthread-ncp-mtd.a(libopenthread_ncp_mtd_a-ncp_base_mtd.o)
                0x00000000002030aa                otError ot::Ncp::NcpBase::HandlePropertySet<(spinel_prop_key_t)94>()
 .text._ZN2ot3Ncp7NcpBase17HandlePropertyGetIL17spinel_prop_key_t5376EEE7otErrorv
                0x00000000002030f0       0x18 ../../../src/ncp/libopenthread-ncp-mtd.a(libopenthread_ncp_mtd_a-ncp_base_mtd.o)
                0x00000000002030f0                otError ot::Ncp::NcpBase::HandlePropertyGet<(spinel_prop_key_t)5376>()
 .text._ZN2ot3Ncp7NcpBase17HandlePropertySetIL17spinel_prop_key_t5376EEE7otErrorv
                0x0000000000203108       0x24 ../../../src/ncp/libopenthread-ncp-mtd.a(libopenthread_ncp_mtd_a-ncp_base_mtd.o)
                0x0000000000203108                otError ot::Ncp::NcpBase::HandlePropertySet<(spinel_prop_key_t)5376>()
 .text._ZN2ot3Ncp7NcpBase17HandlePropertyGetIL17spinel_prop_key_t5377EEE7otErrorv
                0x000000000020312c       0x18 ../../../src/ncp/libopenthread-ncp-mtd.a(libopenthread_ncp_mtd_a-ncp_base_mtd.o)
                0x000000000020312c                otError ot::Ncp::NcpBase::HandlePropertyGet<(spinel_prop_key_t)5377>()
 .text._ZN2ot3Ncp7NcpBase17HandlePropertyGetIL17spinel_prop_key_t73EEE7otErrorv
                0x0000000000203144        0xa ../../../src/ncp/libopenthread-ncp-mtd.a(libopenthread_ncp_mtd_a-ncp_base_mtd.o)
                0x0000000000203144                otError ot::Ncp::NcpBase::HandlePropertyGet<(spinel_prop_key_t)73>()
 .text._ZN2ot3Ncp7NcpBase17HandlePropertySetIL17spinel_prop_key_t73EEE7otErrorv
                0x000000000020314e        0xa ../../../src/ncp/libopenthread-ncp-mtd.a(libopenthread_ncp_mtd_a-ncp_base_mtd.o)
                0x000000000020314e                otError ot::Ncp::NcpBase::HandlePropertySet<(spinel_prop_key_t)73>()
 .text._ZN2ot3Ncp7NcpBase17HandlePropertySetIL17spinel_prop_key_t115EEE7otErrorv
                0x0000000000203158       0x80 ../../../src/ncp/libopenthread-ncp-mtd.a(libopenthread_ncp_mtd_a-ncp_base_mtd.o)
                0x0000000000203158                otError ot::Ncp::NcpBase::HandlePropertySet<(spinel_prop_key_t)115>()
 .text._ZN2ot3Ncp7NcpBase17HandlePropertySetIL17spinel_prop_key_t1280EEE7otErrorv
                0x00000000002031d8       0x24 ../../../src/ncp/libopenthread-ncp-mtd.a(libopenthread_ncp_mtd_a-ncp_base_mtd.o)
                0x00000000002031d8                otError ot::Ncp::NcpBase::HandlePropertySet<(spinel_prop_key_t)1280>()
 .text._ZN2ot3Ncp7NcpBase20HandlePropertyInsertIL17spinel_prop_key_t92EEE7otErrorv
                0x00000000002031fc       0x1e ../../../src/ncp/libopenthread-ncp-mtd.a(libopenthread_ncp_mtd_a-ncp_base_mtd.o)
                0x00000000002031fc                otError ot::Ncp::NcpBase::HandlePropertyInsert<(spinel_prop_key_t)92>()
 .text._ZN2ot3Ncp7NcpBase20HandlePropertyRemoveIL17spinel_prop_key_t92EEE7otErrorv
                0x000000000020321a       0x26 ../../../src/ncp/libopenthread-ncp-mtd.a(libopenthread_ncp_mtd_a-ncp_base_mtd.o)
                0x000000000020321a                otError ot::Ncp::NcpBase::HandlePropertyRemove<(spinel_prop_key_t)92>()
 .text._ZN2ot3Ncp7NcpBase22HandleActiveScanResultEP18otActiveScanResult
                0x0000000000203240      0x114 ../../../src/ncp/libopenthread-ncp-mtd.a(libopenthread_ncp_mtd_a-ncp_base_mtd.o)
                0x0000000000203240                ot::Ncp::NcpBase::HandleActiveScanResult(otActiveScanResult*)
 .text._ZN2ot3Ncp7NcpBase27HandleActiveScanResult_JumpEP18otActiveScanResultPv
                0x0000000000203354        0xa ../../../src/ncp/libopenthread-ncp-mtd.a(libopenthread_ncp_mtd_a-ncp_base_mtd.o)
                0x0000000000203354                ot::Ncp::NcpBase::HandleActiveScanResult_Jump(otActiveScanResult*, void*)
 .text._ZN2ot3Ncp7NcpBase22HandleEnergyScanResultEP18otEnergyScanResult
                0x000000000020335e       0x5c ../../../src/ncp/libopenthread-ncp-mtd.a(libopenthread_ncp_mtd_a-ncp_base_mtd.o)
                0x000000000020335e                ot::Ncp::NcpBase::HandleEnergyScanResult(otEnergyScanResult*)
 .text._ZN2ot3Ncp7NcpBase27HandleEnergyScanResult_JumpEP18otEnergyScanResultPv
                0x00000000002033ba        0xa ../../../src/ncp/libopenthread-ncp-mtd.a(libopenthread_ncp_mtd_a-ncp_base_mtd.o)
                0x00000000002033ba                ot::Ncp::NcpBase::HandleEnergyScanResult_Jump(otEnergyScanResult*, void*)
 .text._ZN2ot3Ncp7NcpBase19SendDatagramMessageEP9otMessage
                0x00000000002033c4       0x62 ../../../src/ncp/libopenthread-ncp-mtd.a(libopenthread_ncp_mtd_a-ncp_base_mtd.o)
                0x00000000002033c4                ot::Ncp::NcpBase::SendDatagramMessage(otMessage*)
 .text._ZN2ot3Ncp7NcpBase26SendQueuedDatagramMessagesEv
                0x0000000000203426       0x38 ../../../src/ncp/libopenthread-ncp-mtd.a(libopenthread_ncp_mtd_a-ncp_base_mtd.o)
                0x0000000000203426                ot::Ncp::NcpBase::SendQueuedDatagramMessages()
 .text._ZN2ot3Ncp7NcpBase23HandleDatagramFromStackEP9otMessage
                0x000000000020345e       0x28 ../../../src/ncp/libopenthread-ncp-mtd.a(libopenthread_ncp_mtd_a-ncp_base_mtd.o)
                0x000000000020345e                ot::Ncp::NcpBase::HandleDatagramFromStack(otMessage*)
 .text._ZN2ot3Ncp7NcpBase23HandleDatagramFromStackEP9otMessagePv
                0x0000000000203486        0xa ../../../src/ncp/libopenthread-ncp-mtd.a(libopenthread_ncp_mtd_a-ncp_base_mtd.o)
                0x0000000000203486                ot::Ncp::NcpBase::HandleDatagramFromStack(otMessage*, void*)
 .text._ZN2ot3Ncp7NcpBase15HandlePcapFrameEPK12otRadioFrameb
                0x0000000000203490       0x84 ../../../src/ncp/libopenthread-ncp-mtd.a(libopenthread_ncp_mtd_a-ncp_base_mtd.o)
                0x0000000000203490                ot::Ncp::NcpBase::HandlePcapFrame(otRadioFrame const*, bool)
 .text._ZN2ot3Ncp7NcpBase15HandlePcapFrameEPK12otRadioFramebPv
                0x0000000000203514        0xc ../../../src/ncp/libopenthread-ncp-mtd.a(libopenthread_ncp_mtd_a-ncp_base_mtd.o)
                0x0000000000203514                ot::Ncp::NcpBase::HandlePcapFrame(otRadioFrame const*, bool, void*)
 .text._ZN2ot3Ncp7NcpBase17HandlePropertyGetIL17spinel_prop_key_t40EEE7otErrorv
                0x0000000000203520        0xa ../../../src/ncp/libopenthread-ncp-mtd.a(libopenthread_ncp_mtd_a-ncp_base_mtd.o)
                0x0000000000203520                otError ot::Ncp::NcpBase::HandlePropertyGet<(spinel_prop_key_t)40>()
 *fill*         0x000000000020352a        0x2 00000000
 .text._ZN2ot3Ncp7NcpBase17HandlePropertySetIL17spinel_prop_key_t40EEE7otErrorv
                0x000000000020352c       0x40 ../../../src/ncp/libopenthread-ncp-mtd.a(libopenthread_ncp_mtd_a-ncp_base_mtd.o)
                0x000000000020352c                otError ot::Ncp::NcpBase::HandlePropertySet<(spinel_prop_key_t)40>()
 .text._ZN2ot3Ncp7NcpBase18HandleStateChangedEmPv
                0x000000000020356c       0x12 ../../../src/ncp/libopenthread-ncp-mtd.a(libopenthread_ncp_mtd_a-ncp_base_mtd.o)
                0x000000000020356c                ot::Ncp::NcpBase::HandleStateChanged(unsigned long, void*)
 *fill*         0x000000000020357e        0x2 00000000
 .text._ZN2ot3Ncp7NcpBase25ProcessThreadChangedFlagsEv
                0x0000000000203580       0xe0 ../../../src/ncp/libopenthread-ncp-mtd.a(libopenthread_ncp_mtd_a-ncp_base_mtd.o)
                0x0000000000203580                ot::Ncp::NcpBase::ProcessThreadChangedFlags()
 .text._ZN2ot3Ncp7NcpBase22FindGetPropertyHandlerE17spinel_prop_key_t
                0x0000000000203660      0xa18 ../../../src/ncp/libopenthread-ncp-mtd.a(libopenthread_ncp_mtd_a-ncp_base_dispatcher.o)
                0x0000000000203660                ot::Ncp::NcpBase::FindGetPropertyHandler(spinel_prop_key_t)
 .text._ZN2ot3Ncp7NcpBase22FindSetPropertyHandlerE17spinel_prop_key_t
                0x0000000000204078      0x298 ../../../src/ncp/libopenthread-ncp-mtd.a(libopenthread_ncp_mtd_a-ncp_base_dispatcher.o)
                0x0000000000204078                ot::Ncp::NcpBase::FindSetPropertyHandler(spinel_prop_key_t)
 .text._ZN2ot3Ncp7NcpBase25FindInsertPropertyHandlerE17spinel_prop_key_t
                0x0000000000204310       0x44 ../../../src/ncp/libopenthread-ncp-mtd.a(libopenthread_ncp_mtd_a-ncp_base_dispatcher.o)
                0x0000000000204310                ot::Ncp::NcpBase::FindInsertPropertyHandler(spinel_prop_key_t)
 .text._ZN2ot3Ncp7NcpBase25FindRemovePropertyHandlerE17spinel_prop_key_t
                0x0000000000204354       0x44 ../../../src/ncp/libopenthread-ncp-mtd.a(libopenthread_ncp_mtd_a-ncp_base_dispatcher.o)
                0x0000000000204354                ot::Ncp::NcpBase::FindRemovePropertyHandler(spinel_prop_key_t)
 .text._ZN2ot3Ncp14NcpFrameBuffer5ClearEv
                0x0000000000204398       0xaa ../../../src/ncp/libopenthread-ncp-mtd.a(libopenthread_ncp_mtd_a-ncp_buffer.o)
                0x0000000000204398                ot::Ncp::NcpFrameBuffer::Clear()
 .text._ZN2ot3Ncp14NcpFrameBufferC2EPht
                0x0000000000204442       0x36 ../../../src/ncp/libopenthread-ncp-mtd.a(libopenthread_ncp_mtd_a-ncp_buffer.o)
                0x0000000000204442                ot::Ncp::NcpFrameBuffer::NcpFrameBuffer(unsigned char*, unsigned short)
                0x0000000000204442                ot::Ncp::NcpFrameBuffer::NcpFrameBuffer(unsigned char*, unsigned short)
 .text._ZN2ot3Ncp14NcpFrameBuffer21SetFrameAddedCallbackEPFvPvPKvNS1_8PriorityEPS1_ES2_
                0x0000000000204478        0x6 ../../../src/ncp/libopenthread-ncp-mtd.a(libopenthread_ncp_mtd_a-ncp_buffer.o)
                0x0000000000204478                ot::Ncp::NcpFrameBuffer::SetFrameAddedCallback(void (*)(void*, void const*, ot::Ncp::NcpFrameBuffer::Priority, ot::Ncp::NcpFrameBuffer*), void*)
 .text._ZN2ot3Ncp14NcpFrameBuffer23SetFrameRemovedCallbackEPFvPvPKvNS1_8PriorityEPS1_ES2_
                0x000000000020447e        0x6 ../../../src/ncp/libopenthread-ncp-mtd.a(libopenthread_ncp_mtd_a-ncp_buffer.o)
                0x000000000020447e                ot::Ncp::NcpFrameBuffer::SetFrameRemovedCallback(void (*)(void*, void const*, ot::Ncp::NcpFrameBuffer::Priority, ot::Ncp::NcpFrameBuffer*), void*)
 .text._ZNK2ot3Ncp14NcpFrameBuffer16GetUpdatedBufPtrEPhtNS1_9DirectionE
                0x0000000000204484       0x2c ../../../src/ncp/libopenthread-ncp-mtd.a(libopenthread_ncp_mtd_a-ncp_buffer.o)
                0x0000000000204484                ot::Ncp::NcpFrameBuffer::GetUpdatedBufPtr(unsigned char*, unsigned short, ot::Ncp::NcpFrameBuffer::Direction) const
 .text._ZNK2ot3Ncp14NcpFrameBuffer11GetDistanceEPhS2_NS1_9DirectionE
                0x00000000002044b0       0x3a ../../../src/ncp/libopenthread-ncp-mtd.a(libopenthread_ncp_mtd_a-ncp_buffer.o)
                0x00000000002044b0                ot::Ncp::NcpFrameBuffer::GetDistance(unsigned char*, unsigned char*, ot::Ncp::NcpFrameBuffer::Direction) const
 .text._ZN2ot3Ncp14NcpFrameBuffer13WriteUint16AtEPhtNS1_9DirectionE
                0x00000000002044ea       0x12 ../../../src/ncp/libopenthread-ncp-mtd.a(libopenthread_ncp_mtd_a-ncp_buffer.o)
                0x00000000002044ea                ot::Ncp::NcpFrameBuffer::WriteUint16At(unsigned char*, unsigned short, ot::Ncp::NcpFrameBuffer::Direction)
 .text._ZN2ot3Ncp14NcpFrameBuffer12ReadUint16AtEPhNS1_9DirectionE
                0x00000000002044fc       0x16 ../../../src/ncp/libopenthread-ncp-mtd.a(libopenthread_ncp_mtd_a-ncp_buffer.o)
                0x00000000002044fc                ot::Ncp::NcpFrameBuffer::ReadUint16At(unsigned char*, ot::Ncp::NcpFrameBuffer::Direction)
 .text._ZN2ot3Ncp14NcpFrameBuffer17InFrameEndSegmentEt
                0x0000000000204512       0x4c ../../../src/ncp/libopenthread-ncp-mtd.a(libopenthread_ncp_mtd_a-ncp_buffer.o)
                0x0000000000204512                ot::Ncp::NcpFrameBuffer::InFrameEndSegment(unsigned short)
 .text._ZN2ot3Ncp14NcpFrameBuffer16InFrameOverwriteERKNS1_13WritePositionEPKht
                0x000000000020455e       0x68 ../../../src/ncp/libopenthread-ncp-mtd.a(libopenthread_ncp_mtd_a-ncp_buffer.o)
                0x000000000020455e                ot::Ncp::NcpFrameBuffer::InFrameOverwrite(ot::Ncp::NcpFrameBuffer::WritePosition const&, unsigned char const*, unsigned short)
 .text._ZNK2ot3Ncp14NcpFrameBuffer18InFrameGetDistanceERKNS1_13WritePositionE
                0x00000000002045c6       0x50 ../../../src/ncp/libopenthread-ncp-mtd.a(libopenthread_ncp_mtd_a-ncp_buffer.o)
                0x00000000002045c6                ot::Ncp::NcpFrameBuffer::InFrameGetDistance(ot::Ncp::NcpFrameBuffer::WritePosition const&) const
 .text._ZN2ot3Ncp14NcpFrameBuffer12InFrameResetERKNS1_13WritePositionE
                0x0000000000204616       0x46 ../../../src/ncp/libopenthread-ncp-mtd.a(libopenthread_ncp_mtd_a-ncp_buffer.o)
                0x0000000000204616                ot::Ncp::NcpFrameBuffer::InFrameReset(ot::Ncp::NcpFrameBuffer::WritePosition const&)
 .text._ZN2ot3Ncp14NcpFrameBuffer10InFrameEndEv
                0x000000000020465c       0x68 ../../../src/ncp/libopenthread-ncp-mtd.a(libopenthread_ncp_mtd_a-ncp_buffer.o)
                0x000000000020465c                ot::Ncp::NcpFrameBuffer::InFrameEnd()
 .text._ZNK2ot3Ncp14NcpFrameBuffer17InFrameGetLastTagEv
                0x00000000002046c4        0x4 ../../../src/ncp/libopenthread-ncp-mtd.a(libopenthread_ncp_mtd_a-ncp_buffer.o)
                0x00000000002046c4                ot::Ncp::NcpFrameBuffer::InFrameGetLastTag() const
 .text._ZNK2ot3Ncp14NcpFrameBuffer7IsEmptyEv
                0x00000000002046c8       0x18 ../../../src/ncp/libopenthread-ncp-mtd.a(libopenthread_ncp_mtd_a-ncp_buffer.o)
                0x00000000002046c8                ot::Ncp::NcpFrameBuffer::IsEmpty() const
 .text._ZN2ot3Ncp14NcpFrameBuffer27OutFrameSelectReadDirectionEv
                0x00000000002046e0       0x16 ../../../src/ncp/libopenthread-ncp-mtd.a(libopenthread_ncp_mtd_a-ncp_buffer.o)
                0x00000000002046e0                ot::Ncp::NcpFrameBuffer::OutFrameSelectReadDirection()
 .text._ZN2ot3Ncp14NcpFrameBuffer25OutFrameFillMessageBufferEv
                0x00000000002046f6       0x42 ../../../src/ncp/libopenthread-ncp-mtd.a(libopenthread_ncp_mtd_a-ncp_buffer.o)
                0x00000000002046f6                ot::Ncp::NcpFrameBuffer::OutFrameFillMessageBuffer()
 .text._ZN2ot3Ncp14NcpFrameBuffer22OutFramePrepareMessageEv
                0x0000000000204738       0x4a ../../../src/ncp/libopenthread-ncp-mtd.a(libopenthread_ncp_mtd_a-ncp_buffer.o)
                0x0000000000204738                ot::Ncp::NcpFrameBuffer::OutFramePrepareMessage()
 .text._ZN2ot3Ncp14NcpFrameBuffer22OutFramePrepareSegmentEv
                0x0000000000204782       0x70 ../../../src/ncp/libopenthread-ncp-mtd.a(libopenthread_ncp_mtd_a-ncp_buffer.o)
                0x0000000000204782                ot::Ncp::NcpFrameBuffer::OutFramePrepareSegment()
 .text._ZN2ot3Ncp14NcpFrameBuffer13OutFrameBeginEv
                0x00000000002047f2       0x2e ../../../src/ncp/libopenthread-ncp-mtd.a(libopenthread_ncp_mtd_a-ncp_buffer.o)
                0x00000000002047f2                ot::Ncp::NcpFrameBuffer::OutFrameBegin()
 .text._ZN2ot3Ncp14NcpFrameBuffer16OutFrameHasEndedEv
                0x0000000000204820       0x12 ../../../src/ncp/libopenthread-ncp-mtd.a(libopenthread_ncp_mtd_a-ncp_buffer.o)
                0x0000000000204820                ot::Ncp::NcpFrameBuffer::OutFrameHasEnded()
 .text._ZN2ot3Ncp14NcpFrameBuffer16OutFrameReadByteEv
                0x0000000000204832       0x4e ../../../src/ncp/libopenthread-ncp-mtd.a(libopenthread_ncp_mtd_a-ncp_buffer.o)
                0x0000000000204832                ot::Ncp::NcpFrameBuffer::OutFrameReadByte()
 .text._ZN2ot3Ncp14NcpFrameBuffer28UpdateReadWriteStartPointersEv
                0x0000000000204880       0x46 ../../../src/ncp/libopenthread-ncp-mtd.a(libopenthread_ncp_mtd_a-ncp_buffer.o)
                0x0000000000204880                ot::Ncp::NcpFrameBuffer::UpdateReadWriteStartPointers()
 .text._ZN2ot3Ncp14NcpFrameBuffer14InFrameDiscardEv
                0x00000000002048c6       0x3c ../../../src/ncp/libopenthread-ncp-mtd.a(libopenthread_ncp_mtd_a-ncp_buffer.o)
                0x00000000002048c6                ot::Ncp::NcpFrameBuffer::InFrameDiscard()
 .text._ZN2ot3Ncp14NcpFrameBuffer13InFrameAppendEh
                0x0000000000204902       0x3e ../../../src/ncp/libopenthread-ncp-mtd.a(libopenthread_ncp_mtd_a-ncp_buffer.o)
                0x0000000000204902                ot::Ncp::NcpFrameBuffer::InFrameAppend(unsigned char)
 .text._ZN2ot3Ncp14NcpFrameBuffer19InFrameBeginSegmentEv
                0x0000000000204940       0x4c ../../../src/ncp/libopenthread-ncp-mtd.a(libopenthread_ncp_mtd_a-ncp_buffer.o)
                0x0000000000204940                ot::Ncp::NcpFrameBuffer::InFrameBeginSegment()
 .text._ZN2ot3Ncp14NcpFrameBuffer18InFrameFeedMessageEP9otMessage
                0x000000000020498c       0x3c ../../../src/ncp/libopenthread-ncp-mtd.a(libopenthread_ncp_mtd_a-ncp_buffer.o)
                0x000000000020498c                ot::Ncp::NcpFrameBuffer::InFrameFeedMessage(otMessage*)
 .text._ZN2ot3Ncp14NcpFrameBuffer18InFrameGetPositionERNS1_13WritePositionE
                0x00000000002049c8       0x22 ../../../src/ncp/libopenthread-ncp-mtd.a(libopenthread_ncp_mtd_a-ncp_buffer.o)
                0x00000000002049c8                ot::Ncp::NcpFrameBuffer::InFrameGetPosition(ot::Ncp::NcpFrameBuffer::WritePosition&)
 .text._ZN2ot3Ncp14NcpFrameBuffer15InFrameFeedByteEh
                0x00000000002049ea       0x24 ../../../src/ncp/libopenthread-ncp-mtd.a(libopenthread_ncp_mtd_a-ncp_buffer.o)
                0x00000000002049ea                ot::Ncp::NcpFrameBuffer::InFrameFeedByte(unsigned char)
 .text._ZN2ot3Ncp14NcpFrameBuffer15InFrameFeedDataEPKht
                0x0000000000204a0e       0x36 ../../../src/ncp/libopenthread-ncp-mtd.a(libopenthread_ncp_mtd_a-ncp_buffer.o)
                0x0000000000204a0e                ot::Ncp::NcpFrameBuffer::InFrameFeedData(unsigned char const*, unsigned short)
 .text._ZN2ot3Ncp14NcpFrameBuffer12InFrameBeginENS1_8PriorityE
                0x0000000000204a44       0x24 ../../../src/ncp/libopenthread-ncp-mtd.a(libopenthread_ncp_mtd_a-ncp_buffer.o)
                0x0000000000204a44                ot::Ncp::NcpFrameBuffer::InFrameBegin(ot::Ncp::NcpFrameBuffer::Priority)
 .text._ZN2ot3Ncp14NcpFrameBuffer14OutFrameRemoveEv
                0x0000000000204a68       0xd0 ../../../src/ncp/libopenthread-ncp-mtd.a(libopenthread_ncp_mtd_a-ncp_buffer.o)
                0x0000000000204a68                ot::Ncp::NcpFrameBuffer::OutFrameRemove()
 .text._ZN2ot3Ncp13SpinelDecoderC2Ev
                0x0000000000204b38        0xc ../../../src/ncp/libopenthread-ncp-mtd.a(libopenthread_ncp_mtd_a-spinel_decoder.o)
                0x0000000000204b38                ot::Ncp::SpinelDecoder::SpinelDecoder()
                0x0000000000204b38                ot::Ncp::SpinelDecoder::SpinelDecoder()