Archive member included to satisfy reference by file (symbol)

../../../src/ncp/libopenthread-ncp-radio.a(libopenthread_ncp_radio_a-ncp_uart.o)
                              ot_ncp_radio-main.o (otNcpInit)
../../../src/ncp/libopenthread-ncp-radio.a(libopenthread_ncp_radio_a-hdlc.o)
                              ../../../src/ncp/libopenthread-ncp-radio.a(libopenthread_ncp_radio_a-ncp_uart.o) (ot::Hdlc::Encoder::Encoder(ot::Hdlc::FrameWritePointer&))
../../../src/ncp/libopenthread-ncp-radio.a(libopenthread_ncp_radio_a-ncp_base.o)
                              ../../../src/ncp/libopenthread-ncp-radio.a(libopenthread_ncp_radio_a-ncp_uart.o) (ot::Ncp::NcpBase::NcpBase(ot::Instance*))
../../../src/ncp/libopenthread-ncp-radio.a(libopenthread_ncp_radio_a-ncp_base_radio.o)
                              ../../../src/ncp/libopenthread-ncp-radio.a(libopenthread_ncp_radio_a-ncp_base.o) (ot::Ncp::NcpBase::LinkRawReceiveDone(otInstance*, otRadioFrame*, otError))
../../../src/ncp/libopenthread-ncp-radio.a(libopenthread_ncp_radio_a-ncp_base_dispatcher.o)
                              ../../../src/ncp/libopenthread-ncp-radio.a(libopenthread_ncp_radio_a-ncp_base.o) (ot::Ncp::NcpBase::FindGetPropertyHandler(spinel_prop_key_t))
../../../src/ncp/libopenthread-ncp-radio.a(libopenthread_ncp_radio_a-ncp_buffer.o)
                              ../../../src/ncp/libopenthread-ncp-radio.a(libopenthread_ncp_radio_a-ncp_base.o) (ot::Ncp::NcpFrameBuffer::NcpFrameBuffer(unsigned char*, unsigned short))
../../../src/ncp/libopenthread-ncp-radio.a(libopenthread_ncp_radio_a-spinel_decoder.o)
                              ../../../src/ncp/libopenthread-ncp-radio.a(libopenthread_ncp_radio_a-ncp_base.o) (ot::Ncp::SpinelDecoder::SpinelDecoder())
../../../src/ncp/libopenthread-ncp-radio.a(libopenthread_ncp_radio_a-spinel_encoder.o)
                              ../../../src/ncp/libopenthread-ncp-radio.a(libopenthread_ncp_radio_a-ncp_base.o) (ot::Ncp::SpinelEncoder::WriteUint16(unsigned short))
../../../src/ncp/libopenthread-ncp-radio.a(libopenthread_ncp_radio_a-changed_props_set.o)
                              ../../../src/ncp/libopenthread-ncp-radio.a(libopenthread_ncp_radio_a-ncp_base.o) (ot::Ncp::ChangedPropsSet::GetNumEntries() const)
../../../src/ncp/libopenthread-ncp-radio.a(libopenthread_ncp_radio_a-spinel.o)
                              ../../../src/ncp/libopenthread-ncp-radio.a(libopenthread_ncp_radio_a-spinel_decoder.o) (spinel_packed_uint_decode)
../../../src/core/libopenthread-radio.a(libopenthread_radio_a-instance_api.o)
                              ot_ncp_radio-main.o (otInstanceInitSingle)
../../../src/core/libopenthread-radio.a(libopenthread_radio_a-link_raw_api.o)
                              ../../../src/ncp/libopenthread-ncp-radio.a(libopenthread_ncp_radio_a-ncp_base_radio.o) (otLinkRawSetEnable)
../../../src/core/libopenthread-radio.a(libopenthread_radio_a-logging_api.o)
                              ../../../src/ncp/libopenthread-ncp-radio.a(libopenthread_ncp_radio_a-ncp_base.o) (otLoggingGetLevel)
../../../src/core/libopenthread-radio.a(libopenthread_radio_a-message_api.o)
                              ../../../src/ncp/libopenthread-ncp-radio.a(libopenthread_ncp_radio_a-ncp_buffer.o) (otMessageFree)
../../../src/core/libopenthread-radio.a(libopenthread_radio_a-tasklet_api.o)
                              ot_ncp_radio-main.o (otTaskletsProcess)
../../../src/core/libopenthread-radio.a(libopenthread_radio_a-instance.o)
                              ../../../src/core/libopenthread-radio.a(libopenthread_radio_a-instance_api.o) (ot::Instance::InitSingle())
../../../src/core/libopenthread-radio.a(libopenthread_radio_a-logging.o)
                              ../../../src/core/libopenthread-radio.a(libopenthread_radio_a-link_raw_api.o) (otThreadErrorToString)
../../../src/core/libopenthread-radio.a(libopenthread_radio_a-message.o)
                              ../../../src/core/libopenthread-radio.a(libopenthread_radio_a-message_api.o) (ot::Message::Free())
../../../src/core/libopenthread-radio.a(libopenthread_radio_a-tasklet.o)
                              ../../../src/ncp/libopenthread-ncp-radio.a(libopenthread_ncp_radio_a-ncp_uart.o) (ot::Tasklet::Tasklet(ot::Instance&, void (*)(ot::Tasklet&), void*))
../../../src/core/libopenthread-radio.a(libopenthread_radio_a-link_raw.o)
                              ../../../src/core/libopenthread-radio.a(libopenthread_radio_a-instance.o) (ot::Mac::LinkRaw::LinkRaw(ot::Instance&))
../../../src/core/libopenthread-radio.a(libopenthread_radio_a-mac_frame.o)
                              ../../../src/core/libopenthread-radio.a(libopenthread_radio_a-link_raw_api.o) (ot::Mac::Address::SetExtended(unsigned char const*, bool))
../../../src/core/libopenthread-radio.a(libopenthread_radio_a-sub_mac.o)
                              ../../../src/core/libopenthread-radio.a(libopenthread_radio_a-link_raw.o) (ot::Mac::SubMac::SubMac(ot::Instance&, ot::Mac::SubMac::Callbacks&))
[...]
Memory Configuration

Name             Origin             Length             Attributes
FLASH            0x0000000000200000 0x000000000007c000 xr
FLASH_CCA        0x000000000027ffd4 0x000000000000002c xr
SRAM             0x0000000020000000 0x0000000000008000 xrw
*default*        0x0000000000000000 0xffffffffffffffff

Linker script and memory map

LOAD ot_ncp_radio-main.o
LOAD ../../../src/ncp/libopenthread-ncp-radio.a
LOAD ../../../src/core/libopenthread-radio.a
LOAD ../../../examples/platforms/cc2538/libopenthread-cc2538.a
LOAD ../../../src/core/libopenthread-radio.a
LOAD ../../../examples/platforms/cc2538/libopenthread-cc2538.a
START GROUP
LOAD /usr/bin/../lib/gcc/arm-none-eabi/7.3.1/thumb/v7-m/libgcc.a
LOAD /usr/bin/../lib/gcc/arm-none-eabi/7.3.1/../../../../arm-none-eabi/lib/thumb/v7-m/libg_nano.a
LOAD /usr/bin/../lib/gcc/arm-none-eabi/7.3.1/../../../../arm-none-eabi/lib/thumb/v7-m/libc_nano.a
END GROUP
START GROUP
LOAD /usr/bin/../lib/gcc/arm-none-eabi/7.3.1/thumb/v7-m/libgcc.a
LOAD /usr/bin/../lib/gcc/arm-none-eabi/7.3.1/../../../../arm-none-eabi/lib/thumb/v7-m/libc_nano.a
LOAD /usr/bin/../lib/gcc/arm-none-eabi/7.3.1/../../../../arm-none-eabi/lib/thumb/v7-m/libnosys.a
END GROUP
START GROUP
LOAD /usr/bin/../lib/gcc/arm-none-eabi/7.3.1/thumb/v7-m/libgcc.a
LOAD /usr/bin/../lib/gcc/arm-none-eabi/7.3.1/../../../../arm-none-eabi/lib/thumb/v7-m/libc_nano.a
LOAD /usr/bin/../lib/gcc/arm-none-eabi/7.3.1/../../../../arm-none-eabi/lib/thumb/v7-m/libnosys.a
END GROUP
                0x0000000000080000                _512k_bytes = 0x80000
                0x0000000000040000                _256k_bytes = 0x40000
                0x0000000000020000                _128k_bytes = 0x20000
                0x0000000000000800                _FLASH_page_size = 0x800
                0x0000000000080000                _FLASH_size_bytes = _512k_bytes
                0x0000000000000100                _FLASH_n_pages = (_FLASH_size_bytes / _FLASH_page_size)
                0x000000000007e800                _FLASH_usable_size = (_FLASH_size_bytes - (0x3 * _FLASH_page_size))
                0x0000000000200000                _FLASH_start = 0x200000
                0x0000000000280000                _FLASH_end = (_FLASH_start + _FLASH_size_bytes)
                0x000000000027f800                _FLASH_cca_page = (_FLASH_end - (0x1 * _FLASH_page_size))
                0x000000000027f000                _FLASH_settings_pageB = (_FLASH_end - (0x2 * _FLASH_page_size))
                0x000000000027e800                _FLASH_settings_pageA = (_FLASH_end - (0x3 * _FLASH_page_size))
                0x0000000000000001                ASSERT ((_FLASH_start == 0x200000), invalid flash start address for cc2538)
                0x0000000000000001                ASSERT ((_FLASH_cca_page == 0x27f800), invalid cca start address for cc2538)
                0x0000000000000001                ASSERT ((_FLASH_usable_size == 0x7e800), Invalid usable size for this config)

.text           0x0000000000200000     0x646c
                0x0000000000200000                _text = .
 *(.vectors)
 .vectors       0x0000000000200000      0x100 ../../../examples/platforms/cc2538/libopenthread-cc2538.a(libopenthread_cc2538_a-startup-gcc.o)
                0x0000000000200000                vectors
 *(.text*)
 .text.otTaskletsSignalPending
                0x0000000000200100        0x2 ot_ncp_radio-main.o
                0x0000000000200100                otTaskletsSignalPending
 *fill*         0x0000000000200102        0x2 00000000
 .text.startup.main
                0x0000000000200104       0x54 ot_ncp_radio-main.o
                0x0000000000200104                main
 .text._ZN2ot3Ncp7NcpUartC2EPNS_8InstanceE
                0x0000000000200158       0x80 ../../../src/ncp/libopenthread-ncp-radio.a(libopenthread_ncp_radio_a-ncp_uart.o)
                0x0000000000200158                ot::Ncp::NcpUart::NcpUart(ot::Instance*)
                0x0000000000200158                ot::Ncp::NcpUart::NcpUart(ot::Instance*)
 .text.otNcpInit
                0x00000000002001d8       0x1c ../../../src/ncp/libopenthread-ncp-radio.a(libopenthread_ncp_radio_a-ncp_uart.o)
                0x00000000002001d8                otNcpInit
 .text._ZN2ot3Ncp7NcpUart27HandleFrameAddedToNcpBufferEv
                0x00000000002001f4       0x16 ../../../src/ncp/libopenthread-ncp-radio.a(libopenthread_ncp_radio_a-ncp_uart.o)
                0x00000000002001f4                ot::Ncp::NcpUart::HandleFrameAddedToNcpBuffer()
 .text._ZN2ot3Ncp7NcpUart27HandleFrameAddedToNcpBufferEPvPKvNS0_14NcpFrameBuffer8PriorityEPS5_
                0x000000000020020a        0x4 ../../../src/ncp/libopenthread-ncp-radio.a(libopenthread_ncp_radio_a-ncp_uart.o)
                0x000000000020020a                ot::Ncp::NcpUart::HandleFrameAddedToNcpBuffer(void*, void const*, ot::Ncp::NcpFrameBuffer::Priority, ot::Ncp::NcpFrameBuffer*)
 .text._ZN2ot3Ncp7NcpUart19EncodeAndSendToUartEv
                0x000000000020020e       0xcc ../../../src/ncp/libopenthread-ncp-radio.a(libopenthread_ncp_radio_a-ncp_uart.o)
                0x000000000020020e                ot::Ncp::NcpUart::EncodeAndSendToUart()
 .text._ZN2ot3Ncp7NcpUart19EncodeAndSendToUartERNS_7TaskletE
                0x00000000002002da        0xe ../../../src/ncp/libopenthread-ncp-radio.a(libopenthread_ncp_radio_a-ncp_uart.o)
                0x00000000002002da                ot::Ncp::NcpUart::EncodeAndSendToUart(ot::Tasklet&)
 .text._ZN2ot3Ncp7NcpUart18HandleUartSendDoneEv
                0x00000000002002e8       0x16 ../../../src/ncp/libopenthread-ncp-radio.a(libopenthread_ncp_radio_a-ncp_uart.o)
                0x00000000002002e8                ot::Ncp::NcpUart::HandleUartSendDone()
 .text.otPlatUartSendDone
                0x00000000002002fe       0x12 ../../../src/ncp/libopenthread-ncp-radio.a(libopenthread_ncp_radio_a-ncp_uart.o)
                0x00000000002002fe                otPlatUartSendDone
 .text.otPlatUartReceived
                0x0000000000200310       0x1e ../../../src/ncp/libopenthread-ncp-radio.a(libopenthread_ncp_radio_a-ncp_uart.o)
                0x0000000000200310                otPlatUartReceived
 *fill*         0x000000000020032e        0x2 00000000
 .text._ZN2ot3Ncp7NcpUart11HandleErrorE7otErrorPht
                0x0000000000200330       0x84 ../../../src/ncp/libopenthread-ncp-radio.a(libopenthread_ncp_radio_a-ncp_uart.o)
                0x0000000000200330                ot::Ncp::NcpUart::HandleError(otError, unsigned char*, unsigned short)
 .text._ZN2ot3Ncp7NcpUart11HandleFrameE7otError
                0x00000000002003b4       0x30 ../../../src/ncp/libopenthread-ncp-radio.a(libopenthread_ncp_radio_a-ncp_uart.o)
                0x00000000002003b4                ot::Ncp::NcpUart::HandleFrame(otError)
 .text._ZN2ot3Ncp7NcpUart11HandleFrameEPv7otError
                0x00000000002003e4        0x4 ../../../src/ncp/libopenthread-ncp-radio.a(libopenthread_ncp_radio_a-ncp_uart.o)
                0x00000000002003e4                ot::Ncp::NcpUart::HandleFrame(void*, otError)
 .text._ZN2ot4Hdlc17FrameWritePointer9WriteByteEh
                0x00000000002003e8       0x1a ../../../src/ncp/libopenthread-ncp-radio.a(libopenthread_ncp_radio_a-hdlc.o)
                0x00000000002003e8                ot::Hdlc::FrameWritePointer::WriteByte(unsigned char)
 .text._ZN2ot4Hdlc7EncoderC2ERNS0_17FrameWritePointerE
                0x0000000000200402        0x8 ../../../src/ncp/libopenthread-ncp-radio.a(libopenthread_ncp_radio_a-hdlc.o)
                0x0000000000200402                ot::Hdlc::Encoder::Encoder(ot::Hdlc::FrameWritePointer&)
                0x0000000000200402                ot::Hdlc::Encoder::Encoder(ot::Hdlc::FrameWritePointer&)
 .text._ZN2ot4Hdlc7Encoder10BeginFrameEv
                0x000000000020040a       0x12 ../../../src/ncp/libopenthread-ncp-radio.a(libopenthread_ncp_radio_a-hdlc.o)
                0x000000000020040a                ot::Hdlc::Encoder::BeginFrame()
 .text._ZN2ot4Hdlc7Encoder6EncodeEh
                0x000000000020041c       0x5c ../../../src/ncp/libopenthread-ncp-radio.a(libopenthread_ncp_radio_a-hdlc.o)
                0x000000000020041c                ot::Hdlc::Encoder::Encode(unsigned char)
 .text._ZN2ot4Hdlc7Encoder8EndFrameEv
                0x0000000000200478       0x3e ../../../src/ncp/libopenthread-ncp-radio.a(libopenthread_ncp_radio_a-hdlc.o)
                0x0000000000200478                ot::Hdlc::Encoder::EndFrame()
 .text._ZN2ot4Hdlc7DecoderC2ERNS0_17FrameWritePointerEPFvPv7otErrorES4_
                0x00000000002004b6       0x10 ../../../src/ncp/libopenthread-ncp-radio.a(libopenthread_ncp_radio_a-hdlc.o)
                0x00000000002004b6                ot::Hdlc::Decoder::Decoder(ot::Hdlc::FrameWritePointer&, void (*)(void*, otError), void*)
                0x00000000002004b6                ot::Hdlc::Decoder::Decoder(ot::Hdlc::FrameWritePointer&, void (*)(void*, otError), void*)
 *fill*         0x00000000002004c6        0x2 00000000
 .text._ZN2ot4Hdlc7Decoder6DecodeEPKht
                0x00000000002004c8       0xe8 ../../../src/ncp/libopenthread-ncp-radio.a(libopenthread_ncp_radio_a-hdlc.o)
                0x00000000002004c8                ot::Hdlc::Decoder::Decode(unsigned char const*, unsigned short)
 .text._ZN2ot3Ncp7NcpBase25ThreadErrorToSpinelStatusE7otError
                0x00000000002005b0       0x68 ../../../src/ncp/libopenthread-ncp-radio.a(libopenthread_ncp_radio_a-ncp_base.o)
                0x00000000002005b0                ot::Ncp::NcpBase::ThreadErrorToSpinelStatus(otError)
 .text._ZN2ot3Ncp7NcpBaseC2EPNS_8InstanceE
                0x0000000000200618      0x128 ../../../src/ncp/libopenthread-ncp-radio.a(libopenthread_ncp_radio_a-ncp_base.o)
                0x0000000000200618                ot::Ncp::NcpBase::NcpBase(ot::Instance*)
                0x0000000000200618                ot::Ncp::NcpBase::NcpBase(ot::Instance*)
 .text._ZN2ot3Ncp7NcpBase14GetNcpInstanceEv
                0x0000000000200740        0xc ../../../src/ncp/libopenthread-ncp-radio.a(libopenthread_ncp_radio_a-ncp_base.o)
                0x0000000000200740                ot::Ncp::NcpBase::GetNcpInstance()
 .text._ZN2ot3Ncp7NcpBase14ShouldWakeHostEv
                0x000000000020074c       0x14 ../../../src/ncp/libopenthread-ncp-radio.a(libopenthread_ncp_radio_a-ncp_base.o)
                0x000000000020074c                ot::Ncp::NcpBase::ShouldWakeHost()
 .text._ZN2ot3Ncp7NcpBase19ShouldDeferHostSendEv
                0x0000000000200760       0x14 ../../../src/ncp/libopenthread-ncp-radio.a(libopenthread_ncp_radio_a-ncp_base.o)
                0x0000000000200760                ot::Ncp::NcpBase::ShouldDeferHostSend()
 .text._ZN2ot3Ncp7NcpBase26IncrementFrameErrorCounterEv
                0x0000000000200774        0xc ../../../src/ncp/libopenthread-ncp-radio.a(libopenthread_ncp_radio_a-ncp_base.o)
                0x0000000000200774                ot::Ncp::NcpBase::IncrementFrameErrorCounter()
 .text._ZN2ot3Ncp7NcpBase11StreamWriteEiPKhi
                0x0000000000200780       0x7c ../../../src/ncp/libopenthread-ncp-radio.a(libopenthread_ncp_radio_a-ncp_base.o)
                0x0000000000200780                ot::Ncp::NcpBase::StreamWrite(int, unsigned char const*, int)
 .text._ZN2ot3Ncp7NcpBase15ConvertLogLevelEh
                0x00000000002007fc       0x14 ../../../src/ncp/libopenthread-ncp-radio.a(libopenthread_ncp_radio_a-ncp_base.o)
                0x00000000002007fc                ot::Ncp::NcpBase::ConvertLogLevel(unsigned char)
 .text._ZN2ot3Ncp7NcpBase15EnqueueResponseEhNS1_12ResponseTypeEj
                0x0000000000200810       0xaa ../../../src/ncp/libopenthread-ncp-radio.a(libopenthread_ncp_radio_a-ncp_base.o)
                0x0000000000200810                ot::Ncp::NcpBase::EnqueueResponse(unsigned char, ot::Ncp::NcpBase::ResponseType, unsigned int)
 .text._ZN2ot3Ncp7NcpBase25PrepareLastStatusResponseEh15spinel_status_t
                0x00000000002008ba        0x8 ../../../src/ncp/libopenthread-ncp-radio.a(libopenthread_ncp_radio_a-ncp_base.o)
                0x00000000002008ba                ot::Ncp::NcpBase::PrepareLastStatusResponse(unsigned char, spinel_status_t)
 .text._ZN2ot3Ncp7NcpBase20WriteLastStatusFrameEh15spinel_status_t
                0x00000000002008c2       0x34 ../../../src/ncp/libopenthread-ncp-radio.a(libopenthread_ncp_radio_a-ncp_base.o)
                0x00000000002008c2                ot::Ncp::NcpBase::WriteLastStatusFrame(unsigned char, spinel_status_t)
 .text._ZN2ot3Ncp7NcpBase25WritePropertyValueIsFrameEh17spinel_prop_key_tb
                0x00000000002008f6       0x6e ../../../src/ncp/libopenthread-ncp-radio.a(libopenthread_ncp_radio_a-ncp_base.o)
                0x00000000002008f6                ot::Ncp::NcpBase::WritePropertyValueIsFrame(unsigned char, spinel_prop_key_t, bool)
 .text._ZN2ot3Ncp7NcpBase19SendQueuedResponsesEv
                0x0000000000200964       0x86 ../../../src/ncp/libopenthread-ncp-radio.a(libopenthread_ncp_radio_a-ncp_base.o)
                0x0000000000200964                ot::Ncp::NcpBase::SendQueuedResponses()
 *fill*         0x00000000002009ea        0x2 00000000
 .text._ZN2ot3Ncp7NcpBase18UpdateChangedPropsEv
                0x00000000002009ec       0xdc ../../../src/ncp/libopenthread-ncp-radio.a(libopenthread_ncp_radio_a-ncp_base.o)
                0x00000000002009ec                ot::Ncp::NcpBase::UpdateChangedProps()
 .text._ZN2ot3Ncp7NcpBase18UpdateChangedPropsERNS_7TaskletE
                0x0000000000200ac8        0xc ../../../src/ncp/libopenthread-ncp-radio.a(libopenthread_ncp_radio_a-ncp_base.o)
                0x0000000000200ac8                ot::Ncp::NcpBase::UpdateChangedProps(ot::Tasklet&)
 .text._ZN2ot3Ncp7NcpBase31HandleFrameRemovedFromNcpBufferEPKv
                0x0000000000200ad4       0x5a ../../../src/ncp/libopenthread-ncp-radio.a(libopenthread_ncp_radio_a-ncp_base.o)
                0x0000000000200ad4                ot::Ncp::NcpBase::HandleFrameRemovedFromNcpBuffer(void const*)
 .text._ZN2ot3Ncp7NcpBase31HandleFrameRemovedFromNcpBufferEPvPKvNS0_14NcpFrameBuffer8PriorityEPS5_
                0x0000000000200b2e        0x4 ../../../src/ncp/libopenthread-ncp-radio.a(libopenthread_ncp_radio_a-ncp_base.o)
                0x0000000000200b2e                ot::Ncp::NcpBase::HandleFrameRemovedFromNcpBuffer(void*, void const*, ot::Ncp::NcpFrameBuffer::Priority, ot::Ncp::NcpFrameBuffer*)
 .text._ZN2ot3Ncp7NcpBase38WritePropertyValueInsertedRemovedFrameEhj17spinel_prop_key_tPKht
                0x0000000000200b32       0x2e ../../../src/ncp/libopenthread-ncp-radio.a(libopenthread_ncp_radio_a-ncp_base.o)
                0x0000000000200b32                ot::Ncp::NcpBase::WritePropertyValueInsertedRemovedFrame(unsigned char, unsigned int, spinel_prop_key_t, unsigned char const*, unsigned short)
 .text._ZN2ot3Ncp7NcpBase33HandleCommandPropertyInsertRemoveEh17spinel_prop_key_tj
                0x0000000000200b60       0xb6 ../../../src/ncp/libopenthread-ncp-radio.a(libopenthread_ncp_radio_a-ncp_base.o)
                0x0000000000200b60                ot::Ncp::NcpBase::HandleCommandPropertyInsertRemove(unsigned char, spinel_prop_key_t, unsigned int)
 .text._ZN2ot3Ncp7NcpBase19CommandHandler_NOOPEh
                0x0000000000200c16        0xa ../../../src/ncp/libopenthread-ncp-radio.a(libopenthread_ncp_radio_a-ncp_base.o)
                0x0000000000200c16                ot::Ncp::NcpBase::CommandHandler_NOOP(unsigned char)
 .text._ZN2ot3Ncp7NcpBase20CommandHandler_RESETEh
                0x0000000000200c20       0x30 ../../../src/ncp/libopenthread-ncp-radio.a(libopenthread_ncp_radio_a-ncp_base.o)
                0x0000000000200c20                ot::Ncp::NcpBase::CommandHandler_RESET(unsigned char)
 .text._ZN2ot3Ncp7NcpBase45HandlePropertySet_SPINEL_PROP_NEST_STREAM_MFGEh
                0x0000000000200c50       0x5e ../../../src/ncp/libopenthread-ncp-radio.a(libopenthread_ncp_radio_a-ncp_base.o)
                0x0000000000200c50                ot::Ncp::NcpBase::HandlePropertySet_SPINEL_PROP_NEST_STREAM_MFG(unsigned char)
 .text._ZN2ot3Ncp7NcpBase17HandlePropertyGetIL17spinel_prop_key_t32EEE7otErrorv
                0x0000000000200cae       0x16 ../../../src/ncp/libopenthread-ncp-radio.a(libopenthread_ncp_radio_a-ncp_base.o)
                0x0000000000200cae                otError ot::Ncp::NcpBase::HandlePropertyGet<(spinel_prop_key_t)32>()
 .text._ZN2ot3Ncp7NcpBase17HandlePropertyGetIL17spinel_prop_key_t33EEE7otErrorv
                0x0000000000200cc4       0x16 ../../../src/ncp/libopenthread-ncp-radio.a(libopenthread_ncp_radio_a-ncp_base.o)
                0x0000000000200cc4                otError ot::Ncp::NcpBase::HandlePropertyGet<(spinel_prop_key_t)33>()
 *fill*         0x0000000000200cda        0x2 00000000
 .text._ZN2ot3Ncp7NcpBase17HandlePropertySetIL17spinel_prop_key_t33EEE7otErrorv
                0x0000000000200cdc       0x48 ../../../src/ncp/libopenthread-ncp-radio.a(libopenthread_ncp_radio_a-ncp_base.o)
                0x0000000000200cdc                otError ot::Ncp::NcpBase::HandlePropertySet<(spinel_prop_key_t)33>()
 .text._ZN2ot3Ncp7NcpBase17HandlePropertyGetIL17spinel_prop_key_t56EEE7otErrorv
                0x0000000000200d24       0x1e ../../../src/ncp/libopenthread-ncp-radio.a(libopenthread_ncp_radio_a-ncp_base.o)
                0x0000000000200d24                otError ot::Ncp::NcpBase::HandlePropertyGet<(spinel_prop_key_t)56>()
 .text._ZN2ot3Ncp7NcpBase17HandlePropertySetIL17spinel_prop_key_t56EEE7otErrorv
                0x0000000000200d42       0x36 ../../../src/ncp/libopenthread-ncp-radio.a(libopenthread_ncp_radio_a-ncp_base.o)
                0x0000000000200d42                otError ot::Ncp::NcpBase::HandlePropertySet<(spinel_prop_key_t)56>()
 .text._ZN2ot3Ncp7NcpBase17HandlePropertyGetIL17spinel_prop_key_t54EEE7otErrorv
                0x0000000000200d78       0x18 ../../../src/ncp/libopenthread-ncp-radio.a(libopenthread_ncp_radio_a-ncp_base.o)
                0x0000000000200d78                otError ot::Ncp::NcpBase::HandlePropertyGet<(spinel_prop_key_t)54>()
 .text._ZN2ot3Ncp7NcpBase17HandlePropertySetIL17spinel_prop_key_t54EEE7otErrorv
                0x0000000000200d90       0x1e ../../../src/ncp/libopenthread-ncp-radio.a(libopenthread_ncp_radio_a-ncp_base.o)
                0x0000000000200d90                otError ot::Ncp::NcpBase::HandlePropertySet<(spinel_prop_key_t)54>()
 .text._ZN2ot3Ncp7NcpBase17HandlePropertyGetIL17spinel_prop_key_t52EEE7otErrorv
                0x0000000000200dae       0x18 ../../../src/ncp/libopenthread-ncp-radio.a(libopenthread_ncp_radio_a-ncp_base.o)
                0x0000000000200dae                otError ot::Ncp::NcpBase::HandlePropertyGet<(spinel_prop_key_t)52>()
 .text._ZN2ot3Ncp7NcpBase17HandlePropertySetIL17spinel_prop_key_t52EEE7otErrorv
                0x0000000000200dc6       0x1c ../../../src/ncp/libopenthread-ncp-radio.a(libopenthread_ncp_radio_a-ncp_base.o)
                0x0000000000200dc6                otError ot::Ncp::NcpBase::HandlePropertySet<(spinel_prop_key_t)52>()
 .text._ZN2ot3Ncp7NcpBase17HandlePropertyGetIL17spinel_prop_key_t53EEE7otErrorv
                0x0000000000200de2       0x18 ../../../src/ncp/libopenthread-ncp-radio.a(libopenthread_ncp_radio_a-ncp_base.o)
                0x0000000000200de2                otError ot::Ncp::NcpBase::HandlePropertyGet<(spinel_prop_key_t)53>()
 .text._ZN2ot3Ncp7NcpBase17HandlePropertyGetIL17spinel_prop_key_t55EEE7otErrorv
                0x0000000000200dfa        0xa ../../../src/ncp/libopenthread-ncp-radio.a(libopenthread_ncp_radio_a-ncp_base.o)
                0x0000000000200dfa                otError ot::Ncp::NcpBase::HandlePropertyGet<(spinel_prop_key_t)55>()
 .text._ZN2ot3Ncp7NcpBase17HandlePropertySetIL17spinel_prop_key_t55EEE7otErrorv
                0x0000000000200e04       0x48 ../../../src/ncp/libopenthread-ncp-radio.a(libopenthread_ncp_radio_a-ncp_base.o)
                0x0000000000200e04                otError ot::Ncp::NcpBase::HandlePropertySet<(spinel_prop_key_t)55>()
 .text._ZN2ot3Ncp7NcpBase17EncodeChannelMaskEm
                0x0000000000200e4c       0x2a ../../../src/ncp/libopenthread-ncp-radio.a(libopenthread_ncp_radio_a-ncp_base.o)
                0x0000000000200e4c                ot::Ncp::NcpBase::EncodeChannelMask(unsigned long)
 .text._ZN2ot3Ncp7NcpBase17DecodeChannelMaskERm
                0x0000000000200e76       0x46 ../../../src/ncp/libopenthread-ncp-radio.a(libopenthread_ncp_radio_a-ncp_base.o)
                0x0000000000200e76                ot::Ncp::NcpBase::DecodeChannelMask(unsigned long&)
 .text._ZN2ot3Ncp7NcpBase17HandlePropertyGetIL17spinel_prop_key_t49EEE7otErrorv
                0x0000000000200ebc        0x8 ../../../src/ncp/libopenthread-ncp-radio.a(libopenthread_ncp_radio_a-ncp_base.o)
                0x0000000000200ebc                otError ot::Ncp::NcpBase::HandlePropertyGet<(spinel_prop_key_t)49>()
 .text._ZN2ot3Ncp7NcpBase17HandlePropertySetIL17spinel_prop_key_t49EEE7otErrorv
                0x0000000000200ec4       0x1c ../../../src/ncp/libopenthread-ncp-radio.a(libopenthread_ncp_radio_a-ncp_base.o)
                0x0000000000200ec4                otError ot::Ncp::NcpBase::HandlePropertySet<(spinel_prop_key_t)49>()
 .text._ZN2ot3Ncp7NcpBase17HandlePropertyGetIL17spinel_prop_key_t50EEE7otErrorv
                0x0000000000200ee0        0xa ../../../src/ncp/libopenthread-ncp-radio.a(libopenthread_ncp_radio_a-ncp_base.o)
                0x0000000000200ee0                otError ot::Ncp::NcpBase::HandlePropertyGet<(spinel_prop_key_t)50>()
 .text._ZN2ot3Ncp7NcpBase17HandlePropertySetIL17spinel_prop_key_t50EEE7otErrorv
                0x0000000000200eea        0xa ../../../src/ncp/libopenthread-ncp-radio.a(libopenthread_ncp_radio_a-ncp_base.o)
                0x0000000000200eea                otError ot::Ncp::NcpBase::HandlePropertySet<(spinel_prop_key_t)50>()
 .text._ZN2ot3Ncp7NcpBase17HandlePropertyGetIL17spinel_prop_key_t48EEE7otErrorv
                0x0000000000200ef4       0x26 ../../../src/ncp/libopenthread-ncp-radio.a(libopenthread_ncp_radio_a-ncp_base.o)
                0x0000000000200ef4                otError ot::Ncp::NcpBase::HandlePropertyGet<(spinel_prop_key_t)48>()
 *fill*         0x0000000000200f1a        0x2 00000000
 .text._ZN2ot3Ncp7NcpBase17HandlePropertySetIL17spinel_prop_key_t48EEE7otErrorv
                0x0000000000200f1c       0x74 ../../../src/ncp/libopenthread-ncp-radio.a(libopenthread_ncp_radio_a-ncp_base.o)
                0x0000000000200f1c                otError ot::Ncp::NcpBase::HandlePropertySet<(spinel_prop_key_t)48>()
 .text._ZN2ot3Ncp7NcpBase17HandlePropertyGetIL17spinel_prop_key_t4104EEE7otErrorv
                0x0000000000200f90       0x6c ../../../src/ncp/libopenthread-ncp-radio.a(libopenthread_ncp_radio_a-ncp_base.o)
                0x0000000000200f90                otError ot::Ncp::NcpBase::HandlePropertyGet<(spinel_prop_key_t)4104>()
 .text._ZN2ot3Ncp7NcpBase17HandlePropertySetIL17spinel_prop_key_t4104EEE7otErrorv
                0x0000000000200ffc       0x50 ../../../src/ncp/libopenthread-ncp-radio.a(libopenthread_ncp_radio_a-ncp_base.o)
                0x0000000000200ffc                otError ot::Ncp::NcpBase::HandlePropertySet<(spinel_prop_key_t)4104>()
 .text._ZN2ot3Ncp7NcpBase20HandlePropertyInsertIL17spinel_prop_key_t4104EEE7otErrorv
                0x000000000020104c       0x1e ../../../src/ncp/libopenthread-ncp-radio.a(libopenthread_ncp_radio_a-ncp_base.o)
                0x000000000020104c                otError ot::Ncp::NcpBase::HandlePropertyInsert<(spinel_prop_key_t)4104>()
 .text._ZN2ot3Ncp7NcpBase20HandlePropertyRemoveIL17spinel_prop_key_t4104EEE7otErrorv
                0x000000000020106a       0x1e ../../../src/ncp/libopenthread-ncp-radio.a(libopenthread_ncp_radio_a-ncp_base.o)
                0x000000000020106a                otError ot::Ncp::NcpBase::HandlePropertyRemove<(spinel_prop_key_t)4104>()
 .text._ZN2ot3Ncp7NcpBase17HandlePropertyGetIL17spinel_prop_key_t0EEE7otErrorv
                0x0000000000201088        0xa ../../../src/ncp/libopenthread-ncp-radio.a(libopenthread_ncp_radio_a-ncp_base.o)
                0x0000000000201088                otError ot::Ncp::NcpBase::HandlePropertyGet<(spinel_prop_key_t)0>()
 .text._ZN2ot3Ncp7NcpBase17HandlePropertyGetIL17spinel_prop_key_t1EEE7otErrorv
                0x0000000000201092       0x1e ../../../src/ncp/libopenthread-ncp-radio.a(libopenthread_ncp_radio_a-ncp_base.o)
                0x0000000000201092                otError ot::Ncp::NcpBase::HandlePropertyGet<(spinel_prop_key_t)1>()
 .text._ZN2ot3Ncp7NcpBase17HandlePropertyGetIL17spinel_prop_key_t3EEE7otErrorv
                0x00000000002010b0        0x8 ../../../src/ncp/libopenthread-ncp-radio.a(libopenthread_ncp_radio_a-ncp_base.o)
                0x00000000002010b0                otError ot::Ncp::NcpBase::HandlePropertyGet<(spinel_prop_key_t)3>()
 .text._ZN2ot3Ncp7NcpBase17HandlePropertyGetIL17spinel_prop_key_t4EEE7otErrorv
                0x00000000002010b8        0x8 ../../../src/ncp/libopenthread-ncp-radio.a(libopenthread_ncp_radio_a-ncp_base.o)
                0x00000000002010b8                otError ot::Ncp::NcpBase::HandlePropertyGet<(spinel_prop_key_t)4>()
 .text._ZN2ot3Ncp7NcpBase17HandlePropertyGetIL17spinel_prop_key_t5EEE7otErrorv
                0x00000000002010c0       0x34 ../../../src/ncp/libopenthread-ncp-radio.a(libopenthread_ncp_radio_a-ncp_base.o)
                0x00000000002010c0                otError ot::Ncp::NcpBase::HandlePropertyGet<(spinel_prop_key_t)5>()
 .text._ZN2ot3Ncp7NcpBase17HandlePropertyGetIL17spinel_prop_key_t2EEE7otErrorv
                0x00000000002010f4       0x16 ../../../src/ncp/libopenthread-ncp-radio.a(libopenthread_ncp_radio_a-ncp_base.o)
                0x00000000002010f4                otError ot::Ncp::NcpBase::HandlePropertyGet<(spinel_prop_key_t)2>()
 .text._ZN2ot3Ncp7NcpBase17HandlePropertyGetIL17spinel_prop_key_t6EEE7otErrorv
                0x000000000020110a        0x8 ../../../src/ncp/libopenthread-ncp-radio.a(libopenthread_ncp_radio_a-ncp_base.o)
                0x000000000020110a                otError ot::Ncp::NcpBase::HandlePropertyGet<(spinel_prop_key_t)6>()
 .text._ZN2ot3Ncp7NcpBase17HandlePropertyGetIL17spinel_prop_key_t13EEE7otErrorv
                0x0000000000201112        0x8 ../../../src/ncp/libopenthread-ncp-radio.a(libopenthread_ncp_radio_a-ncp_base.o)
                0x0000000000201112                otError ot::Ncp::NcpBase::HandlePropertyGet<(spinel_prop_key_t)13>()
 .text._ZN2ot3Ncp7NcpBase17HandlePropertySetIL17spinel_prop_key_t13EEE7otErrorv
                0x000000000020111a        0x4 ../../../src/ncp/libopenthread-ncp-radio.a(libopenthread_ncp_radio_a-ncp_base.o)
                0x000000000020111a                otError ot::Ncp::NcpBase::HandlePropertySet<(spinel_prop_key_t)13>()
 .text._ZN2ot3Ncp7NcpBase17HandlePropertyGetIL17spinel_prop_key_t7EEE7otErrorv
                0x000000000020111e        0x8 ../../../src/ncp/libopenthread-ncp-radio.a(libopenthread_ncp_radio_a-ncp_base.o)
                0x000000000020111e                otError ot::Ncp::NcpBase::HandlePropertyGet<(spinel_prop_key_t)7>()
 .text._ZN2ot3Ncp7NcpBase17HandlePropertySetIL17spinel_prop_key_t7EEE7otErrorv
                0x0000000000201126        0x4 ../../../src/ncp/libopenthread-ncp-radio.a(libopenthread_ncp_radio_a-ncp_base.o)
                0x0000000000201126                otError ot::Ncp::NcpBase::HandlePropertySet<(spinel_prop_key_t)7>()
 .text._ZN2ot3Ncp7NcpBase17HandlePropertyGetIL17spinel_prop_key_t8EEE7otErrorv
                0x000000000020112a       0x1a ../../../src/ncp/libopenthread-ncp-radio.a(libopenthread_ncp_radio_a-ncp_base.o)
                0x000000000020112a                otError ot::Ncp::NcpBase::HandlePropertyGet<(spinel_prop_key_t)8>()
 .text._ZN2ot3Ncp7NcpBase17HandlePropertyGetIL17spinel_prop_key_t9EEE7otErrorv
                0x0000000000201144        0x8 ../../../src/ncp/libopenthread-ncp-radio.a(libopenthread_ncp_radio_a-ncp_base.o)
                0x0000000000201144                otError ot::Ncp::NcpBase::HandlePropertyGet<(spinel_prop_key_t)9>()
 .text._ZN2ot3Ncp7NcpBase17HandlePropertyGetIL17spinel_prop_key_t12EEE7otErrorv
                0x000000000020114c        0xa ../../../src/ncp/libopenthread-ncp-radio.a(libopenthread_ncp_radio_a-ncp_base.o)
                0x000000000020114c                otError ot::Ncp::NcpBase::HandlePropertyGet<(spinel_prop_key_t)12>()
 *fill*         0x0000000000201156        0x2 00000000
 .text._ZN2ot3Ncp7NcpBase46HandlePropertySet_SPINEL_PROP_HOST_POWER_STATEEh
                0x0000000000201158       0x94 ../../../src/ncp/libopenthread-ncp-radio.a(libopenthread_ncp_radio_a-ncp_base.o)
                0x0000000000201158                ot::Ncp::NcpBase::HandlePropertySet_SPINEL_PROP_HOST_POWER_STATE(unsigned char)
 .text._ZN2ot3Ncp7NcpBase37HandlePropertySetForSpecialPropertiesEh17spinel_prop_key_tR7otError
                0x00000000002011ec       0x2c ../../../src/ncp/libopenthread-ncp-radio.a(libopenthread_ncp_radio_a-ncp_base.o)
                0x00000000002011ec                ot::Ncp::NcpBase::HandlePropertySetForSpecialProperties(unsigned char, spinel_prop_key_t, otError&)
 .text._ZN2ot3Ncp7NcpBase24HandleCommandPropertySetEh17spinel_prop_key_t
                0x0000000000201218       0x7c ../../../src/ncp/libopenthread-ncp-radio.a(libopenthread_ncp_radio_a-ncp_base.o)
                0x0000000000201218                ot::Ncp::NcpBase::HandleCommandPropertySet(unsigned char, spinel_prop_key_t)
 .text._ZN2ot3Ncp7NcpBase32CommandHandler_PROP_VALUE_updateEhj
                0x0000000000201294       0x66 ../../../src/ncp/libopenthread-ncp-radio.a(libopenthread_ncp_radio_a-ncp_base.o)
                0x0000000000201294                ot::Ncp::NcpBase::CommandHandler_PROP_VALUE_update(unsigned char, unsigned int)
 .text._ZN2ot3Ncp7NcpBase13HandleCommandEh
                0x00000000002012fa       0x4c ../../../src/ncp/libopenthread-ncp-radio.a(libopenthread_ncp_radio_a-ncp_base.o)
                0x00000000002012fa                ot::Ncp::NcpBase::HandleCommand(unsigned char)
 .text._ZN2ot3Ncp7NcpBase13HandleReceiveEPKht
                0x0000000000201346       0xb0 ../../../src/ncp/libopenthread-ncp-radio.a(libopenthread_ncp_radio_a-ncp_base.o)
                0x0000000000201346                ot::Ncp::NcpBase::HandleReceive(unsigned char const*, unsigned short)
 *fill*         0x00000000002013f6        0x2 00000000
 .text._ZN2ot3Ncp7NcpBase17HandlePropertyGetIL17spinel_prop_key_t4105EEE7otErrorv
                0x00000000002013f8       0x44 ../../../src/ncp/libopenthread-ncp-radio.a(libopenthread_ncp_radio_a-ncp_base.o)
                0x00000000002013f8                otError ot::Ncp::NcpBase::HandlePropertyGet<(spinel_prop_key_t)4105>()
 .text._ZN2ot3Ncp7NcpBase17HandlePropertyGetIL17spinel_prop_key_t38EEE7otErrorv
                0x000000000020143c       0x16 ../../../src/ncp/libopenthread-ncp-radio.a(libopenthread_ncp_radio_a-ncp_base.o)
                0x000000000020143c                otError ot::Ncp::NcpBase::HandlePropertyGet<(spinel_prop_key_t)38>()
 .text._ZN2ot3Ncp7NcpBase17HandlePropertyGetIL17spinel_prop_key_t39EEE7otErrorv
                0x0000000000201452       0x16 ../../../src/ncp/libopenthread-ncp-radio.a(libopenthread_ncp_radio_a-ncp_base.o)
                0x0000000000201452                otError ot::Ncp::NcpBase::HandlePropertyGet<(spinel_prop_key_t)39>()
 .text._ZN2ot3Ncp7NcpBase17HandlePropertyGetIL17spinel_prop_key_t37EEE7otErrorv
                0x0000000000201468       0x2e ../../../src/ncp/libopenthread-ncp-radio.a(libopenthread_ncp_radio_a-ncp_base.o)
                0x0000000000201468                otError ot::Ncp::NcpBase::HandlePropertyGet<(spinel_prop_key_t)37>()
 .text._ZN2ot3Ncp7NcpBase17HandlePropertySetIL17spinel_prop_key_t37EEE7otErrorv
                0x0000000000201496       0x22 ../../../src/ncp/libopenthread-ncp-radio.a(libopenthread_ncp_radio_a-ncp_base.o)
                0x0000000000201496                otError ot::Ncp::NcpBase::HandlePropertySet<(spinel_prop_key_t)37>()
 .text._ZN2ot3Ncp7NcpBase17HandlePropertyGetIL17spinel_prop_key_t16384EEE7otErrorv
                0x00000000002014b8        0x2 ../../../src/ncp/libopenthread-ncp-radio.a(libopenthread_ncp_radio_a-ncp_base.o)
                0x00000000002014b8                otError ot::Ncp::NcpBase::HandlePropertyGet<(spinel_prop_key_t)16384>()
 .text._ZN2ot3Ncp7NcpBase17HandlePropertyGetIL17spinel_prop_key_t16386EEE7otErrorv
                0x00000000002014ba        0x2 ../../../src/ncp/libopenthread-ncp-radio.a(libopenthread_ncp_radio_a-ncp_base.o)
                0x00000000002014ba                otError ot::Ncp::NcpBase::HandlePropertyGet<(spinel_prop_key_t)16386>()
 .text._ZN2ot3Ncp7NcpBase17HandlePropertyGetIL17spinel_prop_key_t16385EEE7otErrorv
                0x00000000002014bc       0x18 ../../../src/ncp/libopenthread-ncp-radio.a(libopenthread_ncp_radio_a-ncp_base.o)
                0x00000000002014bc                otError ot::Ncp::NcpBase::HandlePropertyGet<(spinel_prop_key_t)16385>()
 .text.otNcpStreamWrite
                0x00000000002014d4       0x20 ../../../src/ncp/libopenthread-ncp-radio.a(libopenthread_ncp_radio_a-ncp_base.o)
                0x00000000002014d4                otNcpStreamWrite
 .text._ZN2ot3Ncp7NcpBase18LinkRawReceiveDoneEP12otRadioFrame7otError
                0x00000000002014f4       0xc4 ../../../src/ncp/libopenthread-ncp-radio.a(libopenthread_ncp_radio_a-ncp_base_radio.o)
                0x00000000002014f4                ot::Ncp::NcpBase::LinkRawReceiveDone(otRadioFrame*, otError)
 .text._ZN2ot3Ncp7NcpBase18LinkRawReceiveDoneEP10otInstanceP12otRadioFrame7otError
                0x00000000002015b8        0xc ../../../src/ncp/libopenthread-ncp-radio.a(libopenthread_ncp_radio_a-ncp_base_radio.o)
                0x00000000002015b8                ot::Ncp::NcpBase::LinkRawReceiveDone(otInstance*, otRadioFrame*, otError)
 .text._ZN2ot3Ncp7NcpBase19LinkRawTransmitDoneEP12otRadioFrameS3_7otError
                0x00000000002015c4       0xc8 ../../../src/ncp/libopenthread-ncp-radio.a(libopenthread_ncp_radio_a-ncp_base_radio.o)
                0x00000000002015c4                ot::Ncp::NcpBase::LinkRawTransmitDone(otRadioFrame*, otRadioFrame*, otError)
 .text._ZN2ot3Ncp7NcpBase19LinkRawTransmitDoneEP10otInstanceP12otRadioFrameS5_7otError
                0x000000000020168c        0xc ../../../src/ncp/libopenthread-ncp-radio.a(libopenthread_ncp_radio_a-ncp_base_radio.o)
                0x000000000020168c                ot::Ncp::NcpBase::LinkRawTransmitDone(otInstance*, otRadioFrame*, otRadioFrame*, otError)
 .text._ZN2ot3Ncp7NcpBase21LinkRawEnergyScanDoneEa
                0x0000000000201698       0x70 ../../../src/ncp/libopenthread-ncp-radio.a(libopenthread_ncp_radio_a-ncp_base_radio.o)
                0x0000000000201698                ot::Ncp::NcpBase::LinkRawEnergyScanDone(signed char)
 .text._ZN2ot3Ncp7NcpBase21LinkRawEnergyScanDoneEP10otInstancea
                0x0000000000201708        0xc ../../../src/ncp/libopenthread-ncp-radio.a(libopenthread_ncp_radio_a-ncp_base_radio.o)
                0x0000000000201708                ot::Ncp::NcpBase::LinkRawEnergyScanDone(otInstance*, signed char)
 .text._ZN2ot3Ncp7NcpBase17HandlePropertyGetIL17spinel_prop_key_t4619EEE7otErrorv
                0x0000000000201714       0x18 ../../../src/ncp/libopenthread-ncp-radio.a(libopenthread_ncp_radio_a-ncp_base_radio.o)
                0x0000000000201714                otError ot::Ncp::NcpBase::HandlePropertyGet<(spinel_prop_key_t)4619>()
 .text._ZN2ot3Ncp7NcpBase17HandlePropertyGetIL17spinel_prop_key_t4867EEE7otErrorv
                0x000000000020172c        0xa ../../../src/ncp/libopenthread-ncp-radio.a(libopenthread_ncp_radio_a-ncp_base_radio.o)
                0x000000000020172c                otError ot::Ncp::NcpBase::HandlePropertyGet<(spinel_prop_key_t)4867>()
 .text._ZN2ot3Ncp7NcpBase17HandlePropertySetIL17spinel_prop_key_t4867EEE7otErrorv
                0x0000000000201736       0x20 ../../../src/ncp/libopenthread-ncp-radio.a(libopenthread_ncp_radio_a-ncp_base_radio.o)
                0x0000000000201736                otError ot::Ncp::NcpBase::HandlePropertySet<(spinel_prop_key_t)4867>()
 .text._ZN2ot3Ncp7NcpBase17HandlePropertySetIL17spinel_prop_key_t4868EEE7otErrorv
                0x0000000000201756       0x44 ../../../src/ncp/libopenthread-ncp-radio.a(libopenthread_ncp_radio_a-ncp_base_radio.o)
                0x0000000000201756                otError ot::Ncp::NcpBase::HandlePropertySet<(spinel_prop_key_t)4868>()
 .text._ZN2ot3Ncp7NcpBase17HandlePropertySetIL17spinel_prop_key_t4869EEE7otErrorv
                0x000000000020179a       0x42 ../../../src/ncp/libopenthread-ncp-radio.a(libopenthread_ncp_radio_a-ncp_base_radio.o)
                0x000000000020179a                otError ot::Ncp::NcpBase::HandlePropertySet<(spinel_prop_key_t)4869>()
 .text._ZN2ot3Ncp7NcpBase20HandlePropertyRemoveIL17spinel_prop_key_t4868EEE7otErrorv
                0x00000000002017dc       0x1e ../../../src/ncp/libopenthread-ncp-radio.a(libopenthread_ncp_radio_a-ncp_base_radio.o)
                0x00000000002017dc                otError ot::Ncp::NcpBase::HandlePropertyRemove<(spinel_prop_key_t)4868>()
 .text._ZN2ot3Ncp7NcpBase20HandlePropertyRemoveIL17spinel_prop_key_t4869EEE7otErrorv
                0x00000000002017fa       0x1c ../../../src/ncp/libopenthread-ncp-radio.a(libopenthread_ncp_radio_a-ncp_base_radio.o)
                0x00000000002017fa                otError ot::Ncp::NcpBase::HandlePropertyRemove<(spinel_prop_key_t)4869>()
 .text._ZN2ot3Ncp7NcpBase20HandlePropertyInsertIL17spinel_prop_key_t4868EEE7otErrorv
                0x0000000000201816       0x1e ../../../src/ncp/libopenthread-ncp-radio.a(libopenthread_ncp_radio_a-ncp_base_radio.o)
                0x0000000000201816                otError ot::Ncp::NcpBase::HandlePropertyInsert<(spinel_prop_key_t)4868>()
 .text._ZN2ot3Ncp7NcpBase20HandlePropertyInsertIL17spinel_prop_key_t4869EEE7otErrorv
                0x0000000000201834       0x22 ../../../src/ncp/libopenthread-ncp-radio.a(libopenthread_ncp_radio_a-ncp_base_radio.o)
                0x0000000000201834                otError ot::Ncp::NcpBase::HandlePropertyInsert<(spinel_prop_key_t)4869>()
 *fill*         0x0000000000201856        0x2 00000000
 .text._ZN2ot3Ncp7NcpBase17HandlePropertySetIL17spinel_prop_key_t32EEE7otErrorv
                0x0000000000201858       0x54 ../../../src/ncp/libopenthread-ncp-radio.a(libopenthread_ncp_radio_a-ncp_base_radio.o)
                0x0000000000201858                otError ot::Ncp::NcpBase::HandlePropertySet<(spinel_prop_key_t)32>()
 .text._ZN2ot3Ncp7NcpBase17HandlePropertySetIL17spinel_prop_key_t53EEE7otErrorv
                0x00000000002018ac       0x1e ../../../src/ncp/libopenthread-ncp-radio.a(libopenthread_ncp_radio_a-ncp_base_radio.o)
                0x00000000002018ac                otError ot::Ncp::NcpBase::HandlePropertySet<(spinel_prop_key_t)53>()
 *fill*         0x00000000002018ca        0x2 00000000
 .text._ZN2ot3Ncp7NcpBase40HandlePropertySet_SPINEL_PROP_STREAM_RAWEh
                0x00000000002018cc       0x84 ../../../src/ncp/libopenthread-ncp-radio.a(libopenthread_ncp_radio_a-ncp_base_radio.o)
                0x00000000002018cc                ot::Ncp::NcpBase::HandlePropertySet_SPINEL_PROP_STREAM_RAW(unsigned char)
 .text._ZN2ot3Ncp7NcpBase22FindGetPropertyHandlerE17spinel_prop_key_t
                0x0000000000201950      0x1bc ../../../src/ncp/libopenthread-ncp-radio.a(libopenthread_ncp_radio_a-ncp_base_dispatcher.o)
                0x0000000000201950                ot::Ncp::NcpBase::FindGetPropertyHandler(spinel_prop_key_t)
 .text._ZN2ot3Ncp7NcpBase22FindSetPropertyHandlerE17spinel_prop_key_t
                0x0000000000201b0c       0xf4 ../../../src/ncp/libopenthread-ncp-radio.a(libopenthread_ncp_radio_a-ncp_base_dispatcher.o)
                0x0000000000201b0c                ot::Ncp::NcpBase::FindSetPropertyHandler(spinel_prop_key_t)
 .text._ZN2ot3Ncp7NcpBase25FindInsertPropertyHandlerE17spinel_prop_key_t
                0x0000000000201c00       0x40 ../../../src/ncp/libopenthread-ncp-radio.a(libopenthread_ncp_radio_a-ncp_base_dispatcher.o)
                0x0000000000201c00                ot::Ncp::NcpBase::FindInsertPropertyHandler(spinel_prop_key_t)
 .text._ZN2ot3Ncp7NcpBase25FindRemovePropertyHandlerE17spinel_prop_key_t
                0x0000000000201c40       0x40 ../../../src/ncp/libopenthread-ncp-radio.a(libopenthread_ncp_radio_a-ncp_base_dispatcher.o)
                0x0000000000201c40                ot::Ncp::NcpBase::FindRemovePropertyHandler(spinel_prop_key_t)
 .text._ZN2ot3Ncp14NcpFrameBuffer5ClearEv
                0x0000000000201c80       0xaa ../../../src/ncp/libopenthread-ncp-radio.a(libopenthread_ncp_radio_a-ncp_buffer.o)
                0x0000000000201c80                ot::Ncp::NcpFrameBuffer::Clear()
 .text._ZN2ot3Ncp14NcpFrameBufferC2EPht
                0x0000000000201d2a       0x36 ../../../src/ncp/libopenthread-ncp-radio.a(libopenthread_ncp_radio_a-ncp_buffer.o)
                0x0000000000201d2a                ot::Ncp::NcpFrameBuffer::NcpFrameBuffer(unsigned char*, unsigned short)
                0x0000000000201d2a                ot::Ncp::NcpFrameBuffer::NcpFrameBuffer(unsigned char*, unsigned short)
 .text._ZN2ot3Ncp14NcpFrameBuffer21SetFrameAddedCallbackEPFvPvPKvNS1_8PriorityEPS1_ES2_
                0x0000000000201d60        0x6 ../../../src/ncp/libopenthread-ncp-radio.a(libopenthread_ncp_radio_a-ncp_buffer.o)
                0x0000000000201d60                ot::Ncp::NcpFrameBuffer::SetFrameAddedCallback(void (*)(void*, void const*, ot::Ncp::NcpFrameBuffer::Priority, ot::Ncp::NcpFrameBuffer*), void*)
 .text._ZN2ot3Ncp14NcpFrameBuffer23SetFrameRemovedCallbackEPFvPvPKvNS1_8PriorityEPS1_ES2_
                0x0000000000201d66        0x6 ../../../src/ncp/libopenthread-ncp-radio.a(libopenthread_ncp_radio_a-ncp_buffer.o)
                0x0000000000201d66                ot::Ncp::NcpFrameBuffer::SetFrameRemovedCallback(void (*)(void*, void const*, ot::Ncp::NcpFrameBuffer::Priority, ot::Ncp::NcpFrameBuffer*), void*)
 .text._ZNK2ot3Ncp14NcpFrameBuffer16GetUpdatedBufPtrEPhtNS1_9DirectionE
                0x0000000000201d6c       0x2c ../../../src/ncp/libopenthread-ncp-radio.a(libopenthread_ncp_radio_a-ncp_buffer.o)
                0x0000000000201d6c                ot::Ncp::NcpFrameBuffer::GetUpdatedBufPtr(unsigned char*, unsigned short, ot::Ncp::NcpFrameBuffer::Direction) const
 .text._ZNK2ot3Ncp14NcpFrameBuffer11GetDistanceEPhS2_NS1_9DirectionE
                0x0000000000201d98       0x3a ../../../src/ncp/libopenthread-ncp-radio.a(libopenthread_ncp_radio_a-ncp_buffer.o)
                0x0000000000201d98                ot::Ncp::NcpFrameBuffer::GetDistance(unsigned char*, unsigned char*, ot::Ncp::NcpFrameBuffer::Direction) const
 .text._ZN2ot3Ncp14NcpFrameBuffer13WriteUint16AtEPhtNS1_9DirectionE
                0x0000000000201dd2       0x12 ../../../src/ncp/libopenthread-ncp-radio.a(libopenthread_ncp_radio_a-ncp_buffer.o)
                0x0000000000201dd2                ot::Ncp::NcpFrameBuffer::WriteUint16At(unsigned char*, unsigned short, ot::Ncp::NcpFrameBuffer::Direction)
 .text._ZN2ot3Ncp14NcpFrameBuffer12ReadUint16AtEPhNS1_9DirectionE
                0x0000000000201de4       0x16 ../../../src/ncp/libopenthread-ncp-radio.a(libopenthread_ncp_radio_a-ncp_buffer.o)
                0x0000000000201de4                ot::Ncp::NcpFrameBuffer::ReadUint16At(unsigned char*, ot::Ncp::NcpFrameBuffer::Direction)
 .text._ZN2ot3Ncp14NcpFrameBuffer17InFrameEndSegmentEt
                0x0000000000201dfa       0x4c ../../../src/ncp/libopenthread-ncp-radio.a(libopenthread_ncp_radio_a-ncp_buffer.o)
                0x0000000000201dfa                ot::Ncp::NcpFrameBuffer::InFrameEndSegment(unsigned short)
 .text._ZN2ot3Ncp14NcpFrameBuffer16InFrameOverwriteERKNS1_13WritePositionEPKht
                0x0000000000201e46       0x68 ../../../src/ncp/libopenthread-ncp-radio.a(libopenthread_ncp_radio_a-ncp_buffer.o)
                0x0000000000201e46                ot::Ncp::NcpFrameBuffer::InFrameOverwrite(ot::Ncp::NcpFrameBuffer::WritePosition const&, unsigned char const*, unsigned short)
 .text._ZNK2ot3Ncp14NcpFrameBuffer18InFrameGetDistanceERKNS1_13WritePositionE
                0x0000000000201eae       0x50 ../../../src/ncp/libopenthread-ncp-radio.a(libopenthread_ncp_radio_a-ncp_buffer.o)
                0x0000000000201eae                ot::Ncp::NcpFrameBuffer::InFrameGetDistance(ot::Ncp::NcpFrameBuffer::WritePosition const&) const
 .text._ZN2ot3Ncp14NcpFrameBuffer12InFrameResetERKNS1_13WritePositionE
                0x0000000000201efe       0x46 ../../../src/ncp/libopenthread-ncp-radio.a(libopenthread_ncp_radio_a-ncp_buffer.o)
                0x0000000000201efe                ot::Ncp::NcpFrameBuffer::InFrameReset(ot::Ncp::NcpFrameBuffer::WritePosition const&)
 .text._ZN2ot3Ncp14NcpFrameBuffer10InFrameEndEv
                0x0000000000201f44       0x68 ../../../src/ncp/libopenthread-ncp-radio.a(libopenthread_ncp_radio_a-ncp_buffer.o)
                0x0000000000201f44                ot::Ncp::NcpFrameBuffer::InFrameEnd()
 .text._ZNK2ot3Ncp14NcpFrameBuffer17InFrameGetLastTagEv
                0x0000000000201fac        0x4 ../../../src/ncp/libopenthread-ncp-radio.a(libopenthread_ncp_radio_a-ncp_buffer.o)
                0x0000000000201fac                ot::Ncp::NcpFrameBuffer::InFrameGetLastTag() const
 .text._ZNK2ot3Ncp14NcpFrameBuffer7IsEmptyEv
                0x0000000000201fb0       0x18 ../../../src/ncp/libopenthread-ncp-radio.a(libopenthread_ncp_radio_a-ncp_buffer.o)
                0x0000000000201fb0                ot::Ncp::NcpFrameBuffer::IsEmpty() const
 .text._ZN2ot3Ncp14NcpFrameBuffer27OutFrameSelectReadDirectionEv
                0x0000000000201fc8       0x16 ../../../src/ncp/libopenthread-ncp-radio.a(libopenthread_ncp_radio_a-ncp_buffer.o)
                0x0000000000201fc8                ot::Ncp::NcpFrameBuffer::OutFrameSelectReadDirection()
 .text._ZN2ot3Ncp14NcpFrameBuffer25OutFrameFillMessageBufferEv
                0x0000000000201fde       0x42 ../../../src/ncp/libopenthread-ncp-radio.a(libopenthread_ncp_radio_a-ncp_buffer.o)
                0x0000000000201fde                ot::Ncp::NcpFrameBuffer::OutFrameFillMessageBuffer()
 .text._ZN2ot3Ncp14NcpFrameBuffer22OutFramePrepareMessageEv
                0x0000000000202020       0x4a ../../../src/ncp/libopenthread-ncp-radio.a(libopenthread_ncp_radio_a-ncp_buffer.o)
                0x0000000000202020                ot::Ncp::NcpFrameBuffer::OutFramePrepareMessage()
 .text._ZN2ot3Ncp14NcpFrameBuffer22OutFramePrepareSegmentEv
                0x000000000020206a       0x70 ../../../src/ncp/libopenthread-ncp-radio.a(libopenthread_ncp_radio_a-ncp_buffer.o)
                0x000000000020206a                ot::Ncp::NcpFrameBuffer::OutFramePrepareSegment()
 .text._ZN2ot3Ncp14NcpFrameBuffer13OutFrameBeginEv
                0x00000000002020da       0x2e ../../../src/ncp/libopenthread-ncp-radio.a(libopenthread_ncp_radio_a-ncp_buffer.o)
                0x00000000002020da                ot::Ncp::NcpFrameBuffer::OutFrameBegin()
 .text._ZN2ot3Ncp14NcpFrameBuffer16OutFrameHasEndedEv
                0x0000000000202108       0x12 ../../../src/ncp/libopenthread-ncp-radio.a(libopenthread_ncp_radio_a-ncp_buffer.o)
                0x0000000000202108                ot::Ncp::NcpFrameBuffer::OutFrameHasEnded()
 .text._ZN2ot3Ncp14NcpFrameBuffer16OutFrameReadByteEv
                0x000000000020211a       0x4e ../../../src/ncp/libopenthread-ncp-radio.a(libopenthread_ncp_radio_a-ncp_buffer.o)
                0x000000000020211a                ot::Ncp::NcpFrameBuffer::OutFrameReadByte()
 .text._ZN2ot3Ncp14NcpFrameBuffer28UpdateReadWriteStartPointersEv
                0x0000000000202168       0x46 ../../../src/ncp/libopenthread-ncp-radio.a(libopenthread_ncp_radio_a-ncp_buffer.o)
                0x0000000000202168                ot::Ncp::NcpFrameBuffer::UpdateReadWriteStartPointers()
 .text._ZN2ot3Ncp14NcpFrameBuffer14InFrameDiscardEv
                0x00000000002021ae       0x3c ../../../src/ncp/libopenthread-ncp-radio.a(libopenthread_ncp_radio_a-ncp_buffer.o)
                0x00000000002021ae                ot::Ncp::NcpFrameBuffer::InFrameDiscard()
 .text._ZN2ot3Ncp14NcpFrameBuffer13InFrameAppendEh
                0x00000000002021ea       0x3e ../../../src/ncp/libopenthread-ncp-radio.a(libopenthread_ncp_radio_a-ncp_buffer.o)
                0x00000000002021ea                ot::Ncp::NcpFrameBuffer::InFrameAppend(unsigned char)
 .text._ZN2ot3Ncp14NcpFrameBuffer19InFrameBeginSegmentEv
                0x0000000000202228       0x4c ../../../src/ncp/libopenthread-ncp-radio.a(libopenthread_ncp_radio_a-ncp_buffer.o)
                0x0000000000202228                ot::Ncp::NcpFrameBuffer::InFrameBeginSegment()
 .text._ZN2ot3Ncp14NcpFrameBuffer18InFrameGetPositionERNS1_13WritePositionE
                0x0000000000202274       0x22 ../../../src/ncp/libopenthread-ncp-radio.a(libopenthread_ncp_radio_a-ncp_buffer.o)
                0x0000000000202274                ot::Ncp::NcpFrameBuffer::InFrameGetPosition(ot::Ncp::NcpFrameBuffer::WritePosition&)
 .text._ZN2ot3Ncp14NcpFrameBuffer15InFrameFeedByteEh
                0x0000000000202296       0x24 ../../../src/ncp/libopenthread-ncp-radio.a(libopenthread_ncp_radio_a-ncp_buffer.o)
                0x0000000000202296                ot::Ncp::NcpFrameBuffer::InFrameFeedByte(unsigned char)
 .text._ZN2ot3Ncp14NcpFrameBuffer15InFrameFeedDataEPKht
                0x00000000002022ba       0x36 ../../../src/ncp/libopenthread-ncp-radio.a(libopenthread_ncp_radio_a-ncp_buffer.o)
                0x00000000002022ba                ot::Ncp::NcpFrameBuffer::InFrameFeedData(unsigned char const*, unsigned short)
 .text._ZN2ot3Ncp14NcpFrameBuffer12InFrameBeginENS1_8PriorityE
                0x00000000002022f0       0x24 ../../../src/ncp/libopenthread-ncp-radio.a(libopenthread_ncp_radio_a-ncp_buffer.o)
                0x00000000002022f0                ot::Ncp::NcpFrameBuffer::InFrameBegin(ot::Ncp::NcpFrameBuffer::Priority)
 .text._ZN2ot3Ncp14NcpFrameBuffer14OutFrameRemoveEv
                0x0000000000202314       0xd0 ../../../src/ncp/libopenthread-ncp-radio.a(libopenthread_ncp_radio_a-ncp_buffer.o)
                0x0000000000202314                ot::Ncp::NcpFrameBuffer::OutFrameRemove()
 .text._ZN2ot3Ncp13SpinelDecoderC2Ev
                0x00000000002023e4        0xc ../../../src/ncp/libopenthread-ncp-radio.a(libopenthread_ncp_radio_a-spinel_decoder.o)
                0x00000000002023e4                ot::Ncp::SpinelDecoder::SpinelDecoder()
                0x00000000002023e4                ot::Ncp::SpinelDecoder::SpinelDecoder()
 .text._ZN2ot3Ncp13SpinelDecoder5ResetEv
                0x00000000002023f0        0xe ../../../src/ncp/libopenthread-ncp-radio.a(libopenthread_ncp_radio_a-spinel_decoder.o)
                0x00000000002023f0                ot::Ncp::SpinelDecoder::Reset()
 .text._ZN2ot3Ncp13SpinelDecoder4InitEPKht
                0x00000000002023fe       0x16 ../../../src/ncp/libopenthread-ncp-radio.a(libopenthread_ncp_radio_a-spinel_decoder.o)
                0x00000000002023fe                ot::Ncp::SpinelDecoder::Init(unsigned char const*, unsigned short)
 .text._ZN2ot3Ncp13SpinelDecoder9ReadUint8ERh
                0x0000000000202414       0x20 ../../../src/ncp/libopenthread-ncp-radio.a(libopenthread_ncp_radio_a-spinel_decoder.o)
                0x0000000000202414                ot::Ncp::SpinelDecoder::ReadUint8(unsigned char&)
 .text._ZN2ot3Ncp13SpinelDecoder8ReadBoolERb
                0x0000000000202434       0x24 ../../../src/ncp/libopenthread-ncp-radio.a(libopenthread_ncp_radio_a-spinel_decoder.o)
                0x0000000000202434                ot::Ncp::SpinelDecoder::ReadBool(bool&)
 .text._ZN2ot3Ncp13SpinelDecoder8ReadInt8ERa
                0x0000000000202458       0x18 ../../../src/ncp/libopenthread-ncp-radio.a(libopenthread_ncp_radio_a-spinel_decoder.o)
                0x0000000000202458                ot::Ncp::SpinelDecoder::ReadInt8(signed char&)
 .text._ZN2ot3Ncp13SpinelDecoder10ReadUint16ERt
                0x0000000000202470       0x28 ../../../src/ncp/libopenthread-ncp-radio.a(libopenthread_ncp_radio_a-spinel_decoder.o)
                0x0000000000202470                ot::Ncp::SpinelDecoder::ReadUint16(unsigned short&)
 .text._ZN2ot3Ncp13SpinelDecoder14ReadUintPackedERj
                0x0000000000202498       0x2e ../../../src/ncp/libopenthread-ncp-radio.a(libopenthread_ncp_radio_a-spinel_decoder.o)
                0x0000000000202498                ot::Ncp::SpinelDecoder::ReadUintPacked(unsigned int&)
 .text._ZN2ot3Ncp13SpinelDecoder8ReadItemEPPKht
                0x00000000002024c6       0x1c ../../../src/ncp/libopenthread-ncp-radio.a(libopenthread_ncp_radio_a-spinel_decoder.o)
                0x00000000002024c6                ot::Ncp::SpinelDecoder::ReadItem(unsigned char const**, unsigned short)
 .text._ZN2ot3Ncp13SpinelDecoder8ReadUtf8ERPKc
                0x00000000002024e2       0x3a ../../../src/ncp/libopenthread-ncp-radio.a(libopenthread_ncp_radio_a-spinel_decoder.o)
                0x00000000002024e2                ot::Ncp::SpinelDecoder::ReadUtf8(char const*&)
 .text._ZN2ot3Ncp13SpinelDecoder8ReadDataERPKhRt
                0x000000000020251c       0x14 ../../../src/ncp/libopenthread-ncp-radio.a(libopenthread_ncp_radio_a-spinel_decoder.o)
                0x000000000020251c                ot::Ncp::SpinelDecoder::ReadData(unsigned char const*&, unsigned short&)
 .text._ZN2ot3Ncp13SpinelDecoder15ReadDataWithLenERPKhRt
                0x0000000000202530       0x2a ../../../src/ncp/libopenthread-ncp-radio.a(libopenthread_ncp_radio_a-spinel_decoder.o)
                0x0000000000202530                ot::Ncp::SpinelDecoder::ReadDataWithLen(unsigned char const*&, unsigned short&)
 .text._ZN2ot3Ncp13SpinelDecoder12SavePositionEv
                0x000000000020255a        0xe ../../../src/ncp/libopenthread-ncp-radio.a(libopenthread_ncp_radio_a-spinel_decoder.o)
                0x000000000020255a                ot::Ncp::SpinelDecoder::SavePosition()
 .text._ZN2ot3Ncp13SpinelDecoder12ResetToSavedEv
                0x0000000000202568       0x1a ../../../src/ncp/libopenthread-ncp-radio.a(libopenthread_ncp_radio_a-spinel_decoder.o)
                0x0000000000202568                ot::Ncp::SpinelDecoder::ResetToSaved()
 .text._ZN2ot3Ncp13SpinelEncoder11WriteUint16Et
                0x0000000000202582       0x1e ../../../src/ncp/libopenthread-ncp-radio.a(libopenthread_ncp_radio_a-spinel_encoder.o)
                0x0000000000202582                ot::Ncp::SpinelEncoder::WriteUint16(unsigned short)
 .text._ZN2ot3Ncp13SpinelEncoder11WriteUint32Em
                0x00000000002025a0       0x36 ../../../src/ncp/libopenthread-ncp-radio.a(libopenthread_ncp_radio_a-spinel_encoder.o)
                0x00000000002025a0                ot::Ncp::SpinelEncoder::WriteUint32(unsigned long)
 .text._ZN2ot3Ncp13SpinelEncoder15WriteUintPackedEj
                0x00000000002025d6       0x1c ../../../src/ncp/libopenthread-ncp-radio.a(libopenthread_ncp_radio_a-spinel_encoder.o)
                0x00000000002025d6                ot::Ncp::SpinelEncoder::WriteUintPacked(unsigned int)
 .text._ZN2ot3Ncp13SpinelEncoder10BeginFrameEhj
                0x00000000002025f2       0x3a ../../../src/ncp/libopenthread-ncp-radio.a(libopenthread_ncp_radio_a-spinel_encoder.o)
                0x00000000002025f2                ot::Ncp::SpinelEncoder::BeginFrame(unsigned char, unsigned int)
 .text._ZN2ot3Ncp13SpinelEncoder9WriteUtf8EPKc
                0x000000000020262c       0x30 ../../../src/ncp/libopenthread-ncp-radio.a(libopenthread_ncp_radio_a-spinel_encoder.o)
                0x000000000020262c                ot::Ncp::SpinelEncoder::WriteUtf8(char const*)
 .text._ZN2ot3Ncp13SpinelEncoder10OpenStructEv
                0x000000000020265c       0x3e ../../../src/ncp/libopenthread-ncp-radio.a(libopenthread_ncp_radio_a-spinel_encoder.o)
                0x000000000020265c                ot::Ncp::SpinelEncoder::OpenStruct()
 .text._ZN2ot3Ncp13SpinelEncoder11CloseStructEv
                0x000000000020269a       0x4c ../../../src/ncp/libopenthread-ncp-radio.a(libopenthread_ncp_radio_a-spinel_encoder.o)
                0x000000000020269a                ot::Ncp::SpinelEncoder::CloseStruct()
 .text._ZN2ot3Ncp13SpinelEncoder8EndFrameEv
                0x00000000002026e6       0x20 ../../../src/ncp/libopenthread-ncp-radio.a(libopenthread_ncp_radio_a-spinel_encoder.o)
                0x00000000002026e6                ot::Ncp::SpinelEncoder::EndFrame()
 .text._ZN2ot3Ncp13SpinelEncoder12SavePositionEv
                0x0000000000202706       0x1a ../../../src/ncp/libopenthread-ncp-radio.a(libopenthread_ncp_radio_a-spinel_encoder.o)
                0x0000000000202706                ot::Ncp::SpinelEncoder::SavePosition()
 .text._ZN2ot3Ncp13SpinelEncoder10BeginFrameEhj17spinel_prop_key_t
                0x0000000000202720       0x22 ../../../src/ncp/libopenthread-ncp-radio.a(libopenthread_ncp_radio_a-spinel_encoder.o)
                0x0000000000202720                ot::Ncp::SpinelEncoder::BeginFrame(unsigned char, unsigned int, spinel_prop_key_t)
 .text._ZN2ot3Ncp13SpinelEncoder12ResetToSavedEv
                0x0000000000202742       0x1a ../../../src/ncp/libopenthread-ncp-radio.a(libopenthread_ncp_radio_a-spinel_encoder.o)
                0x0000000000202742                ot::Ncp::SpinelEncoder::ResetToSaved()
 .text._ZN2ot3Ncp13SpinelEncoder28OverwriteWithLastStatusErrorE15spinel_status_t
                0x000000000020275c       0x24 ../../../src/ncp/libopenthread-ncp-radio.a(libopenthread_ncp_radio_a-spinel_encoder.o)
                0x000000000020275c                ot::Ncp::SpinelEncoder::OverwriteWithLastStatusError(spinel_status_t)
 .text._ZNK2ot3Ncp15ChangedPropsSet13GetNumEntriesEv
                0x0000000000202780        0x4 ../../../src/ncp/libopenthread-ncp-radio.a(libopenthread_ncp_radio_a-changed_props_set.o)
                0x0000000000202780                ot::Ncp::ChangedPropsSet::GetNumEntries() const
 .text._ZN2ot3Ncp15ChangedPropsSet3AddE17spinel_prop_key_t15spinel_status_t
                0x0000000000202784       0x84 ../../../src/ncp/libopenthread-ncp-radio.a(libopenthread_ncp_radio_a-changed_props_set.o)
                0x0000000000202784                ot::Ncp::ChangedPropsSet::Add(spinel_prop_key_t, spinel_status_t)
 .text._ZN2ot3Ncp15ChangedPropsSet20EnablePropertyFilterE17spinel_prop_key_tb
                0x0000000000202808       0xa8 ../../../src/ncp/libopenthread-ncp-radio.a(libopenthread_ncp_radio_a-changed_props_set.o)
                0x0000000000202808                ot::Ncp::ChangedPropsSet::EnablePropertyFilter(spinel_prop_key_t, bool)
 .text._ZNK2ot3Ncp15ChangedPropsSet18IsPropertyFilteredE17spinel_prop_key_t
                0x00000000002028b0       0x48 ../../../src/ncp/libopenthread-ncp-radio.a(libopenthread_ncp_radio_a-changed_props_set.o)
                0x00000000002028b0                ot::Ncp::ChangedPropsSet::IsPropertyFiltered(spinel_prop_key_t) const
 .text.spinel_packed_uint_decode
                0x00000000002028f8       0x30 ../../../src/ncp/libopenthread-ncp-radio.a(libopenthread_ncp_radio_a-spinel.o)
                0x00000000002028f8                spinel_packed_uint_decode
 .text.spinel_packed_uint_size
                0x0000000000202928       0x28 ../../../src/ncp/libopenthread-ncp-radio.a(libopenthread_ncp_radio_a-spinel.o)
                0x0000000000202928                spinel_packed_uint_size
 .text.spinel_packed_uint_encode
                0x0000000000202950       0x30 ../../../src/ncp/libopenthread-ncp-radio.a(libopenthread_ncp_radio_a-spinel.o)
                0x0000000000202950                spinel_packed_uint_encode
 .text.otInstanceInitSingle
                0x0000000000202980        0x4 ../../../src/core/libopenthread-radio.a(libopenthread_radio_a-instance_api.o)
                0x0000000000202980                otInstanceInitSingle
 .text.otInstanceIsInitialized
                0x0000000000202984        0x4 ../../../src/core/libopenthread-radio.a(libopenthread_radio_a-instance_api.o)
                0x0000000000202984                otInstanceIsInitialized
 .text.otInstanceFinalize
                0x0000000000202988        0x4 ../../../src/core/libopenthread-radio.a(libopenthread_radio_a-instance_api.o)
                0x0000000000202988                otInstanceFinalize
 .text.otInstanceReset
                0x000000000020298c        0x4 ../../../src/core/libopenthread-radio.a(libopenthread_radio_a-instance_api.o)
                0x000000000020298c                otInstanceReset
 .text.otGetVersionString
                0x0000000000202990        0x8 ../../../src/core/libopenthread-radio.a(libopenthread_radio_a-instance_api.o)
                0x0000000000202990                otGetVersionString
 .text.otLinkRawSetEnable
                0x0000000000202998        0x6 ../../../src/core/libopenthread-radio.a(libopenthread_radio_a-link_raw_api.o)
                0x0000000000202998                otLinkRawSetEnable
 .text.otLinkRawIsEnabled
                0x000000000020299e        0x4 ../../../src/core/libopenthread-radio.a(libopenthread_radio_a-link_raw_api.o)
                0x000000000020299e                otLinkRawIsEnabled
 .text.otLinkRawSetShortAddress
                0x00000000002029a2        0x6 ../../../src/core/libopenthread-radio.a(libopenthread_radio_a-link_raw_api.o)
                0x00000000002029a2                otLinkRawSetShortAddress
 .text.otLinkRawSleep
                0x00000000002029a8        0xc ../../../src/core/libopenthread-radio.a(libopenthread_radio_a-link_raw_api.o)
                0x00000000002029a8                otLinkRawSleep
 .text.otLinkRawReceive
                0x00000000002029b4        0x6 ../../../src/core/libopenthread-radio.a(libopenthread_radio_a-link_raw_api.o)
                0x00000000002029b4                otLinkRawReceive
 .text.otLinkRawGetTransmitBuffer
                0x00000000002029ba        0x4 ../../../src/core/libopenthread-radio.a(libopenthread_radio_a-link_raw_api.o)
                0x00000000002029ba                otLinkRawGetTransmitBuffer
 .text.otLinkRawTransmit
                0x00000000002029be        0x6 ../../../src/core/libopenthread-radio.a(libopenthread_radio_a-link_raw_api.o)
                0x00000000002029be                otLinkRawTransmit
 .text.otLinkRawGetCaps
                0x00000000002029c4        0x6 ../../../src/core/libopenthread-radio.a(libopenthread_radio_a-link_raw_api.o)
                0x00000000002029c4                otLinkRawGetCaps
 .text.otLinkRawEnergyScan
                0x00000000002029ca        0x6 ../../../src/core/libopenthread-radio.a(libopenthread_radio_a-link_raw_api.o)
                0x00000000002029ca                otLinkRawEnergyScan
 .text.otLinkRawSrcMatchEnable
                0x00000000002029d0       0x12 ../../../src/core/libopenthread-radio.a(libopenthread_radio_a-link_raw_api.o)
                0x00000000002029d0                otLinkRawSrcMatchEnable
 .text.otLinkRawSrcMatchAddShortEntry
                0x00000000002029e2        0xc ../../../src/core/libopenthread-radio.a(libopenthread_radio_a-link_raw_api.o)
                0x00000000002029e2                otLinkRawSrcMatchAddShortEntry
 .text.otLinkRawSrcMatchAddExtEntry
                0x00000000002029ee       0x26 ../../../src/core/libopenthread-radio.a(libopenthread_radio_a-link_raw_api.o)
                0x00000000002029ee                otLinkRawSrcMatchAddExtEntry
 .text.otLinkRawSrcMatchClearShortEntry
                0x0000000000202a14        0xc ../../../src/core/libopenthread-radio.a(libopenthread_radio_a-link_raw_api.o)
                0x0000000000202a14                otLinkRawSrcMatchClearShortEntry
 .text.otLinkRawSrcMatchClearExtEntry
                0x0000000000202a20       0x26 ../../../src/core/libopenthread-radio.a(libopenthread_radio_a-link_raw_api.o)
                0x0000000000202a20                otLinkRawSrcMatchClearExtEntry
 .text.otLinkRawSrcMatchClearShortEntries
                0x0000000000202a46       0x12 ../../../src/core/libopenthread-radio.a(libopenthread_radio_a-link_raw_api.o)
                0x0000000000202a46                otLinkRawSrcMatchClearShortEntries
 .text.otLinkRawSrcMatchClearExtEntries
                0x0000000000202a58       0x12 ../../../src/core/libopenthread-radio.a(libopenthread_radio_a-link_raw_api.o)
                0x0000000000202a58                otLinkRawSrcMatchClearExtEntries
 .text.otLinkGetChannel
                0x0000000000202a6a        0x4 ../../../src/core/libopenthread-radio.a(libopenthread_radio_a-link_raw_api.o)
                0x0000000000202a6a                otLinkGetChannel
 .text.otLinkSetChannel
                0x0000000000202a6e        0x6 ../../../src/core/libopenthread-radio.a(libopenthread_radio_a-link_raw_api.o)
                0x0000000000202a6e                otLinkSetChannel
 .text.otLinkGetPanId
                0x0000000000202a74        0x4 ../../../src/core/libopenthread-radio.a(libopenthread_radio_a-link_raw_api.o)
                0x0000000000202a74                otLinkGetPanId
 .text.otLinkSetPanId
                0x0000000000202a78        0x6 ../../../src/core/libopenthread-radio.a(libopenthread_radio_a-link_raw_api.o)
                0x0000000000202a78                otLinkSetPanId
 .text.otLinkGetExtendedAddress
                0x0000000000202a7e        0x4 ../../../src/core/libopenthread-radio.a(libopenthread_radio_a-link_raw_api.o)
                0x0000000000202a7e                otLinkGetExtendedAddress
 .text.otLinkSetExtendedAddress
                0x0000000000202a82        0x6 ../../../src/core/libopenthread-radio.a(libopenthread_radio_a-link_raw_api.o)
                0x0000000000202a82                otLinkSetExtendedAddress
 .text.otLinkGetShortAddress
                0x0000000000202a88        0x4 ../../../src/core/libopenthread-radio.a(libopenthread_radio_a-link_raw_api.o)
                0x0000000000202a88                otLinkGetShortAddress
 .text.otDiagInit
                0x0000000000202a8c        0xc ../../../src/core/libopenthread-radio.a(libopenthread_radio_a-link_raw_api.o)
                0x0000000000202a8c                otDiagInit
 .text.otDiagProcessCmdLine
                0x0000000000202a98       0xf0 ../../../src/core/libopenthread-radio.a(libopenthread_radio_a-link_raw_api.o)
                0x0000000000202a98                otDiagProcessCmdLine
 .text.otPlatDiagAlarmFired
                0x0000000000202b88        0x4 ../../../src/core/libopenthread-radio.a(libopenthread_radio_a-link_raw_api.o)
                0x0000000000202b88                otPlatDiagAlarmFired
 .text.otPlatDiagRadioTransmitDone
                0x0000000000202b8c        0x8 ../../../src/core/libopenthread-radio.a(libopenthread_radio_a-link_raw_api.o)
                0x0000000000202b8c                otPlatDiagRadioTransmitDone
 .text.otPlatDiagRadioReceiveDone
                0x0000000000202b94        0x4 ../../../src/core/libopenthread-radio.a(libopenthread_radio_a-link_raw_api.o)
                0x0000000000202b94                otPlatDiagRadioReceiveDone
 .text.otLoggingGetLevel
                0x0000000000202b98        0x4 ../../../src/core/libopenthread-radio.a(libopenthread_radio_a-logging_api.o)
                0x0000000000202b98                otLoggingGetLevel
 .text.otMessageFree
                0x0000000000202b9c        0x4 ../../../src/core/libopenthread-radio.a(libopenthread_radio_a-message_api.o)
                0x0000000000202b9c                otMessageFree
 .text.otMessageGetLength
                0x0000000000202ba0        0x4 ../../../src/core/libopenthread-radio.a(libopenthread_radio_a-message_api.o)
                0x0000000000202ba0                otMessageGetLength
 .text.otMessageRead
                0x0000000000202ba4        0xe ../../../src/core/libopenthread-radio.a(libopenthread_radio_a-message_api.o)
                0x0000000000202ba4                otMessageRead
 .text.otMessageQueueInit
                0x0000000000202bb2        0x6 ../../../src/core/libopenthread-radio.a(libopenthread_radio_a-message_api.o)
                0x0000000000202bb2                otMessageQueueInit
 .text.otMessageQueueEnqueue
                0x0000000000202bb8        0x6 ../../../src/core/libopenthread-radio.a(libopenthread_radio_a-message_api.o)
                0x0000000000202bb8                otMessageQueueEnqueue
 .text.otMessageQueueDequeue
                0x0000000000202bbe        0x4 ../../../src/core/libopenthread-radio.a(libopenthread_radio_a-message_api.o)
                0x0000000000202bbe                otMessageQueueDequeue
 .text.otMessageQueueGetHead
                0x0000000000202bc2        0x4 ../../../src/core/libopenthread-radio.a(libopenthread_radio_a-message_api.o)
                0x0000000000202bc2                otMessageQueueGetHead
 .text.otMessageQueueGetNext
                0x0000000000202bc6       0x1c ../../../src/core/libopenthread-radio.a(libopenthread_radio_a-message_api.o)
                0x0000000000202bc6                otMessageQueueGetNext
 .text.otTaskletsProcess
                0x0000000000202be2       0x16 ../../../src/core/libopenthread-radio.a(libopenthread_radio_a-tasklet_api.o)
                0x0000000000202be2                otTaskletsProcess
 .text._ZN2ot8InstanceC2Ev
                0x0000000000202bf8       0x20 ../../../src/core/libopenthread-radio.a(libopenthread_radio_a-instance.o)
                0x0000000000202bf8                ot::Instance::Instance()
                0x0000000000202bf8                ot::Instance::Instance()
 .text._ZN2ot8Instance10InitSingleEv
                0x0000000000202c18       0x20 ../../../src/core/libopenthread-radio.a(libopenthread_radio_a-instance.o)
                0x0000000000202c18                ot::Instance::InitSingle()
 .text._ZN2ot8Instance3GetEv
                0x0000000000202c38        0x8 ../../../src/core/libopenthread-radio.a(libopenthread_radio_a-instance.o)
                0x0000000000202c38                ot::Instance::Get()
 .text._ZN2ot8Instance5ResetEv
                0x0000000000202c40        0x4 ../../../src/core/libopenthread-radio.a(libopenthread_radio_a-instance.o)
                0x0000000000202c40                ot::Instance::Reset()
 .text._ZN2ot8Instance8FinalizeEv
                0x0000000000202c44        0xe ../../../src/core/libopenthread-radio.a(libopenthread_radio_a-instance.o)
                0x0000000000202c44                ot::Instance::Finalize()
 *fill*         0x0000000000202c52        0x2 00000000
 .text.otThreadErrorToString
                0x0000000000202c54        0xc ../../../src/core/libopenthread-radio.a(libopenthread_radio_a-logging.o)
                0x0000000000202c54                otThreadErrorToString
 .text._ZN2ot11MessagePool11FreeBuffersEPNS_6BufferE
                0x0000000000202c60       0x1e ../../../src/core/libopenthread-radio.a(libopenthread_radio_a-message.o)
                0x0000000000202c60                ot::MessagePool::FreeBuffers(ot::Buffer*)
 .text._ZN2ot11MessagePool4FreeEPNS_7MessageE
                0x0000000000202c7e       0x18 ../../../src/core/libopenthread-radio.a(libopenthread_radio_a-message.o)
                0x0000000000202c7e                ot::MessagePool::Free(ot::Message*)
 .text._ZN2ot7Message4FreeEv
                0x0000000000202c96        0x8 ../../../src/core/libopenthread-radio.a(libopenthread_radio_a-message.o)
                0x0000000000202c96                ot::Message::Free()
 .text._ZNK2ot7Message4ReadEttPv
                0x0000000000202c9e       0x98 ../../../src/core/libopenthread-radio.a(libopenthread_radio_a-message.o)
                0x0000000000202c9e                ot::Message::Read(unsigned short, unsigned short, void*) const
 .text._ZN2ot12MessageQueue9AddToListEhRNS_7MessageENS0_13QueuePositionE
                0x0000000000202d36       0x38 ../../../src/core/libopenthread-radio.a(libopenthread_radio_a-message.o)
                0x0000000000202d36                ot::MessageQueue::AddToList(unsigned char, ot::Message&, ot::MessageQueue::QueuePosition)
 .text._ZN2ot12MessageQueue14RemoveFromListEhRNS_7MessageE
                0x0000000000202d6e       0x3c ../../../src/core/libopenthread-radio.a(libopenthread_radio_a-message.o)
                0x0000000000202d6e                ot::MessageQueue::RemoveFromList(unsigned char, ot::Message&)
 .text._ZNK2ot12MessageQueue7GetHeadEv
                0x0000000000202daa        0x8 ../../../src/core/libopenthread-radio.a(libopenthread_radio_a-message.o)
                0x0000000000202daa                ot::MessageQueue::GetHead() const
 .text._ZNK2ot13PriorityQueue20FindFirstNonNullTailEh
                0x0000000000202db2       0x1a ../../../src/core/libopenthread-radio.a(libopenthread_radio_a-message.o)
                0x0000000000202db2                ot::PriorityQueue::FindFirstNonNullTail(unsigned char) const
 .text._ZNK2ot13PriorityQueue7GetTailEv
                0x0000000000202dcc        0x6 ../../../src/core/libopenthread-radio.a(libopenthread_radio_a-message.o)
                0x0000000000202dcc                ot::PriorityQueue::GetTail() const
 .text._ZNK2ot7Message7GetNextEv
                0x0000000000202dd2       0x26 ../../../src/core/libopenthread-radio.a(libopenthread_radio_a-message.o)
                0x0000000000202dd2                ot::Message::GetNext() const
 .text._ZN2ot13PriorityQueue9AddToListEhRNS_7MessageE
                0x0000000000202df8       0x3a ../../../src/core/libopenthread-radio.a(libopenthread_radio_a-message.o)
                0x0000000000202df8                ot::PriorityQueue::AddToList(unsigned char, ot::Message&)
 .text._ZN2ot12MessageQueue7EnqueueERNS_7MessageENS0_13QueuePositionE
                0x0000000000202e32       0x36 ../../../src/core/libopenthread-radio.a(libopenthread_radio_a-message.o)
                0x0000000000202e32                ot::MessageQueue::Enqueue(ot::Message&, ot::MessageQueue::QueuePosition)
 .text._ZN2ot13PriorityQueue14RemoveFromListEhRNS_7MessageE
                0x0000000000202e68       0x52 ../../../src/core/libopenthread-radio.a(libopenthread_radio_a-message.o)
                0x0000000000202e68                ot::PriorityQueue::RemoveFromList(unsigned char, ot::Message&)
 .text._ZN2ot12MessageQueue7DequeueERNS_7MessageE
                0x0000000000202eba       0x42 ../../../src/core/libopenthread-radio.a(libopenthread_radio_a-message.o)
                0x0000000000202eba                ot::MessageQueue::Dequeue(ot::Message&)
 .text._ZN2ot7TaskletC2ERNS_8InstanceEPFvRS0_EPv
                0x0000000000202efc        0x8 ../../../src/core/libopenthread-radio.a(libopenthread_radio_a-tasklet.o)
                0x0000000000202efc                ot::Tasklet::Tasklet(ot::Instance&, void (*)(ot::Tasklet&), void*)
                0x0000000000202efc                ot::Tasklet::Tasklet(ot::Instance&, void (*)(ot::Tasklet&), void*)
 .text._ZN2ot16TaskletSchedulerC2Ev
                0x0000000000202f04        0x8 ../../../src/core/libopenthread-radio.a(libopenthread_radio_a-tasklet.o)
                0x0000000000202f04                ot::TaskletScheduler::TaskletScheduler()
                0x0000000000202f04                ot::TaskletScheduler::TaskletScheduler()
 .text._ZN2ot16TaskletScheduler4PostERNS_7TaskletE
                0x0000000000202f0c       0x3e ../../../src/core/libopenthread-radio.a(libopenthread_radio_a-tasklet.o)
                0x0000000000202f0c                ot::TaskletScheduler::Post(ot::Tasklet&)
 .text._ZN2ot7Tasklet4PostEv
                0x0000000000202f4a       0x14 ../../../src/core/libopenthread-radio.a(libopenthread_radio_a-tasklet.o)
                0x0000000000202f4a                ot::Tasklet::Post()
 .text._ZN2ot16TaskletScheduler10PopTaskletEv
                0x0000000000202f5e       0x14 ../../../src/core/libopenthread-radio.a(libopenthread_radio_a-tasklet.o)
                0x0000000000202f5e                ot::TaskletScheduler::PopTasklet()
 .text._ZN2ot16TaskletScheduler21ProcessQueuedTaskletsEv
                0x0000000000202f72       0x2a ../../../src/core/libopenthread-radio.a(libopenthread_radio_a-tasklet.o)
                0x0000000000202f72                ot::TaskletScheduler::ProcessQueuedTasklets()
 .text._ZN2ot3Mac7LinkRawC2ERNS_8InstanceE
                0x0000000000202f9c       0x24 ../../../src/core/libopenthread-radio.a(libopenthread_radio_a-link_raw.o)
                0x0000000000202f9c                ot::Mac::LinkRaw::LinkRaw(ot::Instance&)
                0x0000000000202f9c                ot::Mac::LinkRaw::LinkRaw(ot::Instance&)
 .text._ZN2ot3Mac7LinkRaw10SetEnabledEb
                0x0000000000202fc0       0x1c ../../../src/core/libopenthread-radio.a(libopenthread_radio_a-link_raw.o)
                0x0000000000202fc0                ot::Mac::LinkRaw::SetEnabled(bool)
 .text._ZN2ot3Mac7LinkRaw8SetPanIdEt
                0x0000000000202fdc       0x1a ../../../src/core/libopenthread-radio.a(libopenthread_radio_a-link_raw.o)
                0x0000000000202fdc                ot::Mac::LinkRaw::SetPanId(unsigned short)
 .text._ZN2ot3Mac7LinkRaw10SetChannelEh
                0x0000000000202ff6        0xe ../../../src/core/libopenthread-radio.a(libopenthread_radio_a-link_raw.o)
                0x0000000000202ff6                ot::Mac::LinkRaw::SetChannel(unsigned char)
 .text._ZN2ot3Mac7LinkRaw13SetExtAddressERKNS0_10ExtAddressE
                0x0000000000203004       0x14 ../../../src/core/libopenthread-radio.a(libopenthread_radio_a-link_raw.o)
                0x0000000000203004                ot::Mac::LinkRaw::SetExtAddress(ot::Mac::ExtAddress const&)
 .text._ZN2ot3Mac7LinkRaw15SetShortAddressEt
                0x0000000000203018       0x14 ../../../src/core/libopenthread-radio.a(libopenthread_radio_a-link_raw.o)
                0x0000000000203018                ot::Mac::LinkRaw::SetShortAddress(unsigned short)
 .text._ZN2ot3Mac7LinkRaw7ReceiveEPFvP10otInstanceP12otRadioFrame7otErrorE
                0x000000000020302c       0x1c ../../../src/core/libopenthread-radio.a(libopenthread_radio_a-link_raw.o)
                0x000000000020302c                ot::Mac::LinkRaw::Receive(void (*)(otInstance*, otRadioFrame*, otError))
 .text._ZN2ot3Mac7LinkRaw17InvokeReceiveDoneEPNS0_5FrameE7otError
                0x0000000000203048       0x1e ../../../src/core/libopenthread-radio.a(libopenthread_radio_a-link_raw.o)
                0x0000000000203048                ot::Mac::LinkRaw::InvokeReceiveDone(ot::Mac::Frame*, otError)
 .text._ZN2ot3Mac7LinkRaw8TransmitEPFvP10otInstanceP12otRadioFrameS5_7otErrorE
                0x0000000000203066       0x1a ../../../src/core/libopenthread-radio.a(libopenthread_radio_a-link_raw.o)
                0x0000000000203066                ot::Mac::LinkRaw::Transmit(void (*)(otInstance*, otRadioFrame*, otRadioFrame*, otError))
 .text._ZN2ot3Mac7LinkRaw18InvokeTransmitDoneERNS0_5FrameEPS2_7otError
                0x0000000000203080       0x24 ../../../src/core/libopenthread-radio.a(libopenthread_radio_a-link_raw.o)
                0x0000000000203080                ot::Mac::LinkRaw::InvokeTransmitDone(ot::Mac::Frame&, ot::Mac::Frame*, otError)
 .text._ZN2ot3Mac7LinkRaw10EnergyScanEhtPFvP10otInstanceaE
                0x00000000002030a4       0x1a ../../../src/core/libopenthread-radio.a(libopenthread_radio_a-link_raw.o)
                0x00000000002030a4                ot::Mac::LinkRaw::EnergyScan(unsigned char, unsigned short, void (*)(otInstance*, signed char))
 .text._ZN2ot3Mac7LinkRaw20InvokeEnergyScanDoneEa
                0x00000000002030be       0x1c ../../../src/core/libopenthread-radio.a(libopenthread_radio_a-link_raw.o)
                0x00000000002030be                ot::Mac::LinkRaw::InvokeEnergyScanDone(signed char)
 .text._ZN2ot3Mac7Address11SetExtendedEPKhb.part.13
                0x00000000002030da       0x14 ../../../src/core/libopenthread-radio.a(libopenthread_radio_a-mac_frame.o)
 .text._ZN2ot3Mac7Address11SetExtendedEPKhb
                0x00000000002030ee       0x1a ../../../src/core/libopenthread-radio.a(libopenthread_radio_a-mac_frame.o)
                0x00000000002030ee                ot::Mac::Address::SetExtended(unsigned char const*, bool)
 .text._ZN2ot10TimerMilli5StartEm
                0x0000000000203108       0x18 ../../../src/core/libopenthread-radio.a(libopenthread_radio_a-sub_mac.o)
                0x0000000000203108                ot::TimerMilli::Start(unsigned long)
 .text._ZN2ot3Mac6SubMacC2ERNS_8InstanceERNS1_9CallbacksE
                0x0000000000203120       0x50 ../../../src/core/libopenthread-radio.a(libopenthread_radio_a-sub_mac.o)
                0x0000000000203120                ot::Mac::SubMac::SubMac(ot::Instance&, ot::Mac::SubMac::Callbacks&)
                0x0000000000203120                ot::Mac::SubMac::SubMac(ot::Instance&, ot::Mac::SubMac::Callbacks&)
 .text._ZNK2ot3Mac6SubMac7GetCapsEv
                0x0000000000203170        0x8 ../../../src/core/libopenthread-radio.a(libopenthread_radio_a-sub_mac.o)
                0x0000000000203170                ot::Mac::SubMac::GetCaps() const
 .text._ZN2ot3Mac6SubMac8SetPanIdEt
                0x0000000000203178       0x12 ../../../src/core/libopenthread-radio.a(libopenthread_radio_a-sub_mac.o)
                0x0000000000203178                ot::Mac::SubMac::SetPanId(unsigned short)
 .text._ZN2ot3Mac6SubMac15SetShortAddressEt
                0x000000000020318a       0x14 ../../../src/core/libopenthread-radio.a(libopenthread_radio_a-sub_mac.o)
                0x000000000020318a                ot::Mac::SubMac::SetShortAddress(unsigned short)
 .text._ZN2ot3Mac6SubMac13SetExtAddressERKNS0_10ExtAddressE
                0x000000000020319e       0x2e ../../../src/core/libopenthread-radio.a(libopenthread_radio_a-sub_mac.o)
                0x000000000020319e                ot::Mac::SubMac::SetExtAddress(ot::Mac::ExtAddress const&)
 .text._ZN2ot3Mac6SubMac6EnableEv
                0x00000000002031cc       0x2e ../../../src/core/libopenthread-radio.a(libopenthread_radio_a-sub_mac.o)
                0x00000000002031cc                ot::Mac::SubMac::Enable()
 .text._ZN2ot3Mac6SubMac7DisableEv
                0x00000000002031fa       0x22 ../../../src/core/libopenthread-radio.a(libopenthread_radio_a-sub_mac.o)
                0x00000000002031fa                ot::Mac::SubMac::Disable()
 .text._ZN2ot3Mac6SubMac7ReceiveEh
                0x000000000020321c       0x1e ../../../src/core/libopenthread-radio.a(libopenthread_radio_a-sub_mac.o)
                0x000000000020321c                ot::Mac::SubMac::Receive(unsigned char)
 .text._ZN2ot3Mac6SubMac17HandleReceiveDoneEPNS0_5FrameE7otError
                0x000000000020323a       0x26 ../../../src/core/libopenthread-radio.a(libopenthread_radio_a-sub_mac.o)
                0x000000000020323a                ot::Mac::SubMac::HandleReceiveDone(ot::Mac::Frame*, otError)
 .text._ZN2ot3Mac6SubMac13BeginTransmitEv
                0x0000000000203260       0x50 ../../../src/core/libopenthread-radio.a(libopenthread_radio_a-sub_mac.o)
                0x0000000000203260                ot::Mac::SubMac::BeginTransmit()
 .text._ZNK2ot3Mac6SubMac7GetRssiEv
                0x00000000002032b0        0xe ../../../src/core/libopenthread-radio.a(libopenthread_radio_a-sub_mac.o)
                0x00000000002032b0                ot::Mac::SubMac::GetRssi() const
 .text._ZN2ot3Mac6SubMac20HandleEnergyScanDoneEa
                0x00000000002032be       0x10 ../../../src/core/libopenthread-radio.a(libopenthread_radio_a-sub_mac.o)
                0x00000000002032be                ot::Mac::SubMac::HandleEnergyScanDone(signed char)
 .text._ZN2ot3Mac6SubMac10SampleRssiEv
                0x00000000002032ce       0x44 ../../../src/core/libopenthread-radio.a(libopenthread_radio_a-sub_mac.o)
                0x00000000002032ce                ot::Mac::SubMac::SampleRssi()
 .text._ZNK2ot3Mac6SubMac23ShouldHandleCsmaBackOffEv
                0x0000000000203312        0xe ../../../src/core/libopenthread-radio.a(libopenthread_radio_a-sub_mac.o)
                0x0000000000203312                ot::Mac::SubMac::ShouldHandleCsmaBackOff() const
 .text._ZN2ot3Mac6SubMac16StartCsmaBackoffEv
                0x0000000000203320       0x70 ../../../src/core/libopenthread-radio.a(libopenthread_radio_a-sub_mac.o)
                0x0000000000203320                ot::Mac::SubMac::StartCsmaBackoff()
 .text._ZN2ot3Mac6SubMac4SendEv
                0x0000000000203390       0x22 ../../../src/core/libopenthread-radio.a(libopenthread_radio_a-sub_mac.o)
                0x0000000000203390                ot::Mac::SubMac::Send()
 .text._ZNK2ot3Mac6SubMac22ShouldHandleAckTimeoutEv
                0x00000000002033b2        0xa ../../../src/core/libopenthread-radio.a(libopenthread_radio_a-sub_mac.o)
                0x00000000002033b2                ot::Mac::SubMac::ShouldHandleAckTimeout() const
 .text._ZN2ot3Mac6SubMac21HandleTransmitStartedERNS0_5FrameE
                0x00000000002033bc       0x1e ../../../src/core/libopenthread-radio.a(libopenthread_radio_a-sub_mac.o)
                0x00000000002033bc                ot::Mac::SubMac::HandleTransmitStarted(ot::Mac::Frame&)
 .text._ZNK2ot3Mac6SubMac19ShouldHandleRetriesEv
                0x00000000002033da        0xc ../../../src/core/libopenthread-radio.a(libopenthread_radio_a-sub_mac.o)
                0x00000000002033da                ot::Mac::SubMac::ShouldHandleRetries() const
 .text._ZN2ot3Mac6SubMac18HandleTransmitDoneERNS0_5FrameEPS2_7otError
                0x00000000002033e6       0xba ../../../src/core/libopenthread-radio.a(libopenthread_radio_a-sub_mac.o)
                0x00000000002033e6                ot::Mac::SubMac::HandleTransmitDone(ot::Mac::Frame&, ot::Mac::Frame*, otError)
 .text._ZN2ot3Mac6SubMac11HandleTimerEv
                0x00000000002034a0       0x40 ../../../src/core/libopenthread-radio.a(libopenthread_radio_a-sub_mac.o)
                0x00000000002034a0                ot::Mac::SubMac::HandleTimer()
 .text._ZN2ot3Mac6SubMac11HandleTimerERNS_5TimerE
                0x00000000002034e0       0x10 ../../../src/core/libopenthread-radio.a(libopenthread_radio_a-sub_mac.o)
                0x00000000002034e0                ot::Mac::SubMac::HandleTimer(ot::Timer&)
 .text._ZNK2ot3Mac6SubMac22ShouldHandleEnergyScanEv
                0x00000000002034f0        0xc ../../../src/core/libopenthread-radio.a(libopenthread_radio_a-sub_mac.o)
                0x00000000002034f0                ot::Mac::SubMac::ShouldHandleEnergyScan() const
 .text._ZN2ot3Mac6SubMac10EnergyScanEht
                0x00000000002034fc       0x84 ../../../src/core/libopenthread-radio.a(libopenthread_radio_a-sub_mac.o)
                0x00000000002034fc                ot::Mac::SubMac::EnergyScan(unsigned char, unsigned short)
 .text.otPlatRadioReceiveDone
                0x0000000000203580        0xe ../../../src/core/libopenthread-radio.a(libopenthread_radio_a-sub_mac.o)
                0x0000000000203580                otPlatRadioReceiveDone
 .text.otPlatRadioTxStarted
                0x000000000020358e        0xe ../../../src/core/libopenthread-radio.a(libopenthread_radio_a-sub_mac.o)
                0x000000000020358e                otPlatRadioTxStarted
 .text.otPlatRadioTxDone
                0x000000000020359c       0x14 ../../../src/core/libopenthread-radio.a(libopenthread_radio_a-sub_mac.o)
                0x000000000020359c                otPlatRadioTxDone
 .text._ZN2ot3Mac6SubMac9Callbacks11ReceiveDoneEPNS0_5FrameE7otError
                0x00000000002035b0        0x4 ../../../src/core/libopenthread-radio.a(libopenthread_radio_a-sub_mac_callbacks.o)
                0x00000000002035b0                ot::Mac::SubMac::Callbacks::ReceiveDone(ot::Mac::Frame*, otError)
 .text._ZN2ot3Mac6SubMac9Callbacks15RecordCcaStatusEbh
                0x00000000002035b4        0x2 ../../../src/core/libopenthread-radio.a(libopenthread_radio_a-sub_mac_callbacks.o)
                0x00000000002035b4                ot::Mac::SubMac::Callbacks::RecordCcaStatus(bool, unsigned char)
 .text._ZN2ot3Mac6SubMac9Callbacks25RecordFrameTransmitStatusERKNS0_5FrameEPS4_7otErrorhb
                0x00000000002035b6        0x2 ../../../src/core/libopenthread-radio.a(libopenthread_radio_a-sub_mac_callbacks.o)
                0x00000000002035b6                ot::Mac::SubMac::Callbacks::RecordFrameTransmitStatus(ot::Mac::Frame const&, ot::Mac::Frame const*, otError, unsigned char, bool)
 .text._ZN2ot3Mac6SubMac9Callbacks12TransmitDoneERNS0_5FrameEPS3_7otError
                0x00000000002035b8        0x4 ../../../src/core/libopenthread-radio.a(libopenthread_radio_a-sub_mac_callbacks.o)
                0x00000000002035b8                ot::Mac::SubMac::Callbacks::TransmitDone(ot::Mac::Frame&, ot::Mac::Frame*, otError)
 .text._ZN2ot3Mac6SubMac9Callbacks14EnergyScanDoneEa
                0x00000000002035bc        0x4 ../../../src/core/libopenthread-radio.a(libopenthread_radio_a-sub_mac_callbacks.o)
                0x00000000002035bc                ot::Mac::SubMac::Callbacks::EnergyScanDone(signed char)
 .text._ZN2ot5Utils13CmdLineParser8ParseCmdEPcRhPS2_h
                0x00000000002035c0       0x74 ../../../src/core/libopenthread-radio.a(libopenthread_radio_a-parse_cmdline.o)
                0x00000000002035c0                ot::Utils::CmdLineParser::ParseCmd(char*, unsigned char&, char**, unsigned char)
 .text._ZNK2ot15InstanceLocator11GetInstanceEv
                0x0000000000203634        0x4 ../../../src/core/libopenthread-radio.a(libopenthread_radio_a-locator.o)
                0x0000000000203634                ot::InstanceLocator::GetInstance() const
 .text._ZN2ot5Timer14DoesFireBeforeERKS0_m
                0x0000000000203638       0x16 ../../../src/core/libopenthread-radio.a(libopenthread_radio_a-timer.o)
                0x0000000000203638                ot::Timer::DoesFireBefore(ot::Timer const&, unsigned long)
 .text._ZN2ot14TimerScheduler8SetAlarmERKNS0_8AlarmApiE
                0x000000000020364e       0x42 ../../../src/core/libopenthread-radio.a(libopenthread_radio_a-timer.o)
                0x000000000020364e                ot::TimerScheduler::SetAlarm(ot::TimerScheduler::AlarmApi const&)
 .text._ZN2ot14TimerScheduler6RemoveERNS_5TimerERKNS0_8AlarmApiE
                0x0000000000203690       0x2c ../../../src/core/libopenthread-radio.a(libopenthread_radio_a-timer.o)
                0x0000000000203690                ot::TimerScheduler::Remove(ot::Timer&, ot::TimerScheduler::AlarmApi const&)
 .text._ZN2ot10TimerMilli4StopEv
                0x00000000002036bc       0x18 ../../../src/core/libopenthread-radio.a(libopenthread_radio_a-timer.o)
                0x00000000002036bc                ot::TimerMilli::Stop()
 .text._ZN2ot14TimerScheduler3AddERNS_5TimerERKNS0_8AlarmApiE
                0x00000000002036d4       0x58 ../../../src/core/libopenthread-radio.a(libopenthread_radio_a-timer.o)
                0x00000000002036d4                ot::TimerScheduler::Add(ot::Timer&, ot::TimerScheduler::AlarmApi const&)
 .text._ZN2ot10TimerMilli7StartAtEmm
                0x000000000020372c       0x24 ../../../src/core/libopenthread-radio.a(libopenthread_radio_a-timer.o)
                0x000000000020372c                ot::TimerMilli::StartAt(unsigned long, unsigned long)
 .text._ZN2ot14TimerScheduler13ProcessTimersERKNS0_8AlarmApiE
                0x0000000000203750       0x36 ../../../src/core/libopenthread-radio.a(libopenthread_radio_a-timer.o)
                0x0000000000203750                ot::TimerScheduler::ProcessTimers(ot::TimerScheduler::AlarmApi const&)
 .text._ZN2ot14TimerScheduler16IsStrictlyBeforeEmm
                0x0000000000203786        0x6 ../../../src/core/libopenthread-radio.a(libopenthread_radio_a-timer.o)
                0x0000000000203786                ot::TimerScheduler::IsStrictlyBefore(unsigned long, unsigned long)
 .text.otPlatAlarmMilliFired
                0x000000000020378c       0x1c ../../../src/core/libopenthread-radio.a(libopenthread_radio_a-timer.o)
                0x000000000020378c                otPlatAlarmMilliFired
 .text.cc2538AlarmInit
                0x00000000002037a8       0x14 ../../../examples/platforms/cc2538/libopenthread-cc2538.a(libopenthread_cc2538_a-alarm.o)
                0x00000000002037a8                cc2538AlarmInit
 .text.otPlatAlarmMilliGetNow
                0x00000000002037bc        0xc ../../../examples/platforms/cc2538/libopenthread-cc2538.a(libopenthread_cc2538_a-alarm.o)
                0x00000000002037bc                otPlatAlarmMilliGetNow
 .text.otPlatAlarmMilliStartAt
                0x00000000002037c8       0x1c ../../../examples/platforms/cc2538/libopenthread-cc2538.a(libopenthread_cc2538_a-alarm.o)
                0x00000000002037c8                otPlatAlarmMilliStartAt
 .text.otPlatAlarmMilliStop
                0x00000000002037e4        0xc ../../../examples/platforms/cc2538/libopenthread-cc2538.a(libopenthread_cc2538_a-alarm.o)
                0x00000000002037e4                otPlatAlarmMilliStop
 .text.cc2538AlarmProcess
                0x00000000002037f0       0x5c ../../../examples/platforms/cc2538/libopenthread-cc2538.a(libopenthread_cc2538_a-alarm.o)
                0x00000000002037f0                cc2538AlarmProcess
 .text.SysTick_Handler
                0x000000000020384c       0x10 ../../../examples/platforms/cc2538/libopenthread-cc2538.a(libopenthread_cc2538_a-alarm.o)
                0x000000000020384c                SysTick_Handler
 .text.otPlatDiagProcess
                0x000000000020385c       0x10 ../../../examples/platforms/cc2538/libopenthread-cc2538.a(libopenthread_cc2538_a-diag.o)
                0x000000000020385c                otPlatDiagProcess
 .text.otPlatDiagModeSet
                0x000000000020386c        0xc ../../../examples/platforms/cc2538/libopenthread-cc2538.a(libopenthread_cc2538_a-diag.o)
                0x000000000020386c                otPlatDiagModeSet
 .text.otPlatDiagModeGet
                0x0000000000203878        0xc ../../../examples/platforms/cc2538/libopenthread-cc2538.a(libopenthread_cc2538_a-diag.o)
                0x0000000000203878                otPlatDiagModeGet
 .text.otPlatDiagChannelSet
                0x0000000000203884        0x2 ../../../examples/platforms/cc2538/libopenthread-cc2538.a(libopenthread_cc2538_a-diag.o)
                0x0000000000203884                otPlatDiagChannelSet
 .text.otPlatDiagTxPowerSet
                0x0000000000203886        0x2 ../../../examples/platforms/cc2538/libopenthread-cc2538.a(libopenthread_cc2538_a-diag.o)
                0x0000000000203886                otPlatDiagTxPowerSet