Archive member included to satisfy reference by file (symbol)

../../../src/ncp/libopenthread-ncp-ftd.a(libopenthread_ncp_ftd_a-ncp_uart.o)
                              ot_ncp_ftd-main.o (otNcpInit)
../../../src/ncp/libopenthread-ncp-ftd.a(libopenthread_ncp_ftd_a-hdlc.o)
                              ../../../src/ncp/libopenthread-ncp-ftd.a(libopenthread_ncp_ftd_a-ncp_uart.o) (ot::Hdlc::Encoder::Encoder(ot::Hdlc::FrameWritePointer&))
../../../src/ncp/libopenthread-ncp-ftd.a(libopenthread_ncp_ftd_a-ncp_base.o)
                              ../../../src/ncp/libopenthread-ncp-ftd.a(libopenthread_ncp_ftd_a-ncp_uart.o) (ot::Ncp::NcpBase::NcpBase(ot::Instance*))
../../../src/ncp/libopenthread-ncp-ftd.a(libopenthread_ncp_ftd_a-ncp_base_ftd.o)
                              ../../../src/ncp/libopenthread-ncp-ftd.a(libopenthread_ncp_ftd_a-ncp_base.o) (ot::Ncp::NcpBase::HandleParentResponseInfo(otThreadParentResponseInfo*, void*))
../../../src/ncp/libopenthread-ncp-ftd.a(libopenthread_ncp_ftd_a-ncp_base_mtd.o)
                              ../../../src/ncp/libopenthread-ncp-ftd.a(libopenthread_ncp_ftd_a-ncp_base_ftd.o) (ot::Ncp::NcpBase::LinkFlagsToFlagByte(bool, bool, bool, bool))
../../../src/ncp/libopenthread-ncp-ftd.a(libopenthread_ncp_ftd_a-ncp_base_dispatcher.o)
                              ../../../src/ncp/libopenthread-ncp-ftd.a(libopenthread_ncp_ftd_a-ncp_base.o) (ot::Ncp::NcpBase::FindGetPropertyHandler(spinel_prop_key_t))
../../../src/ncp/libopenthread-ncp-ftd.a(libopenthread_ncp_ftd_a-ncp_buffer.o)
                              ../../../src/ncp/libopenthread-ncp-ftd.a(libopenthread_ncp_ftd_a-ncp_base.o) (ot::Ncp::NcpFrameBuffer::NcpFrameBuffer(unsigned char*, unsigned short))
../../../src/ncp/libopenthread-ncp-ftd.a(libopenthread_ncp_ftd_a-spinel_decoder.o)
                              ../../../src/ncp/libopenthread-ncp-ftd.a(libopenthread_ncp_ftd_a-ncp_base.o) (ot::Ncp::SpinelDecoder::SpinelDecoder())
../../../src/ncp/libopenthread-ncp-ftd.a(libopenthread_ncp_ftd_a-spinel_encoder.o)
                              ../../../src/ncp/libopenthread-ncp-ftd.a(libopenthread_ncp_ftd_a-ncp_base.o) (ot::Ncp::SpinelEncoder::WriteUint16(unsigned short))
../../../src/ncp/libopenthread-ncp-ftd.a(libopenthread_ncp_ftd_a-changed_props_set.o)
                              ../../../src/ncp/libopenthread-ncp-ftd.a(libopenthread_ncp_ftd_a-ncp_base.o) (ot::Ncp::ChangedPropsSet::GetNumEntries() const)
../../../src/ncp/libopenthread-ncp-ftd.a(libopenthread_ncp_ftd_a-spinel.o)
                              ../../../src/ncp/libopenthread-ncp-ftd.a(libopenthread_ncp_ftd_a-spinel_decoder.o) (spinel_packed_uint_decode)
../../../src/core/libopenthread-ftd.a(libopenthread_ftd_a-dataset_api.o)
                              ../../../src/ncp/libopenthread-ncp-ftd.a(libopenthread_ncp_ftd_a-ncp_base_mtd.o) (otDatasetGetActive)
../../../src/core/libopenthread-ftd.a(libopenthread_ftd_a-icmp6_api.o)
                              ../../../src/ncp/libopenthread-ncp-ftd.a(libopenthread_ncp_ftd_a-ncp_base_mtd.o) (otIcmp6GetEchoMode)
../../../src/core/libopenthread-ftd.a(libopenthread_ftd_a-instance_api.o)
                              ot_ncp_ftd-main.o (otInstanceInitSingle)
../../../src/core/libopenthread-ftd.a(libopenthread_ftd_a-ip6_api.o)
                              ../../../src/ncp/libopenthread-ncp-ftd.a(libopenthread_ncp_ftd_a-ncp_base.o) (otIp6SetEnabled)
../../../src/core/libopenthread-ftd.a(libopenthread_ftd_a-link_api.o)
                              ../../../src/ncp/libopenthread-ncp-ftd.a(libopenthread_ncp_ftd_a-ncp_base.o) (otLinkGetChannel)
../../../src/core/libopenthread-ftd.a(libopenthread_ftd_a-logging_api.o)
                              ../../../src/ncp/libopenthread-ncp-ftd.a(libopenthread_ncp_ftd_a-ncp_base.o) (otLoggingGetLevel)
../../../src/core/libopenthread-ftd.a(libopenthread_ftd_a-message_api.o)
                              ../../../src/ncp/libopenthread-ncp-ftd.a(libopenthread_ncp_ftd_a-ncp_buffer.o) (otMessageFree)
../../../src/core/libopenthread-ftd.a(libopenthread_ftd_a-netdata_api.o)
                              ../../../src/ncp/libopenthread-ncp-ftd.a(libopenthread_ncp_ftd_a-ncp_base_mtd.o) (otNetDataGet)
../../../src/core/libopenthread-ftd.a(libopenthread_ftd_a-tasklet_api.o)
                              ot_ncp_ftd-main.o (otTaskletsProcess)
../../../src/core/libopenthread-ftd.a(libopenthread_ftd_a-thread_api.o)
                              ../../../src/ncp/libopenthread-ncp-ftd.a(libopenthread_ncp_ftd_a-ncp_base_mtd.o) (otThreadGetChildTimeout)
../../../src/core/libopenthread-ftd.a(libopenthread_ftd_a-thread_ftd_api.o)
                              ../../../src/ncp/libopenthread-ncp-ftd.a(libopenthread_ncp_ftd_a-ncp_base_ftd.o) (otThreadGetMaxAllowedChildren)
../../../src/core/libopenthread-ftd.a(libopenthread_ftd_a-instance.o)
                              ../../../src/core/libopenthread-ftd.a(libopenthread_ftd_a-instance_api.o) (ot::Instance::Reset())
[...]
Memory Configuration

Name             Origin             Length             Attributes
FLASH            0x0000000000200000 0x000000000007c000 xr
FLASH_CCA        0x000000000027ffd4 0x000000000000002c xr
SRAM             0x0000000020000000 0x0000000000008000 xrw
*default*        0x0000000000000000 0xffffffffffffffff

Linker script and memory map

LOAD ot_ncp_ftd-main.o
LOAD ../../../src/ncp/libopenthread-ncp-ftd.a
LOAD ../../../src/core/libopenthread-ftd.a
LOAD ../../../examples/platforms/cc2538/libopenthread-cc2538.a
LOAD ../../../third_party/mbedtls/libmbedcrypto.a
LOAD ../../../src/diag/libopenthread-diag.a
LOAD ../../../src/core/libopenthread-ftd.a
LOAD ../../../examples/platforms/cc2538/libopenthread-cc2538.a
LOAD ../../../third_party/mbedtls/libmbedcrypto.a
LOAD ../../../src/diag/libopenthread-diag.a
START GROUP
LOAD /usr/bin/../lib/gcc/arm-none-eabi/7.3.1/thumb/v7-m/libgcc.a
LOAD /usr/bin/../lib/gcc/arm-none-eabi/7.3.1/../../../../arm-none-eabi/lib/thumb/v7-m/libg_nano.a
LOAD /usr/bin/../lib/gcc/arm-none-eabi/7.3.1/../../../../arm-none-eabi/lib/thumb/v7-m/libc_nano.a
END GROUP
START GROUP
LOAD /usr/bin/../lib/gcc/arm-none-eabi/7.3.1/thumb/v7-m/libgcc.a
LOAD /usr/bin/../lib/gcc/arm-none-eabi/7.3.1/../../../../arm-none-eabi/lib/thumb/v7-m/libc_nano.a
LOAD /usr/bin/../lib/gcc/arm-none-eabi/7.3.1/../../../../arm-none-eabi/lib/thumb/v7-m/libnosys.a
END GROUP
START GROUP
LOAD /usr/bin/../lib/gcc/arm-none-eabi/7.3.1/thumb/v7-m/libgcc.a
LOAD /usr/bin/../lib/gcc/arm-none-eabi/7.3.1/../../../../arm-none-eabi/lib/thumb/v7-m/libc_nano.a
LOAD /usr/bin/../lib/gcc/arm-none-eabi/7.3.1/../../../../arm-none-eabi/lib/thumb/v7-m/libnosys.a
END GROUP
                0x0000000000080000                _512k_bytes = 0x80000
                0x0000000000040000                _256k_bytes = 0x40000
                0x0000000000020000                _128k_bytes = 0x20000
                0x0000000000000800                _FLASH_page_size = 0x800
                0x0000000000080000                _FLASH_size_bytes = _512k_bytes
                0x0000000000000100                _FLASH_n_pages = (_FLASH_size_bytes / _FLASH_page_size)
                0x000000000007e800                _FLASH_usable_size = (_FLASH_size_bytes - (0x3 * _FLASH_page_size))
                0x0000000000200000                _FLASH_start = 0x200000
                0x0000000000280000                _FLASH_end = (_FLASH_start + _FLASH_size_bytes)
                0x000000000027f800                _FLASH_cca_page = (_FLASH_end - (0x1 * _FLASH_page_size))
                0x000000000027f000                _FLASH_settings_pageB = (_FLASH_end - (0x2 * _FLASH_page_size))
                0x000000000027e800                _FLASH_settings_pageA = (_FLASH_end - (0x3 * _FLASH_page_size))
                0x0000000000000001                ASSERT ((_FLASH_start == 0x200000), invalid flash start address for cc2538)
                0x0000000000000001                ASSERT ((_FLASH_cca_page == 0x27f800), invalid cca start address for cc2538)
                0x0000000000000001                ASSERT ((_FLASH_usable_size == 0x7e800), Invalid usable size for this config)

.text           0x0000000000200000    0x269f3
                0x0000000000200000                _text = .
 *(.vectors)
 .vectors       0x0000000000200000      0x100 ../../../examples/platforms/cc2538/libopenthread-cc2538.a(libopenthread_cc2538_a-startup-gcc.o)
                0x0000000000200000                vectors
 *(.text*)
 .text.otTaskletsSignalPending
                0x0000000000200100        0x2 ot_ncp_ftd-main.o
                0x0000000000200100                otTaskletsSignalPending
 *fill*         0x0000000000200102        0x2 00000000
 .text.startup.main
                0x0000000000200104       0x54 ot_ncp_ftd-main.o
                0x0000000000200104                main
 .text._ZN2ot3Ncp7NcpUartC2EPNS_8InstanceE
                0x0000000000200158       0x80 ../../../src/ncp/libopenthread-ncp-ftd.a(libopenthread_ncp_ftd_a-ncp_uart.o)
                0x0000000000200158                ot::Ncp::NcpUart::NcpUart(ot::Instance*)
                0x0000000000200158                ot::Ncp::NcpUart::NcpUart(ot::Instance*)
 .text.otNcpInit
                0x00000000002001d8       0x1c ../../../src/ncp/libopenthread-ncp-ftd.a(libopenthread_ncp_ftd_a-ncp_uart.o)
                0x00000000002001d8                otNcpInit
 .text._ZN2ot3Ncp7NcpUart27HandleFrameAddedToNcpBufferEv
                0x00000000002001f4       0x16 ../../../src/ncp/libopenthread-ncp-ftd.a(libopenthread_ncp_ftd_a-ncp_uart.o)
                0x00000000002001f4                ot::Ncp::NcpUart::HandleFrameAddedToNcpBuffer()
 .text._ZN2ot3Ncp7NcpUart27HandleFrameAddedToNcpBufferEPvPKvNS0_14NcpFrameBuffer8PriorityEPS5_
                0x000000000020020a        0x4 ../../../src/ncp/libopenthread-ncp-ftd.a(libopenthread_ncp_ftd_a-ncp_uart.o)
                0x000000000020020a                ot::Ncp::NcpUart::HandleFrameAddedToNcpBuffer(void*, void const*, ot::Ncp::NcpFrameBuffer::Priority, ot::Ncp::NcpFrameBuffer*)
 .text._ZN2ot3Ncp7NcpUart19EncodeAndSendToUartEv
                0x000000000020020e       0xcc ../../../src/ncp/libopenthread-ncp-ftd.a(libopenthread_ncp_ftd_a-ncp_uart.o)
                0x000000000020020e                ot::Ncp::NcpUart::EncodeAndSendToUart()
 .text._ZN2ot3Ncp7NcpUart19EncodeAndSendToUartERNS_7TaskletE
                0x00000000002002da        0xe ../../../src/ncp/libopenthread-ncp-ftd.a(libopenthread_ncp_ftd_a-ncp_uart.o)
                0x00000000002002da                ot::Ncp::NcpUart::EncodeAndSendToUart(ot::Tasklet&)
 .text._ZN2ot3Ncp7NcpUart18HandleUartSendDoneEv
                0x00000000002002e8       0x16 ../../../src/ncp/libopenthread-ncp-ftd.a(libopenthread_ncp_ftd_a-ncp_uart.o)
                0x00000000002002e8                ot::Ncp::NcpUart::HandleUartSendDone()
 .text.otPlatUartSendDone
                0x00000000002002fe       0x12 ../../../src/ncp/libopenthread-ncp-ftd.a(libopenthread_ncp_ftd_a-ncp_uart.o)
                0x00000000002002fe                otPlatUartSendDone
 .text.otPlatUartReceived
                0x0000000000200310       0x1e ../../../src/ncp/libopenthread-ncp-ftd.a(libopenthread_ncp_ftd_a-ncp_uart.o)
                0x0000000000200310                otPlatUartReceived
 *fill*         0x000000000020032e        0x2 00000000
 .text._ZN2ot3Ncp7NcpUart11HandleErrorE7otErrorPht
                0x0000000000200330       0x84 ../../../src/ncp/libopenthread-ncp-ftd.a(libopenthread_ncp_ftd_a-ncp_uart.o)
                0x0000000000200330                ot::Ncp::NcpUart::HandleError(otError, unsigned char*, unsigned short)
 .text._ZN2ot3Ncp7NcpUart11HandleFrameE7otError
                0x00000000002003b4       0x30 ../../../src/ncp/libopenthread-ncp-ftd.a(libopenthread_ncp_ftd_a-ncp_uart.o)
                0x00000000002003b4                ot::Ncp::NcpUart::HandleFrame(otError)
 .text._ZN2ot3Ncp7NcpUart11HandleFrameEPv7otError
                0x00000000002003e4        0x4 ../../../src/ncp/libopenthread-ncp-ftd.a(libopenthread_ncp_ftd_a-ncp_uart.o)
                0x00000000002003e4                ot::Ncp::NcpUart::HandleFrame(void*, otError)
 .text._ZN2ot4Hdlc17FrameWritePointer9WriteByteEh
                0x00000000002003e8       0x1a ../../../src/ncp/libopenthread-ncp-ftd.a(libopenthread_ncp_ftd_a-hdlc.o)
                0x00000000002003e8                ot::Hdlc::FrameWritePointer::WriteByte(unsigned char)
 .text._ZN2ot4Hdlc7EncoderC2ERNS0_17FrameWritePointerE
                0x0000000000200402        0x8 ../../../src/ncp/libopenthread-ncp-ftd.a(libopenthread_ncp_ftd_a-hdlc.o)
                0x0000000000200402                ot::Hdlc::Encoder::Encoder(ot::Hdlc::FrameWritePointer&)
                0x0000000000200402                ot::Hdlc::Encoder::Encoder(ot::Hdlc::FrameWritePointer&)
 .text._ZN2ot4Hdlc7Encoder10BeginFrameEv
                0x000000000020040a       0x12 ../../../src/ncp/libopenthread-ncp-ftd.a(libopenthread_ncp_ftd_a-hdlc.o)
                0x000000000020040a                ot::Hdlc::Encoder::BeginFrame()
 .text._ZN2ot4Hdlc7Encoder6EncodeEh
                0x000000000020041c       0x5c ../../../src/ncp/libopenthread-ncp-ftd.a(libopenthread_ncp_ftd_a-hdlc.o)
                0x000000000020041c                ot::Hdlc::Encoder::Encode(unsigned char)
 .text._ZN2ot4Hdlc7Encoder8EndFrameEv
                0x0000000000200478       0x3e ../../../src/ncp/libopenthread-ncp-ftd.a(libopenthread_ncp_ftd_a-hdlc.o)
                0x0000000000200478                ot::Hdlc::Encoder::EndFrame()
 .text._ZN2ot4Hdlc7DecoderC2ERNS0_17FrameWritePointerEPFvPv7otErrorES4_
                0x00000000002004b6       0x10 ../../../src/ncp/libopenthread-ncp-ftd.a(libopenthread_ncp_ftd_a-hdlc.o)
                0x00000000002004b6                ot::Hdlc::Decoder::Decoder(ot::Hdlc::FrameWritePointer&, void (*)(void*, otError), void*)
                0x00000000002004b6                ot::Hdlc::Decoder::Decoder(ot::Hdlc::FrameWritePointer&, void (*)(void*, otError), void*)
 *fill*         0x00000000002004c6        0x2 00000000
 .text._ZN2ot4Hdlc7Decoder6DecodeEPKht
                0x00000000002004c8       0xe8 ../../../src/ncp/libopenthread-ncp-ftd.a(libopenthread_ncp_ftd_a-hdlc.o)
                0x00000000002004c8                ot::Hdlc::Decoder::Decode(unsigned char const*, unsigned short)
 .text._ZN2ot3Ncp7NcpBase25ThreadErrorToSpinelStatusE7otError
                0x00000000002005b0       0x68 ../../../src/ncp/libopenthread-ncp-ftd.a(libopenthread_ncp_ftd_a-ncp_base.o)
                0x00000000002005b0                ot::Ncp::NcpBase::ThreadErrorToSpinelStatus(otError)
 .text._ZN2ot3Ncp7NcpBaseC2EPNS_8InstanceE
                0x0000000000200618      0x188 ../../../src/ncp/libopenthread-ncp-ftd.a(libopenthread_ncp_ftd_a-ncp_base.o)
                0x0000000000200618                ot::Ncp::NcpBase::NcpBase(ot::Instance*)
                0x0000000000200618                ot::Ncp::NcpBase::NcpBase(ot::Instance*)
 .text._ZN2ot3Ncp7NcpBase14GetNcpInstanceEv
                0x00000000002007a0        0xc ../../../src/ncp/libopenthread-ncp-ftd.a(libopenthread_ncp_ftd_a-ncp_base.o)
                0x00000000002007a0                ot::Ncp::NcpBase::GetNcpInstance()
 .text._ZN2ot3Ncp7NcpBase14ShouldWakeHostEv
                0x00000000002007ac       0x14 ../../../src/ncp/libopenthread-ncp-ftd.a(libopenthread_ncp_ftd_a-ncp_base.o)
                0x00000000002007ac                ot::Ncp::NcpBase::ShouldWakeHost()
 .text._ZN2ot3Ncp7NcpBase19ShouldDeferHostSendEv
                0x00000000002007c0       0x14 ../../../src/ncp/libopenthread-ncp-ftd.a(libopenthread_ncp_ftd_a-ncp_base.o)
                0x00000000002007c0                ot::Ncp::NcpBase::ShouldDeferHostSend()
 .text._ZN2ot3Ncp7NcpBase26IncrementFrameErrorCounterEv
                0x00000000002007d4        0xc ../../../src/ncp/libopenthread-ncp-ftd.a(libopenthread_ncp_ftd_a-ncp_base.o)
                0x00000000002007d4                ot::Ncp::NcpBase::IncrementFrameErrorCounter()
 .text._ZN2ot3Ncp7NcpBase11StreamWriteEiPKhi
                0x00000000002007e0       0x7c ../../../src/ncp/libopenthread-ncp-ftd.a(libopenthread_ncp_ftd_a-ncp_base.o)
                0x00000000002007e0                ot::Ncp::NcpBase::StreamWrite(int, unsigned char const*, int)
 .text._ZN2ot3Ncp7NcpBase15ConvertLogLevelEh
                0x000000000020085c       0x14 ../../../src/ncp/libopenthread-ncp-ftd.a(libopenthread_ncp_ftd_a-ncp_base.o)
                0x000000000020085c                ot::Ncp::NcpBase::ConvertLogLevel(unsigned char)
 .text._ZN2ot3Ncp7NcpBase15EnqueueResponseEhNS1_12ResponseTypeEj
                0x0000000000200870       0xaa ../../../src/ncp/libopenthread-ncp-ftd.a(libopenthread_ncp_ftd_a-ncp_base.o)
                0x0000000000200870                ot::Ncp::NcpBase::EnqueueResponse(unsigned char, ot::Ncp::NcpBase::ResponseType, unsigned int)
 .text._ZN2ot3Ncp7NcpBase25PrepareLastStatusResponseEh15spinel_status_t
                0x000000000020091a        0x8 ../../../src/ncp/libopenthread-ncp-ftd.a(libopenthread_ncp_ftd_a-ncp_base.o)
                0x000000000020091a                ot::Ncp::NcpBase::PrepareLastStatusResponse(unsigned char, spinel_status_t)
 .text._ZN2ot3Ncp7NcpBase20WriteLastStatusFrameEh15spinel_status_t
                0x0000000000200922       0x34 ../../../src/ncp/libopenthread-ncp-ftd.a(libopenthread_ncp_ftd_a-ncp_base.o)
                0x0000000000200922                ot::Ncp::NcpBase::WriteLastStatusFrame(unsigned char, spinel_status_t)
 .text._ZN2ot3Ncp7NcpBase25WritePropertyValueIsFrameEh17spinel_prop_key_tb
                0x0000000000200956       0x6e ../../../src/ncp/libopenthread-ncp-ftd.a(libopenthread_ncp_ftd_a-ncp_base.o)
                0x0000000000200956                ot::Ncp::NcpBase::WritePropertyValueIsFrame(unsigned char, spinel_prop_key_t, bool)
 .text._ZN2ot3Ncp7NcpBase19SendQueuedResponsesEv
                0x00000000002009c4       0x86 ../../../src/ncp/libopenthread-ncp-ftd.a(libopenthread_ncp_ftd_a-ncp_base.o)
                0x00000000002009c4                ot::Ncp::NcpBase::SendQueuedResponses()
 *fill*         0x0000000000200a4a        0x2 00000000
 .text._ZN2ot3Ncp7NcpBase18UpdateChangedPropsEv
                0x0000000000200a4c       0xe4 ../../../src/ncp/libopenthread-ncp-ftd.a(libopenthread_ncp_ftd_a-ncp_base.o)
                0x0000000000200a4c                ot::Ncp::NcpBase::UpdateChangedProps()
 .text._ZN2ot3Ncp7NcpBase18UpdateChangedPropsERNS_7TaskletE
                0x0000000000200b30        0xc ../../../src/ncp/libopenthread-ncp-ftd.a(libopenthread_ncp_ftd_a-ncp_base.o)
                0x0000000000200b30                ot::Ncp::NcpBase::UpdateChangedProps(ot::Tasklet&)
 .text._ZN2ot3Ncp7NcpBase31HandleFrameRemovedFromNcpBufferEPKv
                0x0000000000200b3c       0x62 ../../../src/ncp/libopenthread-ncp-ftd.a(libopenthread_ncp_ftd_a-ncp_base.o)
                0x0000000000200b3c                ot::Ncp::NcpBase::HandleFrameRemovedFromNcpBuffer(void const*)
 .text._ZN2ot3Ncp7NcpBase31HandleFrameRemovedFromNcpBufferEPvPKvNS0_14NcpFrameBuffer8PriorityEPS5_
                0x0000000000200b9e        0x4 ../../../src/ncp/libopenthread-ncp-ftd.a(libopenthread_ncp_ftd_a-ncp_base.o)
                0x0000000000200b9e                ot::Ncp::NcpBase::HandleFrameRemovedFromNcpBuffer(void*, void const*, ot::Ncp::NcpFrameBuffer::Priority, ot::Ncp::NcpFrameBuffer*)
 .text._ZN2ot3Ncp7NcpBase38WritePropertyValueInsertedRemovedFrameEhj17spinel_prop_key_tPKht
                0x0000000000200ba2       0x2e ../../../src/ncp/libopenthread-ncp-ftd.a(libopenthread_ncp_ftd_a-ncp_base.o)
                0x0000000000200ba2                ot::Ncp::NcpBase::WritePropertyValueInsertedRemovedFrame(unsigned char, unsigned int, spinel_prop_key_t, unsigned char const*, unsigned short)
 .text._ZN2ot3Ncp7NcpBase33HandleCommandPropertyInsertRemoveEh17spinel_prop_key_tj
                0x0000000000200bd0       0xb6 ../../../src/ncp/libopenthread-ncp-ftd.a(libopenthread_ncp_ftd_a-ncp_base.o)
                0x0000000000200bd0                ot::Ncp::NcpBase::HandleCommandPropertyInsertRemove(unsigned char, spinel_prop_key_t, unsigned int)
 .text._ZN2ot3Ncp7NcpBase19CommandHandler_NOOPEh
                0x0000000000200c86        0xa ../../../src/ncp/libopenthread-ncp-ftd.a(libopenthread_ncp_ftd_a-ncp_base.o)
                0x0000000000200c86                ot::Ncp::NcpBase::CommandHandler_NOOP(unsigned char)
 .text._ZN2ot3Ncp7NcpBase20CommandHandler_RESETEh
                0x0000000000200c90       0x40 ../../../src/ncp/libopenthread-ncp-ftd.a(libopenthread_ncp_ftd_a-ncp_base.o)
                0x0000000000200c90                ot::Ncp::NcpBase::CommandHandler_RESET(unsigned char)
 .text._ZN2ot3Ncp7NcpBase45HandlePropertySet_SPINEL_PROP_NEST_STREAM_MFGEh
                0x0000000000200cd0       0x5e ../../../src/ncp/libopenthread-ncp-ftd.a(libopenthread_ncp_ftd_a-ncp_base.o)
                0x0000000000200cd0                ot::Ncp::NcpBase::HandlePropertySet_SPINEL_PROP_NEST_STREAM_MFG(unsigned char)
 .text._ZN2ot3Ncp7NcpBase17HandlePropertyGetIL17spinel_prop_key_t32EEE7otErrorv
                0x0000000000200d2e        0x8 ../../../src/ncp/libopenthread-ncp-ftd.a(libopenthread_ncp_ftd_a-ncp_base.o)
                0x0000000000200d2e                otError ot::Ncp::NcpBase::HandlePropertyGet<(spinel_prop_key_t)32>()
 .text._ZN2ot3Ncp7NcpBase17HandlePropertyGetIL17spinel_prop_key_t33EEE7otErrorv
                0x0000000000200d36       0x16 ../../../src/ncp/libopenthread-ncp-ftd.a(libopenthread_ncp_ftd_a-ncp_base.o)
                0x0000000000200d36                otError ot::Ncp::NcpBase::HandlePropertyGet<(spinel_prop_key_t)33>()
 .text._ZN2ot3Ncp7NcpBase17HandlePropertySetIL17spinel_prop_key_t33EEE7otErrorv
                0x0000000000200d4c       0x22 ../../../src/ncp/libopenthread-ncp-ftd.a(libopenthread_ncp_ftd_a-ncp_base.o)
                0x0000000000200d4c                otError ot::Ncp::NcpBase::HandlePropertySet<(spinel_prop_key_t)33>()
 .text._ZN2ot3Ncp7NcpBase17HandlePropertyGetIL17spinel_prop_key_t56EEE7otErrorv
                0x0000000000200d6e       0x1e ../../../src/ncp/libopenthread-ncp-ftd.a(libopenthread_ncp_ftd_a-ncp_base.o)
                0x0000000000200d6e                otError ot::Ncp::NcpBase::HandlePropertyGet<(spinel_prop_key_t)56>()
 .text._ZN2ot3Ncp7NcpBase17HandlePropertySetIL17spinel_prop_key_t56EEE7otErrorv
                0x0000000000200d8c       0x36 ../../../src/ncp/libopenthread-ncp-ftd.a(libopenthread_ncp_ftd_a-ncp_base.o)
                0x0000000000200d8c                otError ot::Ncp::NcpBase::HandlePropertySet<(spinel_prop_key_t)56>()
 .text._ZN2ot3Ncp7NcpBase17HandlePropertyGetIL17spinel_prop_key_t54EEE7otErrorv
                0x0000000000200dc2       0x18 ../../../src/ncp/libopenthread-ncp-ftd.a(libopenthread_ncp_ftd_a-ncp_base.o)
                0x0000000000200dc2                otError ot::Ncp::NcpBase::HandlePropertyGet<(spinel_prop_key_t)54>()
 .text._ZN2ot3Ncp7NcpBase17HandlePropertySetIL17spinel_prop_key_t54EEE7otErrorv
                0x0000000000200dda       0x1e ../../../src/ncp/libopenthread-ncp-ftd.a(libopenthread_ncp_ftd_a-ncp_base.o)
                0x0000000000200dda                otError ot::Ncp::NcpBase::HandlePropertySet<(spinel_prop_key_t)54>()
 .text._ZN2ot3Ncp7NcpBase17HandlePropertyGetIL17spinel_prop_key_t52EEE7otErrorv
                0x0000000000200df8       0x18 ../../../src/ncp/libopenthread-ncp-ftd.a(libopenthread_ncp_ftd_a-ncp_base.o)
                0x0000000000200df8                otError ot::Ncp::NcpBase::HandlePropertyGet<(spinel_prop_key_t)52>()
 .text._ZN2ot3Ncp7NcpBase17HandlePropertySetIL17spinel_prop_key_t52EEE7otErrorv
                0x0000000000200e10       0x1c ../../../src/ncp/libopenthread-ncp-ftd.a(libopenthread_ncp_ftd_a-ncp_base.o)
                0x0000000000200e10                otError ot::Ncp::NcpBase::HandlePropertySet<(spinel_prop_key_t)52>()
 .text._ZN2ot3Ncp7NcpBase17HandlePropertyGetIL17spinel_prop_key_t53EEE7otErrorv
                0x0000000000200e2c       0x18 ../../../src/ncp/libopenthread-ncp-ftd.a(libopenthread_ncp_ftd_a-ncp_base.o)
                0x0000000000200e2c                otError ot::Ncp::NcpBase::HandlePropertyGet<(spinel_prop_key_t)53>()
 .text._ZN2ot3Ncp7NcpBase17HandlePropertyGetIL17spinel_prop_key_t55EEE7otErrorv
                0x0000000000200e44        0xa ../../../src/ncp/libopenthread-ncp-ftd.a(libopenthread_ncp_ftd_a-ncp_base.o)
                0x0000000000200e44                otError ot::Ncp::NcpBase::HandlePropertyGet<(spinel_prop_key_t)55>()
 .text._ZN2ot3Ncp7NcpBase17HandlePropertySetIL17spinel_prop_key_t55EEE7otErrorv
                0x0000000000200e4e       0x20 ../../../src/ncp/libopenthread-ncp-ftd.a(libopenthread_ncp_ftd_a-ncp_base.o)
                0x0000000000200e4e                otError ot::Ncp::NcpBase::HandlePropertySet<(spinel_prop_key_t)55>()
 .text._ZN2ot3Ncp7NcpBase17EncodeChannelMaskEm
                0x0000000000200e6e       0x2a ../../../src/ncp/libopenthread-ncp-ftd.a(libopenthread_ncp_ftd_a-ncp_base.o)
                0x0000000000200e6e                ot::Ncp::NcpBase::EncodeChannelMask(unsigned long)
 .text._ZN2ot3Ncp7NcpBase17DecodeChannelMaskERm
                0x0000000000200e98       0x46 ../../../src/ncp/libopenthread-ncp-ftd.a(libopenthread_ncp_ftd_a-ncp_base.o)
                0x0000000000200e98                ot::Ncp::NcpBase::DecodeChannelMask(unsigned long&)
 .text._ZN2ot3Ncp7NcpBase17HandlePropertyGetIL17spinel_prop_key_t49EEE7otErrorv
                0x0000000000200ede        0x8 ../../../src/ncp/libopenthread-ncp-ftd.a(libopenthread_ncp_ftd_a-ncp_base.o)
                0x0000000000200ede                otError ot::Ncp::NcpBase::HandlePropertyGet<(spinel_prop_key_t)49>()
 .text._ZN2ot3Ncp7NcpBase17HandlePropertySetIL17spinel_prop_key_t49EEE7otErrorv
                0x0000000000200ee6       0x1c ../../../src/ncp/libopenthread-ncp-ftd.a(libopenthread_ncp_ftd_a-ncp_base.o)
                0x0000000000200ee6                otError ot::Ncp::NcpBase::HandlePropertySet<(spinel_prop_key_t)49>()
 .text._ZN2ot3Ncp7NcpBase17HandlePropertyGetIL17spinel_prop_key_t50EEE7otErrorv
                0x0000000000200f02        0xa ../../../src/ncp/libopenthread-ncp-ftd.a(libopenthread_ncp_ftd_a-ncp_base.o)
                0x0000000000200f02                otError ot::Ncp::NcpBase::HandlePropertyGet<(spinel_prop_key_t)50>()
 .text._ZN2ot3Ncp7NcpBase17HandlePropertySetIL17spinel_prop_key_t50EEE7otErrorv
                0x0000000000200f0c        0xa ../../../src/ncp/libopenthread-ncp-ftd.a(libopenthread_ncp_ftd_a-ncp_base.o)
                0x0000000000200f0c                otError ot::Ncp::NcpBase::HandlePropertySet<(spinel_prop_key_t)50>()
 .text._ZN2ot3Ncp7NcpBase17HandlePropertyGetIL17spinel_prop_key_t48EEE7otErrorv
                0x0000000000200f16       0x34 ../../../src/ncp/libopenthread-ncp-ftd.a(libopenthread_ncp_ftd_a-ncp_base.o)
                0x0000000000200f16                otError ot::Ncp::NcpBase::HandlePropertyGet<(spinel_prop_key_t)48>()
 *fill*         0x0000000000200f4a        0x2 00000000
 .text._ZN2ot3Ncp7NcpBase17HandlePropertySetIL17spinel_prop_key_t48EEE7otErrorv
                0x0000000000200f4c       0x80 ../../../src/ncp/libopenthread-ncp-ftd.a(libopenthread_ncp_ftd_a-ncp_base.o)
                0x0000000000200f4c                otError ot::Ncp::NcpBase::HandlePropertySet<(spinel_prop_key_t)48>()
 .text._ZN2ot3Ncp7NcpBase17HandlePropertyGetIL17spinel_prop_key_t4104EEE7otErrorv
                0x0000000000200fcc       0x6c ../../../src/ncp/libopenthread-ncp-ftd.a(libopenthread_ncp_ftd_a-ncp_base.o)
                0x0000000000200fcc                otError ot::Ncp::NcpBase::HandlePropertyGet<(spinel_prop_key_t)4104>()
 .text._ZN2ot3Ncp7NcpBase17HandlePropertySetIL17spinel_prop_key_t4104EEE7otErrorv
                0x0000000000201038       0x50 ../../../src/ncp/libopenthread-ncp-ftd.a(libopenthread_ncp_ftd_a-ncp_base.o)
                0x0000000000201038                otError ot::Ncp::NcpBase::HandlePropertySet<(spinel_prop_key_t)4104>()
 .text._ZN2ot3Ncp7NcpBase20HandlePropertyInsertIL17spinel_prop_key_t4104EEE7otErrorv
                0x0000000000201088       0x1e ../../../src/ncp/libopenthread-ncp-ftd.a(libopenthread_ncp_ftd_a-ncp_base.o)
                0x0000000000201088                otError ot::Ncp::NcpBase::HandlePropertyInsert<(spinel_prop_key_t)4104>()
 .text._ZN2ot3Ncp7NcpBase20HandlePropertyRemoveIL17spinel_prop_key_t4104EEE7otErrorv
                0x00000000002010a6       0x1e ../../../src/ncp/libopenthread-ncp-ftd.a(libopenthread_ncp_ftd_a-ncp_base.o)
                0x00000000002010a6                otError ot::Ncp::NcpBase::HandlePropertyRemove<(spinel_prop_key_t)4104>()
 .text._ZN2ot3Ncp7NcpBase17HandlePropertyGetIL17spinel_prop_key_t0EEE7otErrorv
                0x00000000002010c4        0xa ../../../src/ncp/libopenthread-ncp-ftd.a(libopenthread_ncp_ftd_a-ncp_base.o)
                0x00000000002010c4                otError ot::Ncp::NcpBase::HandlePropertyGet<(spinel_prop_key_t)0>()
 .text._ZN2ot3Ncp7NcpBase17HandlePropertyGetIL17spinel_prop_key_t1EEE7otErrorv
                0x00000000002010ce       0x1e ../../../src/ncp/libopenthread-ncp-ftd.a(libopenthread_ncp_ftd_a-ncp_base.o)
                0x00000000002010ce                otError ot::Ncp::NcpBase::HandlePropertyGet<(spinel_prop_key_t)1>()
 .text._ZN2ot3Ncp7NcpBase17HandlePropertyGetIL17spinel_prop_key_t3EEE7otErrorv
                0x00000000002010ec        0x8 ../../../src/ncp/libopenthread-ncp-ftd.a(libopenthread_ncp_ftd_a-ncp_base.o)
                0x00000000002010ec                otError ot::Ncp::NcpBase::HandlePropertyGet<(spinel_prop_key_t)3>()
 .text._ZN2ot3Ncp7NcpBase17HandlePropertyGetIL17spinel_prop_key_t4EEE7otErrorv
                0x00000000002010f4        0x8 ../../../src/ncp/libopenthread-ncp-ftd.a(libopenthread_ncp_ftd_a-ncp_base.o)
                0x00000000002010f4                otError ot::Ncp::NcpBase::HandlePropertyGet<(spinel_prop_key_t)4>()
 .text._ZN2ot3Ncp7NcpBase17HandlePropertyGetIL17spinel_prop_key_t5EEE7otErrorv
                0x00000000002010fc       0x66 ../../../src/ncp/libopenthread-ncp-ftd.a(libopenthread_ncp_ftd_a-ncp_base.o)
                0x00000000002010fc                otError ot::Ncp::NcpBase::HandlePropertyGet<(spinel_prop_key_t)5>()
 .text._ZN2ot3Ncp7NcpBase17HandlePropertyGetIL17spinel_prop_key_t2EEE7otErrorv
                0x0000000000201162       0x16 ../../../src/ncp/libopenthread-ncp-ftd.a(libopenthread_ncp_ftd_a-ncp_base.o)
                0x0000000000201162                otError ot::Ncp::NcpBase::HandlePropertyGet<(spinel_prop_key_t)2>()
 .text._ZN2ot3Ncp7NcpBase17HandlePropertyGetIL17spinel_prop_key_t6EEE7otErrorv
                0x0000000000201178        0x8 ../../../src/ncp/libopenthread-ncp-ftd.a(libopenthread_ncp_ftd_a-ncp_base.o)
                0x0000000000201178                otError ot::Ncp::NcpBase::HandlePropertyGet<(spinel_prop_key_t)6>()
 .text._ZN2ot3Ncp7NcpBase17HandlePropertyGetIL17spinel_prop_key_t13EEE7otErrorv
                0x0000000000201180        0x4 ../../../src/ncp/libopenthread-ncp-ftd.a(libopenthread_ncp_ftd_a-ncp_base.o)
                0x0000000000201180                otError ot::Ncp::NcpBase::HandlePropertyGet<(spinel_prop_key_t)13>()
 .text._ZN2ot3Ncp7NcpBase17HandlePropertySetIL17spinel_prop_key_t13EEE7otErrorv
                0x0000000000201184        0x4 ../../../src/ncp/libopenthread-ncp-ftd.a(libopenthread_ncp_ftd_a-ncp_base.o)
                0x0000000000201184                otError ot::Ncp::NcpBase::HandlePropertySet<(spinel_prop_key_t)13>()
 .text._ZN2ot3Ncp7NcpBase17HandlePropertyGetIL17spinel_prop_key_t7EEE7otErrorv
                0x0000000000201188        0x8 ../../../src/ncp/libopenthread-ncp-ftd.a(libopenthread_ncp_ftd_a-ncp_base.o)
                0x0000000000201188                otError ot::Ncp::NcpBase::HandlePropertyGet<(spinel_prop_key_t)7>()
 .text._ZN2ot3Ncp7NcpBase17HandlePropertySetIL17spinel_prop_key_t7EEE7otErrorv
                0x0000000000201190        0x4 ../../../src/ncp/libopenthread-ncp-ftd.a(libopenthread_ncp_ftd_a-ncp_base.o)
                0x0000000000201190                otError ot::Ncp::NcpBase::HandlePropertySet<(spinel_prop_key_t)7>()
 .text._ZN2ot3Ncp7NcpBase17HandlePropertyGetIL17spinel_prop_key_t8EEE7otErrorv
                0x0000000000201194       0x1a ../../../src/ncp/libopenthread-ncp-ftd.a(libopenthread_ncp_ftd_a-ncp_base.o)
                0x0000000000201194                otError ot::Ncp::NcpBase::HandlePropertyGet<(spinel_prop_key_t)8>()
 .text._ZN2ot3Ncp7NcpBase17HandlePropertyGetIL17spinel_prop_key_t9EEE7otErrorv
                0x00000000002011ae        0x8 ../../../src/ncp/libopenthread-ncp-ftd.a(libopenthread_ncp_ftd_a-ncp_base.o)
                0x00000000002011ae                otError ot::Ncp::NcpBase::HandlePropertyGet<(spinel_prop_key_t)9>()
 .text._ZN2ot3Ncp7NcpBase17HandlePropertyGetIL17spinel_prop_key_t12EEE7otErrorv
                0x00000000002011b6        0xa ../../../src/ncp/libopenthread-ncp-ftd.a(libopenthread_ncp_ftd_a-ncp_base.o)
                0x00000000002011b6                otError ot::Ncp::NcpBase::HandlePropertyGet<(spinel_prop_key_t)12>()
 .text._ZN2ot3Ncp7NcpBase46HandlePropertySet_SPINEL_PROP_HOST_POWER_STATEEh
                0x00000000002011c0       0x94 ../../../src/ncp/libopenthread-ncp-ftd.a(libopenthread_ncp_ftd_a-ncp_base.o)
                0x00000000002011c0                ot::Ncp::NcpBase::HandlePropertySet_SPINEL_PROP_HOST_POWER_STATE(unsigned char)
 .text._ZN2ot3Ncp7NcpBase37HandlePropertySetForSpecialPropertiesEh17spinel_prop_key_tR7otError
                0x0000000000201254       0x22 ../../../src/ncp/libopenthread-ncp-ftd.a(libopenthread_ncp_ftd_a-ncp_base.o)
                0x0000000000201254                ot::Ncp::NcpBase::HandlePropertySetForSpecialProperties(unsigned char, spinel_prop_key_t, otError&)
 .text._ZN2ot3Ncp7NcpBase24HandleCommandPropertySetEh17spinel_prop_key_t
                0x0000000000201276       0x7c ../../../src/ncp/libopenthread-ncp-ftd.a(libopenthread_ncp_ftd_a-ncp_base.o)
                0x0000000000201276                ot::Ncp::NcpBase::HandleCommandPropertySet(unsigned char, spinel_prop_key_t)
 .text._ZN2ot3Ncp7NcpBase32CommandHandler_PROP_VALUE_updateEhj
                0x00000000002012f2       0x66 ../../../src/ncp/libopenthread-ncp-ftd.a(libopenthread_ncp_ftd_a-ncp_base.o)
                0x00000000002012f2                ot::Ncp::NcpBase::CommandHandler_PROP_VALUE_update(unsigned char, unsigned int)
 .text._ZN2ot3Ncp7NcpBase13HandleCommandEh
                0x0000000000201358       0x70 ../../../src/ncp/libopenthread-ncp-ftd.a(libopenthread_ncp_ftd_a-ncp_base.o)
                0x0000000000201358                ot::Ncp::NcpBase::HandleCommand(unsigned char)
 .text._ZN2ot3Ncp7NcpBase13HandleReceiveEPKht
                0x00000000002013c8       0xb0 ../../../src/ncp/libopenthread-ncp-ftd.a(libopenthread_ncp_ftd_a-ncp_base.o)
                0x00000000002013c8                ot::Ncp::NcpBase::HandleReceive(unsigned char const*, unsigned short)
 .text._ZN2ot3Ncp7NcpBase17HandlePropertyGetIL17spinel_prop_key_t4105EEE7otErrorv
                0x0000000000201478       0x44 ../../../src/ncp/libopenthread-ncp-ftd.a(libopenthread_ncp_ftd_a-ncp_base.o)
                0x0000000000201478                otError ot::Ncp::NcpBase::HandlePropertyGet<(spinel_prop_key_t)4105>()
 .text._ZN2ot3Ncp7NcpBase17HandlePropertyGetIL17spinel_prop_key_t38EEE7otErrorv
                0x00000000002014bc       0x16 ../../../src/ncp/libopenthread-ncp-ftd.a(libopenthread_ncp_ftd_a-ncp_base.o)
                0x00000000002014bc                otError ot::Ncp::NcpBase::HandlePropertyGet<(spinel_prop_key_t)38>()
 .text._ZN2ot3Ncp7NcpBase17HandlePropertyGetIL17spinel_prop_key_t39EEE7otErrorv
                0x00000000002014d2       0x16 ../../../src/ncp/libopenthread-ncp-ftd.a(libopenthread_ncp_ftd_a-ncp_base.o)
                0x00000000002014d2                otError ot::Ncp::NcpBase::HandlePropertyGet<(spinel_prop_key_t)39>()
 .text._ZN2ot3Ncp7NcpBase17HandlePropertyGetIL17spinel_prop_key_t37EEE7otErrorv
                0x00000000002014e8       0x2e ../../../src/ncp/libopenthread-ncp-ftd.a(libopenthread_ncp_ftd_a-ncp_base.o)
                0x00000000002014e8                otError ot::Ncp::NcpBase::HandlePropertyGet<(spinel_prop_key_t)37>()
 .text._ZN2ot3Ncp7NcpBase17HandlePropertySetIL17spinel_prop_key_t37EEE7otErrorv
                0x0000000000201516       0x22 ../../../src/ncp/libopenthread-ncp-ftd.a(libopenthread_ncp_ftd_a-ncp_base.o)
                0x0000000000201516                otError ot::Ncp::NcpBase::HandlePropertySet<(spinel_prop_key_t)37>()
 .text._ZN2ot3Ncp7NcpBase17HandlePropertyGetIL17spinel_prop_key_t16384EEE7otErrorv
                0x0000000000201538        0x2 ../../../src/ncp/libopenthread-ncp-ftd.a(libopenthread_ncp_ftd_a-ncp_base.o)
                0x0000000000201538                otError ot::Ncp::NcpBase::HandlePropertyGet<(spinel_prop_key_t)16384>()
 .text._ZN2ot3Ncp7NcpBase17HandlePropertyGetIL17spinel_prop_key_t16386EEE7otErrorv
                0x000000000020153a        0x2 ../../../src/ncp/libopenthread-ncp-ftd.a(libopenthread_ncp_ftd_a-ncp_base.o)
                0x000000000020153a                otError ot::Ncp::NcpBase::HandlePropertyGet<(spinel_prop_key_t)16386>()
 .text._ZN2ot3Ncp7NcpBase17HandlePropertyGetIL17spinel_prop_key_t16385EEE7otErrorv
                0x000000000020153c       0x18 ../../../src/ncp/libopenthread-ncp-ftd.a(libopenthread_ncp_ftd_a-ncp_base.o)
                0x000000000020153c                otError ot::Ncp::NcpBase::HandlePropertyGet<(spinel_prop_key_t)16385>()
 .text._ZN2ot3Ncp7NcpBase17HandlePropertySetIL17spinel_prop_key_t16385EEE7otErrorv
                0x0000000000201554       0x4a ../../../src/ncp/libopenthread-ncp-ftd.a(libopenthread_ncp_ftd_a-ncp_base.o)
                0x0000000000201554                otError ot::Ncp::NcpBase::HandlePropertySet<(spinel_prop_key_t)16385>()
 *fill*         0x000000000020159e        0x2 00000000
 .text.otNcpStreamWrite
                0x00000000002015a0       0x20 ../../../src/ncp/libopenthread-ncp-ftd.a(libopenthread_ncp_ftd_a-ncp_base.o)
                0x00000000002015a0                otNcpStreamWrite
 .text._ZN2ot3Ncp13SpinelEncoder10WriteEui64EPKh
                0x00000000002015c0        0x8 ../../../src/ncp/libopenthread-ncp-ftd.a(libopenthread_ncp_ftd_a-ncp_base_ftd.o)
                0x00000000002015c0                ot::Ncp::SpinelEncoder::WriteEui64(unsigned char const*)
 .text._ZN2ot3Ncp7NcpBase15EncodeChildInfoERK11otChildInfo
                0x00000000002015c8       0x80 ../../../src/ncp/libopenthread-ncp-ftd.a(libopenthread_ncp_ftd_a-ncp_base_ftd.o)
                0x00000000002015c8                ot::Ncp::NcpBase::EncodeChildInfo(otChildInfo const&)
 .text._ZN2ot3Ncp7NcpBase24HandleParentResponseInfoEPK26otThreadParentResponseInfo
                0x0000000000201648       0x7a ../../../src/ncp/libopenthread-ncp-ftd.a(libopenthread_ncp_ftd_a-ncp_base_ftd.o)
                0x0000000000201648                ot::Ncp::NcpBase::HandleParentResponseInfo(otThreadParentResponseInfo const*)
 .text._ZN2ot3Ncp7NcpBase24HandleParentResponseInfoEP26otThreadParentResponseInfoPv
                0x00000000002016c2       0x10 ../../../src/ncp/libopenthread-ncp-ftd.a(libopenthread_ncp_ftd_a-ncp_base_ftd.o)
                0x00000000002016c2                ot::Ncp::NcpBase::HandleParentResponseInfo(otThreadParentResponseInfo*, void*)
 .text._ZN2ot3Ncp7NcpBase23HandleChildTableChangedE23otThreadChildTableEventRK11otChildInfo
                0x00000000002016d2       0x6c ../../../src/ncp/libopenthread-ncp-ftd.a(libopenthread_ncp_ftd_a-ncp_base_ftd.o)
                0x00000000002016d2                ot::Ncp::NcpBase::HandleChildTableChanged(otThreadChildTableEvent, otChildInfo const&)
 .text._ZN2ot3Ncp7NcpBase23HandleChildTableChangedE23otThreadChildTableEventPK11otChildInfo
                0x000000000020173e       0x16 ../../../src/ncp/libopenthread-ncp-ftd.a(libopenthread_ncp_ftd_a-ncp_base_ftd.o)
                0x000000000020173e                ot::Ncp::NcpBase::HandleChildTableChanged(otThreadChildTableEvent, otChildInfo const*)
 .text._ZN2ot3Ncp7NcpBase17HandlePropertyGetIL17spinel_prop_key_t85EEE7otErrorv
                0x0000000000201754       0x16 ../../../src/ncp/libopenthread-ncp-ftd.a(libopenthread_ncp_ftd_a-ncp_base_ftd.o)
                0x0000000000201754                otError ot::Ncp::NcpBase::HandlePropertyGet<(spinel_prop_key_t)85>()
 .text._ZN2ot3Ncp7NcpBase17HandlePropertyGetIL17spinel_prop_key_t84EEE7otErrorv
                0x000000000020176a       0x16 ../../../src/ncp/libopenthread-ncp-ftd.a(libopenthread_ncp_ftd_a-ncp_base_ftd.o)
                0x000000000020176a                otError ot::Ncp::NcpBase::HandlePropertyGet<(spinel_prop_key_t)84>()
 .text._ZN2ot3Ncp7NcpBase17HandlePropertyGetIL17spinel_prop_key_t82EEE7otErrorv
                0x0000000000201780       0x54 ../../../src/ncp/libopenthread-ncp-ftd.a(libopenthread_ncp_ftd_a-ncp_base_ftd.o)
                0x0000000000201780                otError ot::Ncp::NcpBase::HandlePropertyGet<(spinel_prop_key_t)82>()
 .text._ZN2ot3Ncp7NcpBase17HandlePropertyGetIL17spinel_prop_key_t5399EEE7otErrorv
                0x00000000002017d4       0xba ../../../src/ncp/libopenthread-ncp-ftd.a(libopenthread_ncp_ftd_a-ncp_base_ftd.o)
                0x00000000002017d4                otError ot::Ncp::NcpBase::HandlePropertyGet<(spinel_prop_key_t)5399>()
 .text._ZN2ot3Ncp7NcpBase17HandlePropertyGetIL17spinel_prop_key_t5409EEE7otErrorv
                0x000000000020188e       0x90 ../../../src/ncp/libopenthread-ncp-ftd.a(libopenthread_ncp_ftd_a-ncp_base_ftd.o)
                0x000000000020188e                otError ot::Ncp::NcpBase::HandlePropertyGet<(spinel_prop_key_t)5409>()
 .text._ZN2ot3Ncp7NcpBase17HandlePropertyGetIL17spinel_prop_key_t5383EEE7otErrorv
                0x000000000020191e       0x16 ../../../src/ncp/libopenthread-ncp-ftd.a(libopenthread_ncp_ftd_a-ncp_base_ftd.o)
                0x000000000020191e                otError ot::Ncp::NcpBase::HandlePropertyGet<(spinel_prop_key_t)5383>()
 .text._ZN2ot3Ncp7NcpBase17HandlePropertySetIL17spinel_prop_key_t5383EEE7otErrorv
                0x0000000000201934       0x22 ../../../src/ncp/libopenthread-ncp-ftd.a(libopenthread_ncp_ftd_a-ncp_base_ftd.o)
                0x0000000000201934                otError ot::Ncp::NcpBase::HandlePropertySet<(spinel_prop_key_t)5383>()
 .text._ZN2ot3Ncp7NcpBase17HandlePropertyGetIL17spinel_prop_key_t75EEE7otErrorv
                0x0000000000201956       0x18 ../../../src/ncp/libopenthread-ncp-ftd.a(libopenthread_ncp_ftd_a-ncp_base_ftd.o)
                0x0000000000201956                otError ot::Ncp::NcpBase::HandlePropertyGet<(spinel_prop_key_t)75>()
 .text._ZN2ot3Ncp7NcpBase17HandlePropertySetIL17spinel_prop_key_t75EEE7otErrorv
                0x000000000020196e       0x2e ../../../src/ncp/libopenthread-ncp-ftd.a(libopenthread_ncp_ftd_a-ncp_base_ftd.o)
                0x000000000020196e                otError ot::Ncp::NcpBase::HandlePropertySet<(spinel_prop_key_t)75>()
 .text._ZN2ot3Ncp7NcpBase17HandlePropertyGetIL17spinel_prop_key_t5388EEE7otErrorv
                0x000000000020199c       0x16 ../../../src/ncp/libopenthread-ncp-ftd.a(libopenthread_ncp_ftd_a-ncp_base_ftd.o)
                0x000000000020199c                otError ot::Ncp::NcpBase::HandlePropertyGet<(spinel_prop_key_t)5388>()
 .text._ZN2ot3Ncp7NcpBase17HandlePropertySetIL17spinel_prop_key_t5388EEE7otErrorv
                0x00000000002019b2       0x22 ../../../src/ncp/libopenthread-ncp-ftd.a(libopenthread_ncp_ftd_a-ncp_base_ftd.o)
                0x00000000002019b2                otError ot::Ncp::NcpBase::HandlePropertySet<(spinel_prop_key_t)5388>()
 .text._ZN2ot3Ncp7NcpBase17HandlePropertyGetIL17spinel_prop_key_t5378EEE7otErrorv
                0x00000000002019d4       0x16 ../../../src/ncp/libopenthread-ncp-ftd.a(libopenthread_ncp_ftd_a-ncp_base_ftd.o)
                0x00000000002019d4                otError ot::Ncp::NcpBase::HandlePropertyGet<(spinel_prop_key_t)5378>()
 .text._ZN2ot3Ncp7NcpBase17HandlePropertySetIL17spinel_prop_key_t5378EEE7otErrorv
                0x00000000002019ea       0x26 ../../../src/ncp/libopenthread-ncp-ftd.a(libopenthread_ncp_ftd_a-ncp_base_ftd.o)
                0x00000000002019ea                otError ot::Ncp::NcpBase::HandlePropertySet<(spinel_prop_key_t)5378>()
 .text._ZN2ot3Ncp7NcpBase17HandlePropertyGetIL17spinel_prop_key_t5384EEE7otErrorv
                0x0000000000201a10       0x16 ../../../src/ncp/libopenthread-ncp-ftd.a(libopenthread_ncp_ftd_a-ncp_base_ftd.o)
                0x0000000000201a10                otError ot::Ncp::NcpBase::HandlePropertyGet<(spinel_prop_key_t)5384>()
 .text._ZN2ot3Ncp7NcpBase17HandlePropertySetIL17spinel_prop_key_t5384EEE7otErrorv
                0x0000000000201a26       0x26 ../../../src/ncp/libopenthread-ncp-ftd.a(libopenthread_ncp_ftd_a-ncp_base_ftd.o)
                0x0000000000201a26                otError ot::Ncp::NcpBase::HandlePropertySet<(spinel_prop_key_t)5384>()
 .text._ZN2ot3Ncp7NcpBase17HandlePropertyGetIL17spinel_prop_key_t5385EEE7otErrorv
                0x0000000000201a4c       0x16 ../../../src/ncp/libopenthread-ncp-ftd.a(libopenthread_ncp_ftd_a-ncp_base_ftd.o)
                0x0000000000201a4c                otError ot::Ncp::NcpBase::HandlePropertyGet<(spinel_prop_key_t)5385>()
 .text._ZN2ot3Ncp7NcpBase17HandlePropertySetIL17spinel_prop_key_t5385EEE7otErrorv
                0x0000000000201a62       0x26 ../../../src/ncp/libopenthread-ncp-ftd.a(libopenthread_ncp_ftd_a-ncp_base_ftd.o)
                0x0000000000201a62                otError ot::Ncp::NcpBase::HandlePropertySet<(spinel_prop_key_t)5385>()
 .text._ZN2ot3Ncp7NcpBase17HandlePropertyGetIL17spinel_prop_key_t5379EEE7otErrorv
                0x0000000000201a88       0x18 ../../../src/ncp/libopenthread-ncp-ftd.a(libopenthread_ncp_ftd_a-ncp_base_ftd.o)
                0x0000000000201a88                otError ot::Ncp::NcpBase::HandlePropertyGet<(spinel_prop_key_t)5379>()
 .text._ZN2ot3Ncp7NcpBase17HandlePropertySetIL17spinel_prop_key_t5379EEE7otErrorv
                0x0000000000201aa0       0x24 ../../../src/ncp/libopenthread-ncp-ftd.a(libopenthread_ncp_ftd_a-ncp_base_ftd.o)
                0x0000000000201aa0                otError ot::Ncp::NcpBase::HandlePropertySet<(spinel_prop_key_t)5379>()
 .text._ZN2ot3Ncp7NcpBase17HandlePropertyGetIL17spinel_prop_key_t5380EEE7otErrorv
                0x0000000000201ac4       0x16 ../../../src/ncp/libopenthread-ncp-ftd.a(libopenthread_ncp_ftd_a-ncp_base_ftd.o)
                0x0000000000201ac4                otError ot::Ncp::NcpBase::HandlePropertyGet<(spinel_prop_key_t)5380>()
 .text._ZN2ot3Ncp7NcpBase17HandlePropertySetIL17spinel_prop_key_t5380EEE7otErrorv
                0x0000000000201ada       0x26 ../../../src/ncp/libopenthread-ncp-ftd.a(libopenthread_ncp_ftd_a-ncp_base_ftd.o)
                0x0000000000201ada                otError ot::Ncp::NcpBase::HandlePropertySet<(spinel_prop_key_t)5380>()
 .text._ZN2ot3Ncp7NcpBase17HandlePropertySetIL17spinel_prop_key_t85EEE7otErrorv
                0x0000000000201b00       0x22 ../../../src/ncp/libopenthread-ncp-ftd.a(libopenthread_ncp_ftd_a-ncp_base_ftd.o)
                0x0000000000201b00                otError ot::Ncp::NcpBase::HandlePropertySet<(spinel_prop_key_t)85>()
 .text._ZN2ot3Ncp7NcpBase17HandlePropertyGetIL17spinel_prop_key_t5386EEE7otErrorv
                0x0000000000201b22        0xa ../../../src/ncp/libopenthread-ncp-ftd.a(libopenthread_ncp_ftd_a-ncp_base_ftd.o)
                0x0000000000201b22                otError ot::Ncp::NcpBase::HandlePropertyGet<(spinel_prop_key_t)5386>()
 .text._ZN2ot3Ncp7NcpBase17HandlePropertySetIL17spinel_prop_key_t5386EEE7otErrorv
                0x0000000000201b2c       0x20 ../../../src/ncp/libopenthread-ncp-ftd.a(libopenthread_ncp_ftd_a-ncp_base_ftd.o)
                0x0000000000201b2c                otError ot::Ncp::NcpBase::HandlePropertySet<(spinel_prop_key_t)5386>()
 .text._ZN2ot3Ncp7NcpBase20HandlePropertyRemoveIL17spinel_prop_key_t5381EEE7otErrorv
                0x0000000000201b4c       0x26 ../../../src/ncp/libopenthread-ncp-ftd.a(libopenthread_ncp_ftd_a-ncp_base_ftd.o)
                0x0000000000201b4c                otError ot::Ncp::NcpBase::HandlePropertyRemove<(spinel_prop_key_t)5381>()
 .text._ZN2ot3Ncp7NcpBase17HandlePropertyGetIL17spinel_prop_key_t5411EEE7otErrorv
                0x0000000000201b72       0x62 ../../../src/ncp/libopenthread-ncp-ftd.a(libopenthread_ncp_ftd_a-ncp_base_ftd.o)
                0x0000000000201b72                otError ot::Ncp::NcpBase::HandlePropertyGet<(spinel_prop_key_t)5411>()
 .text._ZN2ot3Ncp13SpinelEncoder9WriteBoolEb.isra.2
                0x0000000000201bd4        0x4 ../../../src/ncp/libopenthread-ncp-ftd.a(libopenthread_ncp_ftd_a-ncp_base_mtd.o)
 .text._ZN2ot3Ncp15ChangedPropsSet11AddPropertyE17spinel_prop_key_t
                0x0000000000201bd8        0x6 ../../../src/ncp/libopenthread-ncp-ftd.a(libopenthread_ncp_ftd_a-ncp_base_mtd.o)
                0x0000000000201bd8                ot::Ncp::ChangedPropsSet::AddProperty(spinel_prop_key_t)
 .text._ZN2ot3Ncp13SpinelEncoder9WriteInt8Ea
                0x0000000000201bde        0x8 ../../../src/ncp/libopenthread-ncp-ftd.a(libopenthread_ncp_ftd_a-ncp_base_mtd.o)
                0x0000000000201bde                ot::Ncp::SpinelEncoder::WriteInt8(signed char)
 .text._ZN2ot3Ncp13SpinelEncoder15WriteIp6AddressEPKh
                0x0000000000201be6        0x8 ../../../src/ncp/libopenthread-ncp-ftd.a(libopenthread_ncp_ftd_a-ncp_base_mtd.o)
                0x0000000000201be6                ot::Ncp::SpinelEncoder::WriteIp6Address(unsigned char const*)
 .text._ZN2ot3Ncp7NcpBase19LinkFlagsToFlagByteEbbbb
                0x0000000000201bee       0x1c ../../../src/ncp/libopenthread-ncp-ftd.a(libopenthread_ncp_ftd_a-ncp_base_mtd.o)
                0x0000000000201bee                ot::Ncp::NcpBase::LinkFlagsToFlagByte(bool, bool, bool, bool)
 .text._ZN2ot3Ncp7NcpBase17HandlePropertyGetIL17spinel_prop_key_t58EEE7otErrorv
                0x0000000000201c0a       0x18 ../../../src/ncp/libopenthread-ncp-ftd.a(libopenthread_ncp_ftd_a-ncp_base_mtd.o)
                0x0000000000201c0a                otError ot::Ncp::NcpBase::HandlePropertyGet<(spinel_prop_key_t)58>()
 .text._ZN2ot3Ncp7NcpBase17HandlePropertySetIL17spinel_prop_key_t58EEE7otErrorv
                0x0000000000201c22       0x1a ../../../src/ncp/libopenthread-ncp-ftd.a(libopenthread_ncp_ftd_a-ncp_base_mtd.o)
                0x0000000000201c22                otError ot::Ncp::NcpBase::HandlePropertySet<(spinel_prop_key_t)58>()
 .text._ZN2ot3Ncp7NcpBase17HandlePropertyGetIL17spinel_prop_key_t4866EEE7otErrorv
                0x0000000000201c3c       0x16 ../../../src/ncp/libopenthread-ncp-ftd.a(libopenthread_ncp_ftd_a-ncp_base_mtd.o)
                0x0000000000201c3c                otError ot::Ncp::NcpBase::HandlePropertyGet<(spinel_prop_key_t)4866>()
 *fill*         0x0000000000201c52        0x2 00000000
 .text._ZN2ot3Ncp7NcpBase17HandlePropertyGetIL17spinel_prop_key_t35EEE7otErrorv
                0x0000000000201c54       0x4c ../../../src/ncp/libopenthread-ncp-ftd.a(libopenthread_ncp_ftd_a-ncp_base_mtd.o)
                0x0000000000201c54                otError ot::Ncp::NcpBase::HandlePropertyGet<(spinel_prop_key_t)35>()
 .text._ZN2ot3Ncp7NcpBase17HandlePropertyGetIL17spinel_prop_key_t34EEE7otErrorv
                0x0000000000201ca0       0x16 ../../../src/ncp/libopenthread-ncp-ftd.a(libopenthread_ncp_ftd_a-ncp_base_mtd.o)
                0x0000000000201ca0                otError ot::Ncp::NcpBase::HandlePropertyGet<(spinel_prop_key_t)34>()
 .text._ZN2ot3Ncp7NcpBase17HandlePropertySetIL17spinel_prop_key_t34EEE7otErrorv
                0x0000000000201cb6       0x1e ../../../src/ncp/libopenthread-ncp-ftd.a(libopenthread_ncp_ftd_a-ncp_base_mtd.o)
                0x0000000000201cb6                otError ot::Ncp::NcpBase::HandlePropertySet<(spinel_prop_key_t)34>()
 .text._ZN2ot3Ncp7NcpBase23CommandHandler_NET_SAVEEh
                0x0000000000201cd4        0x8 ../../../src/ncp/libopenthread-ncp-ftd.a(libopenthread_ncp_ftd_a-ncp_base_mtd.o)
                0x0000000000201cd4                ot::Ncp::NcpBase::CommandHandler_NET_SAVE(unsigned char)
 .text._ZN2ot3Ncp7NcpBase24CommandHandler_NET_CLEAREh
                0x0000000000201cdc       0x20 ../../../src/ncp/libopenthread-ncp-ftd.a(libopenthread_ncp_ftd_a-ncp_base_mtd.o)
                0x0000000000201cdc                ot::Ncp::NcpBase::CommandHandler_NET_CLEAR(unsigned char)
 .text._ZN2ot3Ncp7NcpBase25CommandHandler_NET_RECALLEh
                0x0000000000201cfc        0x4 ../../../src/ncp/libopenthread-ncp-ftd.a(libopenthread_ncp_ftd_a-ncp_base_mtd.o)
                0x0000000000201cfc                ot::Ncp::NcpBase::CommandHandler_NET_RECALL(unsigned char)
 .text._ZN2ot3Ncp7NcpBase17HandlePropertyGetIL17spinel_prop_key_t64EEE7otErrorv
                0x0000000000201d00       0x16 ../../../src/ncp/libopenthread-ncp-ftd.a(libopenthread_ncp_ftd_a-ncp_base_mtd.o)
                0x0000000000201d00                otError ot::Ncp::NcpBase::HandlePropertyGet<(spinel_prop_key_t)64>()
 .text._ZN2ot3Ncp7NcpBase17HandlePropertyGetIL17spinel_prop_key_t65EEE7otErrorv
                0x0000000000201d16       0x16 ../../../src/ncp/libopenthread-ncp-ftd.a(libopenthread_ncp_ftd_a-ncp_base_mtd.o)
                0x0000000000201d16                otError ot::Ncp::NcpBase::HandlePropertyGet<(spinel_prop_key_t)65>()
 .text._ZN2ot3Ncp7NcpBase17HandlePropertySetIL17spinel_prop_key_t65EEE7otErrorv
                0x0000000000201d2c       0x22 ../../../src/ncp/libopenthread-ncp-ftd.a(libopenthread_ncp_ftd_a-ncp_base_mtd.o)
                0x0000000000201d2c                otError ot::Ncp::NcpBase::HandlePropertySet<(spinel_prop_key_t)65>()
 .text._ZN2ot3Ncp7NcpBase17HandlePropertyGetIL17spinel_prop_key_t66EEE7otErrorv
                0x0000000000201d4e       0x1a ../../../src/ncp/libopenthread-ncp-ftd.a(libopenthread_ncp_ftd_a-ncp_base_mtd.o)
                0x0000000000201d4e                otError ot::Ncp::NcpBase::HandlePropertyGet<(spinel_prop_key_t)66>()
 .text._ZN2ot3Ncp7NcpBase17HandlePropertySetIL17spinel_prop_key_t66EEE7otErrorv
                0x0000000000201d68       0x44 ../../../src/ncp/libopenthread-ncp-ftd.a(libopenthread_ncp_ftd_a-ncp_base_mtd.o)
                0x0000000000201d68                otError ot::Ncp::NcpBase::HandlePropertySet<(spinel_prop_key_t)66>()
 .text._ZN2ot3Ncp7NcpBase17HandlePropertyGetIL17spinel_prop_key_t67EEE7otErrorv
                0x0000000000201dac       0x28 ../../../src/ncp/libopenthread-ncp-ftd.a(libopenthread_ncp_ftd_a-ncp_base_mtd.o)
                0x0000000000201dac                otError ot::Ncp::NcpBase::HandlePropertyGet<(spinel_prop_key_t)67>()
 .text._ZN2ot3Ncp7NcpBase17HandlePropertySetIL17spinel_prop_key_t67EEE7otErrorv
                0x0000000000201dd4       0x44 ../../../src/ncp/libopenthread-ncp-ftd.a(libopenthread_ncp_ftd_a-ncp_base_mtd.o)
                0x0000000000201dd4                otError ot::Ncp::NcpBase::HandlePropertySet<(spinel_prop_key_t)67>()
 .text._ZN2ot3Ncp7NcpBase17HandlePropertyGetIL17spinel_prop_key_t68EEE7otErrorv
                0x0000000000201e18       0x18 ../../../src/ncp/libopenthread-ncp-ftd.a(libopenthread_ncp_ftd_a-ncp_base_mtd.o)
                0x0000000000201e18                otError ot::Ncp::NcpBase::HandlePropertyGet<(spinel_prop_key_t)68>()
 .text._ZN2ot3Ncp7NcpBase17HandlePropertySetIL17spinel_prop_key_t68EEE7otErrorv
                0x0000000000201e30       0x24 ../../../src/ncp/libopenthread-ncp-ftd.a(libopenthread_ncp_ftd_a-ncp_base_mtd.o)
                0x0000000000201e30                otError ot::Ncp::NcpBase::HandlePropertySet<(spinel_prop_key_t)68>()
 .text._ZN2ot3Ncp7NcpBase17HandlePropertyGetIL17spinel_prop_key_t69EEE7otErrorv
                0x0000000000201e54       0x18 ../../../src/ncp/libopenthread-ncp-ftd.a(libopenthread_ncp_ftd_a-ncp_base_mtd.o)
                0x0000000000201e54                otError ot::Ncp::NcpBase::HandlePropertyGet<(spinel_prop_key_t)69>()
 .text._ZN2ot3Ncp7NcpBase17HandlePropertySetIL17spinel_prop_key_t69EEE7otErrorv
                0x0000000000201e6c       0x2e ../../../src/ncp/libopenthread-ncp-ftd.a(libopenthread_ncp_ftd_a-ncp_base_mtd.o)
                0x0000000000201e6c                otError ot::Ncp::NcpBase::HandlePropertySet<(spinel_prop_key_t)69>()
 .text._ZN2ot3Ncp7NcpBase17HandlePropertyGetIL17spinel_prop_key_t70EEE7otErrorv
                0x0000000000201e9a       0x18 ../../../src/ncp/libopenthread-ncp-ftd.a(libopenthread_ncp_ftd_a-ncp_base_mtd.o)
                0x0000000000201e9a                otError ot::Ncp::NcpBase::HandlePropertyGet<(spinel_prop_key_t)70>()
 .text._ZN2ot3Ncp7NcpBase17HandlePropertySetIL17spinel_prop_key_t70EEE7otErrorv
                0x0000000000201eb2       0x2e ../../../src/ncp/libopenthread-ncp-ftd.a(libopenthread_ncp_ftd_a-ncp_base_mtd.o)
                0x0000000000201eb2                otError ot::Ncp::NcpBase::HandlePropertySet<(spinel_prop_key_t)70>()
 .text._ZN2ot3Ncp7NcpBase17HandlePropertyGetIL17spinel_prop_key_t71EEE7otErrorv
                0x0000000000201ee0       0x18 ../../../src/ncp/libopenthread-ncp-ftd.a(libopenthread_ncp_ftd_a-ncp_base_mtd.o)
                0x0000000000201ee0                otError ot::Ncp::NcpBase::HandlePropertyGet<(spinel_prop_key_t)71>()
 .text._ZN2ot3Ncp7NcpBase17HandlePropertySetIL17spinel_prop_key_t71EEE7otErrorv
                0x0000000000201ef8       0x1e ../../../src/ncp/libopenthread-ncp-ftd.a(libopenthread_ncp_ftd_a-ncp_base_mtd.o)
                0x0000000000201ef8                otError ot::Ncp::NcpBase::HandlePropertySet<(spinel_prop_key_t)71>()
 .text._ZN2ot3Ncp7NcpBase17HandlePropertyGetIL17spinel_prop_key_t72EEE7otErrorv
                0x0000000000201f16       0x18 ../../../src/ncp/libopenthread-ncp-ftd.a(libopenthread_ncp_ftd_a-ncp_base_mtd.o)
                0x0000000000201f16                otError ot::Ncp::NcpBase::HandlePropertyGet<(spinel_prop_key_t)72>()
 .text._ZN2ot3Ncp7NcpBase17HandlePropertyGetIL17spinel_prop_key_t74EEE7otErrorv
                0x0000000000201f2e       0x18 ../../../src/ncp/libopenthread-ncp-ftd.a(libopenthread_ncp_ftd_a-ncp_base_mtd.o)
                0x0000000000201f2e                otError ot::Ncp::NcpBase::HandlePropertyGet<(spinel_prop_key_t)74>()
 .text._ZN2ot3Ncp7NcpBase17HandlePropertySetIL17spinel_prop_key_t74EEE7otErrorv
                0x0000000000201f46       0x1e ../../../src/ncp/libopenthread-ncp-ftd.a(libopenthread_ncp_ftd_a-ncp_base_mtd.o)
                0x0000000000201f46                otError ot::Ncp::NcpBase::HandlePropertySet<(spinel_prop_key_t)74>()
 .text._ZN2ot3Ncp7NcpBase17HandlePropertyGetIL17spinel_prop_key_t87EEE7otErrorv
                0x0000000000201f64       0x16 ../../../src/ncp/libopenthread-ncp-ftd.a(libopenthread_ncp_ftd_a-ncp_base_mtd.o)
                0x0000000000201f64                otError ot::Ncp::NcpBase::HandlePropertyGet<(spinel_prop_key_t)87>()
 .text._ZN2ot3Ncp7NcpBase17HandlePropertyGetIL17spinel_prop_key_t89EEE7otErrorv
                0x0000000000201f7a       0x16 ../../../src/ncp/libopenthread-ncp-ftd.a(libopenthread_ncp_ftd_a-ncp_base_mtd.o)
                0x0000000000201f7a                otError ot::Ncp::NcpBase::HandlePropertyGet<(spinel_prop_key_t)89>()
 .text._ZN2ot3Ncp7NcpBase17HandlePropertyGetIL17spinel_prop_key_t5389EEE7otErrorv
                0x0000000000201f90       0x2a ../../../src/ncp/libopenthread-ncp-ftd.a(libopenthread_ncp_ftd_a-ncp_base_mtd.o)
                0x0000000000201f90                otError ot::Ncp::NcpBase::HandlePropertyGet<(spinel_prop_key_t)5389>()
 .text._ZN2ot3Ncp7NcpBase17HandlePropertyGetIL17spinel_prop_key_t5390EEE7otErrorv
                0x0000000000201fba       0x2a ../../../src/ncp/libopenthread-ncp-ftd.a(libopenthread_ncp_ftd_a-ncp_base_mtd.o)
                0x0000000000201fba                otError ot::Ncp::NcpBase::HandlePropertyGet<(spinel_prop_key_t)5390>()
 .text._ZN2ot3Ncp7NcpBase17HandlePropertyGetIL17spinel_prop_key_t83EEE7otErrorv
                0x0000000000201fe4       0x16 ../../../src/ncp/libopenthread-ncp-ftd.a(libopenthread_ncp_ftd_a-ncp_base_mtd.o)
                0x0000000000201fe4                otError ot::Ncp::NcpBase::HandlePropertyGet<(spinel_prop_key_t)83>()
 .text._ZN2ot3Ncp7NcpBase17HandlePropertyGetIL17spinel_prop_key_t80EEE7otErrorv
                0x0000000000201ffa       0x2a ../../../src/ncp/libopenthread-ncp-ftd.a(libopenthread_ncp_ftd_a-ncp_base_mtd.o)
                0x0000000000201ffa                otError ot::Ncp::NcpBase::HandlePropertyGet<(spinel_prop_key_t)80>()
 .text._ZN2ot3Ncp7NcpBase17HandlePropertyGetIL17spinel_prop_key_t81EEE7otErrorv
                0x0000000000202024       0x98 ../../../src/ncp/libopenthread-ncp-ftd.a(libopenthread_ncp_ftd_a-ncp_base_mtd.o)
                0x0000000000202024                otError ot::Ncp::NcpBase::HandlePropertyGet<(spinel_prop_key_t)81>()
 .text._ZN2ot3Ncp7NcpBase17HandlePropertyGetIL17spinel_prop_key_t5387EEE7otErrorv
                0x00000000002020bc       0xca ../../../src/ncp/libopenthread-ncp-ftd.a(libopenthread_ncp_ftd_a-ncp_base_mtd.o)
                0x00000000002020bc                otError ot::Ncp::NcpBase::HandlePropertyGet<(spinel_prop_key_t)5387>()
 .text._ZN2ot3Ncp7NcpBase17HandlePropertyGetIL17spinel_prop_key_t5410EEE7otErrorv
                0x0000000000202186       0x7e ../../../src/ncp/libopenthread-ncp-ftd.a(libopenthread_ncp_ftd_a-ncp_base_mtd.o)
                0x0000000000202186                otError ot::Ncp::NcpBase::HandlePropertyGet<(spinel_prop_key_t)5410>()
 .text._ZN2ot3Ncp7NcpBase17HandlePropertyGetIL17spinel_prop_key_t92EEE7otErrorv
                0x0000000000202204       0x38 ../../../src/ncp/libopenthread-ncp-ftd.a(libopenthread_ncp_ftd_a-ncp_base_mtd.o)
                0x0000000000202204                otError ot::Ncp::NcpBase::HandlePropertyGet<(spinel_prop_key_t)92>()
 .text._ZN2ot3Ncp7NcpBase17HandlePropertySetIL17spinel_prop_key_t92EEE7otErrorv
                0x000000000020223c       0x50 ../../../src/ncp/libopenthread-ncp-ftd.a(libopenthread_ncp_ftd_a-ncp_base_mtd.o)
                0x000000000020223c                otError ot::Ncp::NcpBase::HandlePropertySet<(spinel_prop_key_t)92>()
 .text._ZN2ot3Ncp7NcpBase17HandlePropertyGetIL17spinel_prop_key_t93EEE7otErrorv
                0x000000000020228c        0xa ../../../src/ncp/libopenthread-ncp-ftd.a(libopenthread_ncp_ftd_a-ncp_base_mtd.o)
                0x000000000020228c                otError ot::Ncp::NcpBase::HandlePropertyGet<(spinel_prop_key_t)93>()
 .text._ZN2ot3Ncp7NcpBase17HandlePropertyGetIL17spinel_prop_key_t90EEE7otErrorv
                0x0000000000202296       0xc4 ../../../src/ncp/libopenthread-ncp-ftd.a(libopenthread_ncp_ftd_a-ncp_base_mtd.o)
                0x0000000000202296                otError ot::Ncp::NcpBase::HandlePropertyGet<(spinel_prop_key_t)90>()
 .text._ZN2ot3Ncp7NcpBase17HandlePropertyGetIL17spinel_prop_key_t5395EEE7otErrorv
                0x000000000020235a        0xa ../../../src/ncp/libopenthread-ncp-ftd.a(libopenthread_ncp_ftd_a-ncp_base_mtd.o)
                0x000000000020235a                otError ot::Ncp::NcpBase::HandlePropertyGet<(spinel_prop_key_t)5395>()
 .text._ZN2ot3Ncp7NcpBase17HandlePropertySetIL17spinel_prop_key_t5395EEE7otErrorv
                0x0000000000202364        0xa ../../../src/ncp/libopenthread-ncp-ftd.a(libopenthread_ncp_ftd_a-ncp_base_mtd.o)
                0x0000000000202364                otError ot::Ncp::NcpBase::HandlePropertySet<(spinel_prop_key_t)5395>()
 .text._ZN2ot3Ncp7NcpBase17HandlePropertyGetIL17spinel_prop_key_t5396EEE7otErrorv
                0x000000000020236e        0xa ../../../src/ncp/libopenthread-ncp-ftd.a(libopenthread_ncp_ftd_a-ncp_base_mtd.o)
                0x000000000020236e                otError ot::Ncp::NcpBase::HandlePropertyGet<(spinel_prop_key_t)5396>()
 .text._ZN2ot3Ncp7NcpBase17HandlePropertySetIL17spinel_prop_key_t5396EEE7otErrorv
                0x0000000000202378        0xa ../../../src/ncp/libopenthread-ncp-ftd.a(libopenthread_ncp_ftd_a-ncp_base_mtd.o)
                0x0000000000202378                otError ot::Ncp::NcpBase::HandlePropertySet<(spinel_prop_key_t)5396>()
 .text._ZN2ot3Ncp7NcpBase17HandlePropertyGetIL17spinel_prop_key_t5397EEE7otErrorv
                0x0000000000202382        0xa ../../../src/ncp/libopenthread-ncp-ftd.a(libopenthread_ncp_ftd_a-ncp_base_mtd.o)
                0x0000000000202382                otError ot::Ncp::NcpBase::HandlePropertyGet<(spinel_prop_key_t)5397>()
 .text._ZN2ot3Ncp7NcpBase17HandlePropertySetIL17spinel_prop_key_t5397EEE7otErrorv
                0x000000000020238c        0xa ../../../src/ncp/libopenthread-ncp-ftd.a(libopenthread_ncp_ftd_a-ncp_base_mtd.o)
                0x000000000020238c                otError ot::Ncp::NcpBase::HandlePropertySet<(spinel_prop_key_t)5397>()
 .text._ZN2ot3Ncp7NcpBase24EncodeOperationalDatasetERK20otOperationalDataset
                0x0000000000202396      0x320 ../../../src/ncp/libopenthread-ncp-ftd.a(libopenthread_ncp_ftd_a-ncp_base_mtd.o)
                0x0000000000202396                ot::Ncp::NcpBase::EncodeOperationalDataset(otOperationalDataset const&)
 .text._ZN2ot3Ncp7NcpBase17HandlePropertyGetIL17spinel_prop_key_t5400EEE7otErrorv
                0x00000000002026b6       0x1a ../../../src/ncp/libopenthread-ncp-ftd.a(libopenthread_ncp_ftd_a-ncp_base_mtd.o)
                0x00000000002026b6                otError ot::Ncp::NcpBase::HandlePropertyGet<(spinel_prop_key_t)5400>()
 .text._ZN2ot3Ncp7NcpBase17HandlePropertyGetIL17spinel_prop_key_t5401EEE7otErrorv
                0x00000000002026d0       0x1a ../../../src/ncp/libopenthread-ncp-ftd.a(libopenthread_ncp_ftd_a-ncp_base_mtd.o)
                0x00000000002026d0                otError ot::Ncp::NcpBase::HandlePropertyGet<(spinel_prop_key_t)5401>()
 .text._ZN2ot3Ncp7NcpBase24DecodeOperationalDatasetER20otOperationalDatasetPPKhPhPPK12otIp6Addressb
                0x00000000002026ea      0x404 ../../../src/ncp/libopenthread-ncp-ftd.a(libopenthread_ncp_ftd_a-ncp_base_mtd.o)
                0x00000000002026ea                ot::Ncp::NcpBase::DecodeOperationalDataset(otOperationalDataset&, unsigned char const**, unsigned char*, otIp6Address const**, bool)
 .text._ZN2ot3Ncp7NcpBase17HandlePropertySetIL17spinel_prop_key_t5400EEE7otErrorv
                0x0000000000202aee       0x22 ../../../src/ncp/libopenthread-ncp-ftd.a(libopenthread_ncp_ftd_a-ncp_base_mtd.o)
                0x0000000000202aee                otError ot::Ncp::NcpBase::HandlePropertySet<(spinel_prop_key_t)5400>()
 .text._ZN2ot3Ncp7NcpBase17HandlePropertySetIL17spinel_prop_key_t5401EEE7otErrorv
                0x0000000000202b10       0x22 ../../../src/ncp/libopenthread-ncp-ftd.a(libopenthread_ncp_ftd_a-ncp_base_mtd.o)
                0x0000000000202b10                otError ot::Ncp::NcpBase::HandlePropertySet<(spinel_prop_key_t)5401>()
 .text._ZN2ot3Ncp7NcpBase17HandlePropertySetIL17spinel_prop_key_t5402EEE7otErrorv
                0x0000000000202b32       0x2c ../../../src/ncp/libopenthread-ncp-ftd.a(libopenthread_ncp_ftd_a-ncp_base_mtd.o)
                0x0000000000202b32                otError ot::Ncp::NcpBase::HandlePropertySet<(spinel_prop_key_t)5402>()
 .text._ZN2ot3Ncp7NcpBase17HandlePropertySetIL17spinel_prop_key_t5403EEE7otErrorv
                0x0000000000202b5e       0x2c ../../../src/ncp/libopenthread-ncp-ftd.a(libopenthread_ncp_ftd_a-ncp_base_mtd.o)
                0x0000000000202b5e                otError ot::Ncp::NcpBase::HandlePropertySet<(spinel_prop_key_t)5403>()
 .text._ZN2ot3Ncp7NcpBase17HandlePropertySetIL17spinel_prop_key_t5413EEE7otErrorv
                0x0000000000202b8a       0x32 ../../../src/ncp/libopenthread-ncp-ftd.a(libopenthread_ncp_ftd_a-ncp_base_mtd.o)
                0x0000000000202b8a                otError ot::Ncp::NcpBase::HandlePropertySet<(spinel_prop_key_t)5413>()
 .text._ZN2ot3Ncp7NcpBase17HandlePropertySetIL17spinel_prop_key_t5414EEE7otErrorv
                0x0000000000202bbc       0x32 ../../../src/ncp/libopenthread-ncp-ftd.a(libopenthread_ncp_ftd_a-ncp_base_mtd.o)
                0x0000000000202bbc                otError ot::Ncp::NcpBase::HandlePropertySet<(spinel_prop_key_t)5414>()
 .text._ZN2ot3Ncp7NcpBase17HandlePropertyGetIL17spinel_prop_key_t98EEE7otErrorv
                0x0000000000202bee       0x34 ../../../src/ncp/libopenthread-ncp-ftd.a(libopenthread_ncp_ftd_a-ncp_base_mtd.o)
                0x0000000000202bee                otError ot::Ncp::NcpBase::HandlePropertyGet<(spinel_prop_key_t)98>()
 .text._ZN2ot3Ncp7NcpBase17HandlePropertySetIL17spinel_prop_key_t98EEE7otErrorv
                0x0000000000202c22       0x38 ../../../src/ncp/libopenthread-ncp-ftd.a(libopenthread_ncp_ftd_a-ncp_base_mtd.o)
                0x0000000000202c22                otError ot::Ncp::NcpBase::HandlePropertySet<(spinel_prop_key_t)98>()
 .text._ZN2ot3Ncp7NcpBase17HandlePropertyGetIL17spinel_prop_key_t97EEE7otErrorv
                0x0000000000202c5a       0x18 ../../../src/ncp/libopenthread-ncp-ftd.a(libopenthread_ncp_ftd_a-ncp_base_mtd.o)
                0x0000000000202c5a                otError ot::Ncp::NcpBase::HandlePropertyGet<(spinel_prop_key_t)97>()
 .text._ZN2ot3Ncp7NcpBase17HandlePropertyGetIL17spinel_prop_key_t96EEE7otErrorv
                0x0000000000202c72       0x18 ../../../src/ncp/libopenthread-ncp-ftd.a(libopenthread_ncp_ftd_a-ncp_base_mtd.o)
                0x0000000000202c72                otError ot::Ncp::NcpBase::HandlePropertyGet<(spinel_prop_key_t)96>()
 .text._ZN2ot3Ncp7NcpBase17HandlePropertyGetIL17spinel_prop_key_t99EEE7otErrorv
                0x0000000000202c8a       0x5a ../../../src/ncp/libopenthread-ncp-ftd.a(libopenthread_ncp_ftd_a-ncp_base_mtd.o)
                0x0000000000202c8a                otError ot::Ncp::NcpBase::HandlePropertyGet<(spinel_prop_key_t)99>()
 .text._ZN2ot3Ncp7NcpBase20HandlePropertyInsertIL17spinel_prop_key_t99EEE7otErrorv
                0x0000000000202ce4       0x5e ../../../src/ncp/libopenthread-ncp-ftd.a(libopenthread_ncp_ftd_a-ncp_base_mtd.o)
                0x0000000000202ce4                otError ot::Ncp::NcpBase::HandlePropertyInsert<(spinel_prop_key_t)99>()
 .text._ZN2ot3Ncp7NcpBase20HandlePropertyRemoveIL17spinel_prop_key_t99EEE7otErrorv
                0x0000000000202d42       0x24 ../../../src/ncp/libopenthread-ncp-ftd.a(libopenthread_ncp_ftd_a-ncp_base_mtd.o)
                0x0000000000202d42                otError ot::Ncp::NcpBase::HandlePropertyRemove<(spinel_prop_key_t)99>()
 .text._ZN2ot3Ncp7NcpBase17HandlePropertyGetIL17spinel_prop_key_t100EEE7otErrorv
                0x0000000000202d66        0x8 ../../../src/ncp/libopenthread-ncp-ftd.a(libopenthread_ncp_ftd_a-ncp_base_mtd.o)
                0x0000000000202d66                otError ot::Ncp::NcpBase::HandlePropertyGet<(spinel_prop_key_t)100>()
 .text._ZN2ot3Ncp7NcpBase17HandlePropertyGetIL17spinel_prop_key_t101EEE7otErrorv
                0x0000000000202d6e       0x1a ../../../src/ncp/libopenthread-ncp-ftd.a(libopenthread_ncp_ftd_a-ncp_base_mtd.o)
                0x0000000000202d6e                otError ot::Ncp::NcpBase::HandlePropertyGet<(spinel_prop_key_t)101>()
 .text._ZN2ot3Ncp7NcpBase17HandlePropertySetIL17spinel_prop_key_t101EEE7otErrorv
                0x0000000000202d88       0x2e ../../../src/ncp/libopenthread-ncp-ftd.a(libopenthread_ncp_ftd_a-ncp_base_mtd.o)
                0x0000000000202d88                otError ot::Ncp::NcpBase::HandlePropertySet<(spinel_prop_key_t)101>()
 .text._ZN2ot3Ncp7NcpBase17HandlePropertyGetIL17spinel_prop_key_t102EEE7otErrorv
                0x0000000000202db6       0x32 ../../../src/ncp/libopenthread-ncp-ftd.a(libopenthread_ncp_ftd_a-ncp_base_mtd.o)
                0x0000000000202db6                otError ot::Ncp::NcpBase::HandlePropertyGet<(spinel_prop_key_t)102>()
 .text._ZN2ot3Ncp7NcpBase20HandlePropertyInsertIL17spinel_prop_key_t102EEE7otErrorv
                0x0000000000202de8       0x24 ../../../src/ncp/libopenthread-ncp-ftd.a(libopenthread_ncp_ftd_a-ncp_base_mtd.o)
                0x0000000000202de8                otError ot::Ncp::NcpBase::HandlePropertyInsert<(spinel_prop_key_t)102>()
 .text._ZN2ot3Ncp7NcpBase20HandlePropertyRemoveIL17spinel_prop_key_t102EEE7otErrorv
                0x0000000000202e0c       0x24 ../../../src/ncp/libopenthread-ncp-ftd.a(libopenthread_ncp_ftd_a-ncp_base_mtd.o)
                0x0000000000202e0c                otError ot::Ncp::NcpBase::HandlePropertyRemove<(spinel_prop_key_t)102>()
 .text._ZN2ot3Ncp7NcpBase17HandlePropertyGetIL17spinel_prop_key_t103EEE7otErrorv
                0x0000000000202e30       0x28 ../../../src/ncp/libopenthread-ncp-ftd.a(libopenthread_ncp_ftd_a-ncp_base_mtd.o)
                0x0000000000202e30                otError ot::Ncp::NcpBase::HandlePropertyGet<(spinel_prop_key_t)103>()
 .text._ZN2ot3Ncp7NcpBase17HandlePropertySetIL17spinel_prop_key_t103EEE7otErrorv
                0x0000000000202e58       0x34 ../../../src/ncp/libopenthread-ncp-ftd.a(libopenthread_ncp_ftd_a-ncp_base_mtd.o)
                0x0000000000202e58                otError ot::Ncp::NcpBase::HandlePropertySet<(spinel_prop_key_t)103>()
 .text._ZN2ot3Ncp7NcpBase17HandlePropertyGetIL17spinel_prop_key_t5382EEE7otErrorv
                0x0000000000202e8c       0x1a ../../../src/ncp/libopenthread-ncp-ftd.a(libopenthread_ncp_ftd_a-ncp_base_mtd.o)
                0x0000000000202e8c                otError ot::Ncp::NcpBase::HandlePropertyGet<(spinel_prop_key_t)5382>()
 .text._ZN2ot3Ncp7NcpBase17HandlePropertySetIL17spinel_prop_key_t5382EEE7otErrorv
                0x0000000000202ea6       0x2a ../../../src/ncp/libopenthread-ncp-ftd.a(libopenthread_ncp_ftd_a-ncp_base_mtd.o)
                0x0000000000202ea6                otError ot::Ncp::NcpBase::HandlePropertySet<(spinel_prop_key_t)5382>()
 .text._ZN2ot3Ncp7NcpBase17HandlePropertyGetIL17spinel_prop_key_t91EEE7otErrorv
                0x0000000000202ed0       0xa8 ../../../src/ncp/libopenthread-ncp-ftd.a(libopenthread_ncp_ftd_a-ncp_base_mtd.o)
                0x0000000000202ed0                otError ot::Ncp::NcpBase::HandlePropertyGet<(spinel_prop_key_t)91>()
 .text._ZN2ot3Ncp7NcpBase17HandlePropertySetIL17spinel_prop_key_t114EEE7otErrorv
                0x0000000000202f78       0x68 ../../../src/ncp/libopenthread-ncp-ftd.a(libopenthread_ncp_ftd_a-ncp_base_mtd.o)
                0x0000000000202f78                otError ot::Ncp::NcpBase::HandlePropertySet<(spinel_prop_key_t)114>()
 .text._ZN2ot3Ncp7NcpBase17HandlePropertyGetIL17spinel_prop_key_t4873EEE7otErrorv
                0x0000000000202fe0       0x18 ../../../src/ncp/libopenthread-ncp-ftd.a(libopenthread_ncp_ftd_a-ncp_base_mtd.o)
                0x0000000000202fe0                otError ot::Ncp::NcpBase::HandlePropertyGet<(spinel_prop_key_t)4873>()
 .text._ZN2ot3Ncp7NcpBase17HandlePropertyGetIL17spinel_prop_key_t1281EEE7otErrorv
                0x0000000000202ff8       0x18 ../../../src/ncp/libopenthread-ncp-ftd.a(libopenthread_ncp_ftd_a-ncp_base_mtd.o)
                0x0000000000202ff8                otError ot::Ncp::NcpBase::HandlePropertyGet<(spinel_prop_key_t)1281>()
 .text._ZN2ot3Ncp7NcpBase17HandlePropertyGetIL17spinel_prop_key_t1282EEE7otErrorv
                0x0000000000203010       0x18 ../../../src/ncp/libopenthread-ncp-ftd.a(libopenthread_ncp_ftd_a-ncp_base_mtd.o)
                0x0000000000203010                otError ot::Ncp::NcpBase::HandlePropertyGet<(spinel_prop_key_t)1282>()
 .text._ZN2ot3Ncp7NcpBase17HandlePropertyGetIL17spinel_prop_key_t1283EEE7otErrorv
                0x0000000000203028       0x18 ../../../src/ncp/libopenthread-ncp-ftd.a(libopenthread_ncp_ftd_a-ncp_base_mtd.o)
                0x0000000000203028                otError ot::Ncp::NcpBase::HandlePropertyGet<(spinel_prop_key_t)1283>()
 .text._ZN2ot3Ncp7NcpBase17HandlePropertyGetIL17spinel_prop_key_t1284EEE7otErrorv
                0x0000000000203040       0x18 ../../../src/ncp/libopenthread-ncp-ftd.a(libopenthread_ncp_ftd_a-ncp_base_mtd.o)
                0x0000000000203040                otError ot::Ncp::NcpBase::HandlePropertyGet<(spinel_prop_key_t)1284>()
 .text._ZN2ot3Ncp7NcpBase17HandlePropertyGetIL17spinel_prop_key_t1285EEE7otErrorv
                0x0000000000203058       0x18 ../../../src/ncp/libopenthread-ncp-ftd.a(libopenthread_ncp_ftd_a-ncp_base_mtd.o)
                0x0000000000203058                otError ot::Ncp::NcpBase::HandlePropertyGet<(spinel_prop_key_t)1285>()
 .text._ZN2ot3Ncp7NcpBase17HandlePropertyGetIL17spinel_prop_key_t1286EEE7otErrorv
                0x0000000000203070       0x18 ../../../src/ncp/libopenthread-ncp-ftd.a(libopenthread_ncp_ftd_a-ncp_base_mtd.o)
                0x0000000000203070                otError ot::Ncp::NcpBase::HandlePropertyGet<(spinel_prop_key_t)1286>()
 .text._ZN2ot3Ncp7NcpBase17HandlePropertyGetIL17spinel_prop_key_t1287EEE7otErrorv
                0x0000000000203088       0x18 ../../../src/ncp/libopenthread-ncp-ftd.a(libopenthread_ncp_ftd_a-ncp_base_mtd.o)
                0x0000000000203088                otError ot::Ncp::NcpBase::HandlePropertyGet<(spinel_prop_key_t)1287>()
 .text._ZN2ot3Ncp7NcpBase17HandlePropertyGetIL17spinel_prop_key_t1288EEE7otErrorv
                0x00000000002030a0       0x18 ../../../src/ncp/libopenthread-ncp-ftd.a(libopenthread_ncp_ftd_a-ncp_base_mtd.o)
                0x00000000002030a0                otError ot::Ncp::NcpBase::HandlePropertyGet<(spinel_prop_key_t)1288>()
 .text._ZN2ot3Ncp7NcpBase17HandlePropertyGetIL17spinel_prop_key_t1289EEE7otErrorv
                0x00000000002030b8       0x18 ../../../src/ncp/libopenthread-ncp-ftd.a(libopenthread_ncp_ftd_a-ncp_base_mtd.o)
                0x00000000002030b8                otError ot::Ncp::NcpBase::HandlePropertyGet<(spinel_prop_key_t)1289>()
 .text._ZN2ot3Ncp7NcpBase17HandlePropertyGetIL17spinel_prop_key_t1290EEE7otErrorv
                0x00000000002030d0       0x18 ../../../src/ncp/libopenthread-ncp-ftd.a(libopenthread_ncp_ftd_a-ncp_base_mtd.o)
                0x00000000002030d0                otError ot::Ncp::NcpBase::HandlePropertyGet<(spinel_prop_key_t)1290>()
 .text._ZN2ot3Ncp7NcpBase17HandlePropertyGetIL17spinel_prop_key_t1291EEE7otErrorv
                0x00000000002030e8       0x18 ../../../src/ncp/libopenthread-ncp-ftd.a(libopenthread_ncp_ftd_a-ncp_base_mtd.o)
                0x00000000002030e8                otError ot::Ncp::NcpBase::HandlePropertyGet<(spinel_prop_key_t)1291>()
 .text._ZN2ot3Ncp7NcpBase17HandlePropertyGetIL17spinel_prop_key_t1292EEE7otErrorv
                0x0000000000203100       0x18 ../../../src/ncp/libopenthread-ncp-ftd.a(libopenthread_ncp_ftd_a-ncp_base_mtd.o)
                0x0000000000203100                otError ot::Ncp::NcpBase::HandlePropertyGet<(spinel_prop_key_t)1292>()
 .text._ZN2ot3Ncp7NcpBase17HandlePropertyGetIL17spinel_prop_key_t1293EEE7otErrorv
                0x0000000000203118       0x18 ../../../src/ncp/libopenthread-ncp-ftd.a(libopenthread_ncp_ftd_a-ncp_base_mtd.o)
                0x0000000000203118                otError ot::Ncp::NcpBase::HandlePropertyGet<(spinel_prop_key_t)1293>()
 .text._ZN2ot3Ncp7NcpBase17HandlePropertyGetIL17spinel_prop_key_t1294EEE7otErrorv
                0x0000000000203130       0x18 ../../../src/ncp/libopenthread-ncp-ftd.a(libopenthread_ncp_ftd_a-ncp_base_mtd.o)
                0x0000000000203130                otError ot::Ncp::NcpBase::HandlePropertyGet<(spinel_prop_key_t)1294>()
 .text._ZN2ot3Ncp7NcpBase17HandlePropertyGetIL17spinel_prop_key_t1380EEE7otErrorv
                0x0000000000203148       0x18 ../../../src/ncp/libopenthread-ncp-ftd.a(libopenthread_ncp_ftd_a-ncp_base_mtd.o)
                0x0000000000203148                otError ot::Ncp::NcpBase::HandlePropertyGet<(spinel_prop_key_t)1380>()
 .text._ZN2ot3Ncp7NcpBase17HandlePropertyGetIL17spinel_prop_key_t1381EEE7otErrorv
                0x0000000000203160       0x18 ../../../src/ncp/libopenthread-ncp-ftd.a(libopenthread_ncp_ftd_a-ncp_base_mtd.o)
                0x0000000000203160                otError ot::Ncp::NcpBase::HandlePropertyGet<(spinel_prop_key_t)1381>()
 .text._ZN2ot3Ncp7NcpBase17HandlePropertyGetIL17spinel_prop_key_t1382EEE7otErrorv
                0x0000000000203178       0x18 ../../../src/ncp/libopenthread-ncp-ftd.a(libopenthread_ncp_ftd_a-ncp_base_mtd.o)
                0x0000000000203178                otError ot::Ncp::NcpBase::HandlePropertyGet<(spinel_prop_key_t)1382>()
 .text._ZN2ot3Ncp7NcpBase17HandlePropertyGetIL17spinel_prop_key_t1383EEE7otErrorv
                0x0000000000203190       0x18 ../../../src/ncp/libopenthread-ncp-ftd.a(libopenthread_ncp_ftd_a-ncp_base_mtd.o)
                0x0000000000203190                otError ot::Ncp::NcpBase::HandlePropertyGet<(spinel_prop_key_t)1383>()
 .text._ZN2ot3Ncp7NcpBase17HandlePropertyGetIL17spinel_prop_key_t1384EEE7otErrorv
                0x00000000002031a8       0x18 ../../../src/ncp/libopenthread-ncp-ftd.a(libopenthread_ncp_ftd_a-ncp_base_mtd.o)
                0x00000000002031a8                otError ot::Ncp::NcpBase::HandlePropertyGet<(spinel_prop_key_t)1384>()
 .text._ZN2ot3Ncp7NcpBase17HandlePropertyGetIL17spinel_prop_key_t1385EEE7otErrorv
                0x00000000002031c0       0x18 ../../../src/ncp/libopenthread-ncp-ftd.a(libopenthread_ncp_ftd_a-ncp_base_mtd.o)
                0x00000000002031c0                otError ot::Ncp::NcpBase::HandlePropertyGet<(spinel_prop_key_t)1385>()
 .text._ZN2ot3Ncp7NcpBase17HandlePropertyGetIL17spinel_prop_key_t1386EEE7otErrorv
                0x00000000002031d8       0x18 ../../../src/ncp/libopenthread-ncp-ftd.a(libopenthread_ncp_ftd_a-ncp_base_mtd.o)
                0x00000000002031d8                otError ot::Ncp::NcpBase::HandlePropertyGet<(spinel_prop_key_t)1386>()
 .text._ZN2ot3Ncp7NcpBase17HandlePropertyGetIL17spinel_prop_key_t1387EEE7otErrorv
                0x00000000002031f0       0x18 ../../../src/ncp/libopenthread-ncp-ftd.a(libopenthread_ncp_ftd_a-ncp_base_mtd.o)
                0x00000000002031f0                otError ot::Ncp::NcpBase::HandlePropertyGet<(spinel_prop_key_t)1387>()
 .text._ZN2ot3Ncp7NcpBase17HandlePropertyGetIL17spinel_prop_key_t1394EEE7otErrorv
                0x0000000000203208       0x18 ../../../src/ncp/libopenthread-ncp-ftd.a(libopenthread_ncp_ftd_a-ncp_base_mtd.o)
                0x0000000000203208                otError ot::Ncp::NcpBase::HandlePropertyGet<(spinel_prop_key_t)1394>()
 .text._ZN2ot3Ncp7NcpBase17HandlePropertyGetIL17spinel_prop_key_t1395EEE7otErrorv
                0x0000000000203220       0x18 ../../../src/ncp/libopenthread-ncp-ftd.a(libopenthread_ncp_ftd_a-ncp_base_mtd.o)
                0x0000000000203220                otError ot::Ncp::NcpBase::HandlePropertyGet<(spinel_prop_key_t)1395>()
 .text._ZN2ot3Ncp7NcpBase17HandlePropertyGetIL17spinel_prop_key_t1396EEE7otErrorv
                0x0000000000203238       0x18 ../../../src/ncp/libopenthread-ncp-ftd.a(libopenthread_ncp_ftd_a-ncp_base_mtd.o)
                0x0000000000203238                otError ot::Ncp::NcpBase::HandlePropertyGet<(spinel_prop_key_t)1396>()
 .text._ZN2ot3Ncp7NcpBase17HandlePropertyGetIL17spinel_prop_key_t1388EEE7otErrorv
                0x0000000000203250       0x18 ../../../src/ncp/libopenthread-ncp-ftd.a(libopenthread_ncp_ftd_a-ncp_base_mtd.o)
                0x0000000000203250                otError ot::Ncp::NcpBase::HandlePropertyGet<(spinel_prop_key_t)1388>()
 .text._ZN2ot3Ncp7NcpBase17HandlePropertyGetIL17spinel_prop_key_t1389EEE7otErrorv
                0x0000000000203268       0x18 ../../../src/ncp/libopenthread-ncp-ftd.a(libopenthread_ncp_ftd_a-ncp_base_mtd.o)
                0x0000000000203268                otError ot::Ncp::NcpBase::HandlePropertyGet<(spinel_prop_key_t)1389>()
 .text._ZN2ot3Ncp7NcpBase17HandlePropertyGetIL17spinel_prop_key_t1390EEE7otErrorv
                0x0000000000203280       0x18 ../../../src/ncp/libopenthread-ncp-ftd.a(libopenthread_ncp_ftd_a-ncp_base_mtd.o)
                0x0000000000203280                otError ot::Ncp::NcpBase::HandlePropertyGet<(spinel_prop_key_t)1390>()
 .text._ZN2ot3Ncp7NcpBase17HandlePropertyGetIL17spinel_prop_key_t1391EEE7otErrorv
                0x0000000000203298       0x18 ../../../src/ncp/libopenthread-ncp-ftd.a(libopenthread_ncp_ftd_a-ncp_base_mtd.o)
                0x0000000000203298                otError ot::Ncp::NcpBase::HandlePropertyGet<(spinel_prop_key_t)1391>()
 .text._ZN2ot3Ncp7NcpBase17HandlePropertyGetIL17spinel_prop_key_t1392EEE7otErrorv
                0x00000000002032b0       0x18 ../../../src/ncp/libopenthread-ncp-ftd.a(libopenthread_ncp_ftd_a-ncp_base_mtd.o)
                0x00000000002032b0                otError ot::Ncp::NcpBase::HandlePropertyGet<(spinel_prop_key_t)1392>()
 .text._ZN2ot3Ncp7NcpBase17HandlePropertyGetIL17spinel_prop_key_t1393EEE7otErrorv
                0x00000000002032c8       0x18 ../../../src/ncp/libopenthread-ncp-ftd.a(libopenthread_ncp_ftd_a-ncp_base_mtd.o)
                0x00000000002032c8                otError ot::Ncp::NcpBase::HandlePropertyGet<(spinel_prop_key_t)1393>()
 .text._ZN2ot3Ncp7NcpBase17HandlePropertyGetIL17spinel_prop_key_t1480EEE7otErrorv
                0x00000000002032e0        0xa ../../../src/ncp/libopenthread-ncp-ftd.a(libopenthread_ncp_ftd_a-ncp_base_mtd.o)
                0x00000000002032e0                otError ot::Ncp::NcpBase::HandlePropertyGet<(spinel_prop_key_t)1480>()
 .text._ZN2ot3Ncp7NcpBase17HandlePropertyGetIL17spinel_prop_key_t1481EEE7otErrorv
                0x00000000002032ea        0xa ../../../src/ncp/libopenthread-ncp-ftd.a(libopenthread_ncp_ftd_a-ncp_base_mtd.o)
                0x00000000002032ea                otError ot::Ncp::NcpBase::HandlePropertyGet<(spinel_prop_key_t)1481>()
 .text._ZN2ot3Ncp7NcpBase17HandlePropertyGetIL17spinel_prop_key_t1482EEE7otErrorv
                0x00000000002032f4        0xa ../../../src/ncp/libopenthread-ncp-ftd.a(libopenthread_ncp_ftd_a-ncp_base_mtd.o)
                0x00000000002032f4                otError ot::Ncp::NcpBase::HandlePropertyGet<(spinel_prop_key_t)1482>()
 .text._ZN2ot3Ncp7NcpBase17HandlePropertyGetIL17spinel_prop_key_t1483EEE7otErrorv
                0x00000000002032fe        0xa ../../../src/ncp/libopenthread-ncp-ftd.a(libopenthread_ncp_ftd_a-ncp_base_mtd.o)
                0x00000000002032fe                otError ot::Ncp::NcpBase::HandlePropertyGet<(spinel_prop_key_t)1483>()
 .text._ZN2ot3Ncp7NcpBase17HandlePropertyGetIL17spinel_prop_key_t1484EEE7otErrorv
                0x0000000000203308        0xa ../../../src/ncp/libopenthread-ncp-ftd.a(libopenthread_ncp_ftd_a-ncp_base_mtd.o)
                0x0000000000203308                otError ot::Ncp::NcpBase::HandlePropertyGet<(spinel_prop_key_t)1484>()
 .text._ZN2ot3Ncp7NcpBase17HandlePropertyGetIL17spinel_prop_key_t1485EEE7otErrorv
                0x0000000000203312        0xa ../../../src/ncp/libopenthread-ncp-ftd.a(libopenthread_ncp_ftd_a-ncp_base_mtd.o)
                0x0000000000203312                otError ot::Ncp::NcpBase::HandlePropertyGet<(spinel_prop_key_t)1485>()
 .text._ZN2ot3Ncp7NcpBase17HandlePropertyGetIL17spinel_prop_key_t1580EEE7otErrorv
                0x000000000020331c        0xa ../../../src/ncp/libopenthread-ncp-ftd.a(libopenthread_ncp_ftd_a-ncp_base_mtd.o)
                0x000000000020331c                otError ot::Ncp::NcpBase::HandlePropertyGet<(spinel_prop_key_t)1580>()
 .text._ZN2ot3Ncp7NcpBase17HandlePropertyGetIL17spinel_prop_key_t1581EEE7otErrorv
                0x0000000000203326        0xa ../../../src/ncp/libopenthread-ncp-ftd.a(libopenthread_ncp_ftd_a-ncp_base_mtd.o)
                0x0000000000203326                otError ot::Ncp::NcpBase::HandlePropertyGet<(spinel_prop_key_t)1581>()
 .text._ZN2ot3Ncp7NcpBase17HandlePropertyGetIL17spinel_prop_key_t1582EEE7otErrorv
                0x0000000000203330        0xa ../../../src/ncp/libopenthread-ncp-ftd.a(libopenthread_ncp_ftd_a-ncp_base_mtd.o)
                0x0000000000203330                otError ot::Ncp::NcpBase::HandlePropertyGet<(spinel_prop_key_t)1582>()
 .text._ZN2ot3Ncp7NcpBase17HandlePropertyGetIL17spinel_prop_key_t1584EEE7otErrorv
                0x000000000020333a       0x18 ../../../src/ncp/libopenthread-ncp-ftd.a(libopenthread_ncp_ftd_a-ncp_base_mtd.o)
                0x000000000020333a                otError ot::Ncp::NcpBase::HandlePropertyGet<(spinel_prop_key_t)1584>()
 .text._ZN2ot3Ncp7NcpBase17HandlePropertyGetIL17spinel_prop_key_t1585EEE7otErrorv
                0x0000000000203352       0x18 ../../../src/ncp/libopenthread-ncp-ftd.a(libopenthread_ncp_ftd_a-ncp_base_mtd.o)
                0x0000000000203352                otError ot::Ncp::NcpBase::HandlePropertyGet<(spinel_prop_key_t)1585>()
 .text._ZN2ot3Ncp7NcpBase17HandlePropertyGetIL17spinel_prop_key_t1586EEE7otErrorv
                0x000000000020336a       0x18 ../../../src/ncp/libopenthread-ncp-ftd.a(libopenthread_ncp_ftd_a-ncp_base_mtd.o)
                0x000000000020336a                otError ot::Ncp::NcpBase::HandlePropertyGet<(spinel_prop_key_t)1586>()
 .text._ZN2ot3Ncp7NcpBase17HandlePropertyGetIL17spinel_prop_key_t1587EEE7otErrorv
                0x0000000000203382       0x18 ../../../src/ncp/libopenthread-ncp-ftd.a(libopenthread_ncp_ftd_a-ncp_base_mtd.o)
                0x0000000000203382                otError ot::Ncp::NcpBase::HandlePropertyGet<(spinel_prop_key_t)1587>()
 .text._ZN2ot3Ncp7NcpBase17HandlePropertyGetIL17spinel_prop_key_t1680EEE7otErrorv
                0x000000000020339a       0xde ../../../src/ncp/libopenthread-ncp-ftd.a(libopenthread_ncp_ftd_a-ncp_base_mtd.o)
                0x000000000020339a                otError ot::Ncp::NcpBase::HandlePropertyGet<(spinel_prop_key_t)1680>()
 .text._ZN2ot3Ncp7NcpBase17HandlePropertyGetIL17spinel_prop_key_t1681EEE7otErrorv
                0x0000000000203478      0x1ca ../../../src/ncp/libopenthread-ncp-ftd.a(libopenthread_ncp_ftd_a-ncp_base_mtd.o)
                0x0000000000203478                otError ot::Ncp::NcpBase::HandlePropertyGet<(spinel_prop_key_t)1681>()
 .text._ZN2ot3Ncp7NcpBase17HandlePropertyGetIL17spinel_prop_key_t1682EEE7otErrorv
                0x0000000000203642       0x7a ../../../src/ncp/libopenthread-ncp-ftd.a(libopenthread_ncp_ftd_a-ncp_base_mtd.o)
                0x0000000000203642                otError ot::Ncp::NcpBase::HandlePropertyGet<(spinel_prop_key_t)1682>()
 .text._ZN2ot3Ncp7NcpBase17HandlePropertyGetIL17spinel_prop_key_t94EEE7otErrorv
                0x00000000002036bc       0x2a ../../../src/ncp/libopenthread-ncp-ftd.a(libopenthread_ncp_ftd_a-ncp_base_mtd.o)
                0x00000000002036bc                otError ot::Ncp::NcpBase::HandlePropertyGet<(spinel_prop_key_t)94>()
 .text._ZN2ot3Ncp7NcpBase17HandlePropertySetIL17spinel_prop_key_t94EEE7otErrorv
                0x00000000002036e6       0x46 ../../../src/ncp/libopenthread-ncp-ftd.a(libopenthread_ncp_ftd_a-ncp_base_mtd.o)
                0x00000000002036e6                otError ot::Ncp::NcpBase::HandlePropertySet<(spinel_prop_key_t)94>()
 .text._ZN2ot3Ncp7NcpBase17HandlePropertyGetIL17spinel_prop_key_t5376EEE7otErrorv
                0x000000000020372c       0x18 ../../../src/ncp/libopenthread-ncp-ftd.a(libopenthread_ncp_ftd_a-ncp_base_mtd.o)
                0x000000000020372c                otError ot::Ncp::NcpBase::HandlePropertyGet<(spinel_prop_key_t)5376>()
 .text._ZN2ot3Ncp7NcpBase17HandlePropertySetIL17spinel_prop_key_t5376EEE7otErrorv
                0x0000000000203744       0x24 ../../../src/ncp/libopenthread-ncp-ftd.a(libopenthread_ncp_ftd_a-ncp_base_mtd.o)
                0x0000000000203744                otError ot::Ncp::NcpBase::HandlePropertySet<(spinel_prop_key_t)5376>()
 .text._ZN2ot3Ncp7NcpBase17HandlePropertyGetIL17spinel_prop_key_t5377EEE7otErrorv
                0x0000000000203768       0x18 ../../../src/ncp/libopenthread-ncp-ftd.a(libopenthread_ncp_ftd_a-ncp_base_mtd.o)
                0x0000000000203768                otError ot::Ncp::NcpBase::HandlePropertyGet<(spinel_prop_key_t)5377>()
 .text._ZN2ot3Ncp7NcpBase17HandlePropertyGetIL17spinel_prop_key_t73EEE7otErrorv
                0x0000000000203780        0xa ../../../src/ncp/libopenthread-ncp-ftd.a(libopenthread_ncp_ftd_a-ncp_base_mtd.o)
                0x0000000000203780                otError ot::Ncp::NcpBase::HandlePropertyGet<(spinel_prop_key_t)73>()
 .text._ZN2ot3Ncp7NcpBase17HandlePropertySetIL17spinel_prop_key_t73EEE7otErrorv
                0x000000000020378a        0xa ../../../src/ncp/libopenthread-ncp-ftd.a(libopenthread_ncp_ftd_a-ncp_base_mtd.o)
                0x000000000020378a                otError ot::Ncp::NcpBase::HandlePropertySet<(spinel_prop_key_t)73>()
 .text._ZN2ot3Ncp7NcpBase17HandlePropertySetIL17spinel_prop_key_t115EEE7otErrorv
                0x0000000000203794       0x80 ../../../src/ncp/libopenthread-ncp-ftd.a(libopenthread_ncp_ftd_a-ncp_base_mtd.o)
                0x0000000000203794                otError ot::Ncp::NcpBase::HandlePropertySet<(spinel_prop_key_t)115>()
 .text._ZN2ot3Ncp7NcpBase17HandlePropertySetIL17spinel_prop_key_t1280EEE7otErrorv
                0x0000000000203814       0x24 ../../../src/ncp/libopenthread-ncp-ftd.a(libopenthread_ncp_ftd_a-ncp_base_mtd.o)
                0x0000000000203814                otError ot::Ncp::NcpBase::HandlePropertySet<(spinel_prop_key_t)1280>()
 .text._ZN2ot3Ncp7NcpBase20HandlePropertyInsertIL17spinel_prop_key_t92EEE7otErrorv
                0x0000000000203838       0x1e ../../../src/ncp/libopenthread-ncp-ftd.a(libopenthread_ncp_ftd_a-ncp_base_mtd.o)
                0x0000000000203838                otError ot::Ncp::NcpBase::HandlePropertyInsert<(spinel_prop_key_t)92>()
 .text._ZN2ot3Ncp7NcpBase20HandlePropertyRemoveIL17spinel_prop_key_t92EEE7otErrorv
                0x0000000000203856       0x26 ../../../src/ncp/libopenthread-ncp-ftd.a(libopenthread_ncp_ftd_a-ncp_base_mtd.o)
                0x0000000000203856                otError ot::Ncp::NcpBase::HandlePropertyRemove<(spinel_prop_key_t)92>()
 .text._ZN2ot3Ncp7NcpBase22HandleActiveScanResultEP18otActiveScanResult
                0x000000000020387c      0x114 ../../../src/ncp/libopenthread-ncp-ftd.a(libopenthread_ncp_ftd_a-ncp_base_mtd.o)
                0x000000000020387c                ot::Ncp::NcpBase::HandleActiveScanResult(otActiveScanResult*)
 .text._ZN2ot3Ncp7NcpBase27HandleActiveScanResult_JumpEP18otActiveScanResultPv
                0x0000000000203990        0xa ../../../src/ncp/libopenthread-ncp-ftd.a(libopenthread_ncp_ftd_a-ncp_base_mtd.o)
                0x0000000000203990                ot::Ncp::NcpBase::HandleActiveScanResult_Jump(otActiveScanResult*, void*)
 .text._ZN2ot3Ncp7NcpBase22HandleEnergyScanResultEP18otEnergyScanResult
                0x000000000020399a       0x5c ../../../src/ncp/libopenthread-ncp-ftd.a(libopenthread_ncp_ftd_a-ncp_base_mtd.o)
                0x000000000020399a                ot::Ncp::NcpBase::HandleEnergyScanResult(otEnergyScanResult*)
 .text._ZN2ot3Ncp7NcpBase27HandleEnergyScanResult_JumpEP18otEnergyScanResultPv
                0x00000000002039f6        0xa ../../../src/ncp/libopenthread-ncp-ftd.a(libopenthread_ncp_ftd_a-ncp_base_mtd.o)
                0x00000000002039f6                ot::Ncp::NcpBase::HandleEnergyScanResult_Jump(otEnergyScanResult*, void*)
 .text._ZN2ot3Ncp7NcpBase19SendDatagramMessageEP9otMessage
                0x0000000000203a00       0x62 ../../../src/ncp/libopenthread-ncp-ftd.a(libopenthread_ncp_ftd_a-ncp_base_mtd.o)
                0x0000000000203a00                ot::Ncp::NcpBase::SendDatagramMessage(otMessage*)
 .text._ZN2ot3Ncp7NcpBase26SendQueuedDatagramMessagesEv
                0x0000000000203a62       0x38 ../../../src/ncp/libopenthread-ncp-ftd.a(libopenthread_ncp_ftd_a-ncp_base_mtd.o)
                0x0000000000203a62                ot::Ncp::NcpBase::SendQueuedDatagramMessages()
 .text._ZN2ot3Ncp7NcpBase23HandleDatagramFromStackEP9otMessage
                0x0000000000203a9a       0x28 ../../../src/ncp/libopenthread-ncp-ftd.a(libopenthread_ncp_ftd_a-ncp_base_mtd.o)
                0x0000000000203a9a                ot::Ncp::NcpBase::HandleDatagramFromStack(otMessage*)
 .text._ZN2ot3Ncp7NcpBase23HandleDatagramFromStackEP9otMessagePv
                0x0000000000203ac2        0xa ../../../src/ncp/libopenthread-ncp-ftd.a(libopenthread_ncp_ftd_a-ncp_base_mtd.o)
                0x0000000000203ac2                ot::Ncp::NcpBase::HandleDatagramFromStack(otMessage*, void*)
 .text._ZN2ot3Ncp7NcpBase15HandlePcapFrameEPK12otRadioFrameb
                0x0000000000203acc       0x84 ../../../src/ncp/libopenthread-ncp-ftd.a(libopenthread_ncp_ftd_a-ncp_base_mtd.o)
                0x0000000000203acc                ot::Ncp::NcpBase::HandlePcapFrame(otRadioFrame const*, bool)
 .text._ZN2ot3Ncp7NcpBase15HandlePcapFrameEPK12otRadioFramebPv
                0x0000000000203b50        0xc ../../../src/ncp/libopenthread-ncp-ftd.a(libopenthread_ncp_ftd_a-ncp_base_mtd.o)
                0x0000000000203b50                ot::Ncp::NcpBase::HandlePcapFrame(otRadioFrame const*, bool, void*)
 .text._ZN2ot3Ncp7NcpBase17HandlePropertyGetIL17spinel_prop_key_t40EEE7otErrorv
                0x0000000000203b5c        0xa ../../../src/ncp/libopenthread-ncp-ftd.a(libopenthread_ncp_ftd_a-ncp_base_mtd.o)
                0x0000000000203b5c                otError ot::Ncp::NcpBase::HandlePropertyGet<(spinel_prop_key_t)40>()
 *fill*         0x0000000000203b66        0x2 00000000
 .text._ZN2ot3Ncp7NcpBase17HandlePropertySetIL17spinel_prop_key_t40EEE7otErrorv
                0x0000000000203b68       0x40 ../../../src/ncp/libopenthread-ncp-ftd.a(libopenthread_ncp_ftd_a-ncp_base_mtd.o)
                0x0000000000203b68                otError ot::Ncp::NcpBase::HandlePropertySet<(spinel_prop_key_t)40>()
 .text._ZN2ot3Ncp7NcpBase18HandleStateChangedEmPv
                0x0000000000203ba8       0x12 ../../../src/ncp/libopenthread-ncp-ftd.a(libopenthread_ncp_ftd_a-ncp_base_mtd.o)
                0x0000000000203ba8                ot::Ncp::NcpBase::HandleStateChanged(unsigned long, void*)
 *fill*         0x0000000000203bba        0x2 00000000
 .text._ZN2ot3Ncp7NcpBase25ProcessThreadChangedFlagsEv
                0x0000000000203bbc       0xe0 ../../../src/ncp/libopenthread-ncp-ftd.a(libopenthread_ncp_ftd_a-ncp_base_mtd.o)
                0x0000000000203bbc                ot::Ncp::NcpBase::ProcessThreadChangedFlags()
 .text._ZN2ot3Ncp7NcpBase22FindGetPropertyHandlerE17spinel_prop_key_t
                0x0000000000203c9c      0xb60 ../../../src/ncp/libopenthread-ncp-ftd.a(libopenthread_ncp_ftd_a-ncp_base_dispatcher.o)
                0x0000000000203c9c                ot::Ncp::NcpBase::FindGetPropertyHandler(spinel_prop_key_t)
 .text._ZN2ot3Ncp7NcpBase22FindSetPropertyHandlerE17spinel_prop_key_t
                0x00000000002047fc      0x350 ../../../src/ncp/libopenthread-ncp-ftd.a(libopenthread_ncp_ftd_a-ncp_base_dispatcher.o)
                0x00000000002047fc                ot::Ncp::NcpBase::FindSetPropertyHandler(spinel_prop_key_t)
 .text._ZN2ot3Ncp7NcpBase25FindInsertPropertyHandlerE17spinel_prop_key_t
                0x0000000000204b4c       0x44 ../../../src/ncp/libopenthread-ncp-ftd.a(libopenthread_ncp_ftd_a-ncp_base_dispatcher.o)
                0x0000000000204b4c                ot::Ncp::NcpBase::FindInsertPropertyHandler(spinel_prop_key_t)
 .text._ZN2ot3Ncp7NcpBase25FindRemovePropertyHandlerE17spinel_prop_key_t
                0x0000000000204b90       0x54 ../../../src/ncp/libopenthread-ncp-ftd.a(libopenthread_ncp_ftd_a-ncp_base_dispatcher.o)
                0x0000000000204b90                ot::Ncp::NcpBase::FindRemovePropertyHandler(spinel_prop_key_t)
 .text._ZN2ot3Ncp14NcpFrameBuffer5ClearEv